<html>
<body>
<pre>
<h1>µVision Build Log</h1>
<h2>Tool Versions:</h2>
IDE-Version: £gVision V5.24.2.0
Copyright (C) 2017 ARM Ltd and ARM Germany GmbH. All rights reserved.
License Information: lab bill, ntust, LIC=----
 
Tool Versions:
Toolchain:       MDK-Lite  Version: 5.24.1
Toolchain Path:  D:\ARM\ARMCC\Bin
C Compiler:      Armcc.exe V5.06 update 5 (build 528)
Assembler:       Armasm.exe V5.06 update 5 (build 528)
Linker/Locator:  ArmLink.exe V5.06 update 5 (build 528)
Library Manager: ArmAr.exe V5.06 update 5 (build 528)
Hex Converter:   FromElf.exe V5.06 update 5 (build 528)
CPU DLL:         SARMCM3.DLL V5.24.1
Dialog DLL:      DCM.DLL V1.16.0.0
Target DLL:      Segger\JL2CM3.dll V2.99.26.0
Dialog DLL:      TCM.DLL V1.32.0.0
 
<h2>Project:</h2>
D:\ARM\PACK\MediaTek\MTx\4.6.1\project\linkit7697_hdk\hal_examples\_test_ADC_myoware\MDK-ARM\adc_get_data_polling.uvprojx
Project File Date:  07/05/2019

<h2>Output:</h2>
*** Using Compiler 'V5.06 update 5 (build 528)', folder: 'D:\ARM\ARMCC\Bin'
Rebuild target 'Target 1'
compiling hal_misc.c...
compiling hal_gpio.c...
compiling hal_pinmux.c...
compiling hal_gpio_7687.c...
compiling top.c...
compiling dma.c...
compiling main.c...
compiling pinmux.c...
compiling nvic.c...
compiling low_hal_gpio.c...
compiling hal_log.c...
compiling uart.c...
compiling hal_uart.c...
compiling hal_adc.c...
compiling timer.c...
compiling hal_gpt.c...
compiling gpt.c...
compiling hal_cache.c...
compiling hal_cache_internal.c...
compiling hal_nvic_internal.c...
compiling hal_nvic.c...
compiling flash_sfc.c...
compiling hal_flash.c...
assembling startup_mt7687.s...
compiling sfc.c...
compiling spi_flash.c...
compiling hal_i2c_master.c...
compiling i2c.c...
compiling hal_I2C.c...
compiling system_mt7687.c...
linking...
Program Size: Code=15496 RO-data=1588 RW-data=200 ZI-data=4120  
After Build - User command #1: fromelf.exe --bin -o ..\..\..\..\..\out_keil\linkit7697_hdk\adc_get_data_polling\Objects\adc_get_data_polling.bin ..\..\..\..\..\out_keil\linkit7697_hdk\adc_get_data_polling\Objects\adc_get_data_polling.axf
After Build - User command #2: fromelf.exe -c -o ..\..\..\..\..\out_keil\linkit7697_hdk\adc_get_data_polling\Objects\adc_get_data_polling.dis ..\..\..\..\..\out_keil\linkit7697_hdk\adc_get_data_polling\Objects\adc_get_data_polling.axf
"..\..\..\..\..\out_keil\linkit7697_hdk\adc_get_data_polling\Objects\adc_get_data_polling.axf" - 0 Error(s), 0 Warning(s).

<h2>Software Packages used:</h2>

Package Vendor: MediaTek
                http://download.labs.mediatek.com/MediaTek.MTx.4.6.1.pack
                MediaTek.MTx.4.6.1
                MediaTek ARM Cortex-M4 Device Family Pack

<h2>Collection of Component include folders:</h2>
  .\RTE\_Target_1
  D:\ARM\PACK\MediaTek\MTx\4.6.1\driver\CMSIS\Device\MTK\mt7687\Include

<h2>Collection of Component Files used:</h2>
Build Time Elapsed:  00:00:13
</pre>
</body>
</html>
