Component: ARM Compiler 5.06 update 5 (build 528) Tool: armlink [4d35e2]

==============================================================================

Section Cross References

    main.o(i.MPU_READ) refers to hal_i2c_master.o(i.hal_i2c_master_send_polling) for hal_i2c_master_send_polling
    main.o(i.MPU_READ) refers to hal_i2c_master.o(i.hal_i2c_master_receive_polling) for hal_i2c_master_receive_polling
    main.o(i.MPU_READ) refers to dflti.o(.text) for __aeabi_i2d
    main.o(i.MPU_READ) refers to ddiv.o(.text) for __aeabi_ddiv
    main.o(i.MPU_READ) refers to d2f.o(.text) for __aeabi_d2f
    main.o(i.MPU_READ) refers to dmul.o(.text) for __aeabi_dmul
    main.o(i.MPU_READ) refers to f2d.o(.text) for __aeabi_f2d
    main.o(i.MPU_READ) refers to sqrt.o(i.__hardfp_sqrt) for __hardfp_sqrt
    main.o(i.MPU_READ) refers to atan.o(i.__hardfp_atan) for __hardfp_atan
    main.o(i.MPU_init) refers to main.o(i.i2c_send) for i2c_send
    main.o(i.MPU_init) refers to hal_gpt.o(i.hal_gpt_delay_ms) for hal_gpt_delay_ms
    main.o(i.fputc) refers to hal_uart.o(i.hal_uart_put_char) for hal_uart_put_char
    main.o(i.i2c_send) refers to hal_i2c_master.o(i.hal_i2c_master_send_polling) for hal_i2c_master_send_polling
    main.o(i.main) refers to hal_gpt.o(i.hal_gpt_delay_ms) for hal_gpt_delay_ms
    main.o(i.main) refers to top.o(i.top_xtal_init) for top_xtal_init
    main.o(i.main) refers to hal_gpio.o(i.hal_pinmux_set_function) for hal_pinmux_set_function
    main.o(i.main) refers to hal_uart.o(i.hal_uart_init) for hal_uart_init
    main.o(i.main) refers to hal_gpio.o(i.hal_gpio_init) for hal_gpio_init
    main.o(i.main) refers to hal_i2c_master.o(i.hal_i2c_master_init) for hal_i2c_master_init
    main.o(i.main) refers to main.o(i.MPU_init) for MPU_init
    main.o(i.main) refers to hal_adc.o(i.hal_adc_init) for hal_adc_init
    main.o(i.main) refers to hal_gpio.o(i.hal_gpio_set_direction) for hal_gpio_set_direction
    main.o(i.main) refers to printfa.o(i.__0printf) for __2printf
    main.o(i.main) refers to memseta.o(.text) for __aeabi_memclr4
    main.o(i.main) refers to hal_gpio.o(i.hal_gpio_get_input) for hal_gpio_get_input
    main.o(i.main) refers to hal_adc.o(i.hal_adc_get_data_polling) for hal_adc_get_data_polling
    main.o(i.main) refers to main.o(i.MPU_READ) for MPU_READ
    top.o(i.cmnCpuClkConfigureTo160M) refers to top.o(i.cmnPLL1ON_PLL2ON) for cmnPLL1ON_PLL2ON
    top.o(i.cmnCpuClkConfigureTo160M) refers to system_mt7687.o(i.SystemCoreClockUpdate) for SystemCoreClockUpdate
    top.o(i.cmnCpuClkConfigureTo160M) refers to system_mt7687.o(i.SysTick_Set) for SysTick_Set
    top.o(i.cmnCpuClkConfigureTo160M) refers to top.o(.data) for .data
    top.o(i.cmnCpuClkConfigureTo160M) refers to system_mt7687.o(.data) for SystemCoreClock
    top.o(i.cmnCpuClkConfigureTo192M) refers to top.o(i.cmnPLL1ON_PLL2ON) for cmnPLL1ON_PLL2ON
    top.o(i.cmnCpuClkConfigureTo192M) refers to system_mt7687.o(i.SystemCoreClockUpdate) for SystemCoreClockUpdate
    top.o(i.cmnCpuClkConfigureTo192M) refers to system_mt7687.o(i.SysTick_Set) for SysTick_Set
    top.o(i.cmnCpuClkConfigureTo192M) refers to top.o(.data) for .data
    top.o(i.cmnCpuClkConfigureTo192M) refers to system_mt7687.o(.data) for SystemCoreClock
    top.o(i.cmnCpuClkConfigureTo64M) refers to top.o(i.cmnPLL1ON) for cmnPLL1ON
    top.o(i.cmnCpuClkConfigureTo64M) refers to system_mt7687.o(i.SystemCoreClockUpdate) for SystemCoreClockUpdate
    top.o(i.cmnCpuClkConfigureTo64M) refers to system_mt7687.o(i.SysTick_Set) for SysTick_Set
    top.o(i.cmnCpuClkConfigureTo64M) refers to top.o(.data) for .data
    top.o(i.cmnCpuClkConfigureTo64M) refers to system_mt7687.o(.data) for SystemCoreClock
    top.o(i.cmnCpuClkConfigureToXtal) refers to system_mt7687.o(i.SystemCoreClockUpdate) for SystemCoreClockUpdate
    top.o(i.cmnCpuClkConfigureToXtal) refers to system_mt7687.o(i.SysTick_Set) for SysTick_Set
    top.o(i.cmnCpuClkConfigureToXtal) refers to top.o(.data) for .data
    top.o(i.cmnCpuClkConfigureToXtal) refers to system_mt7687.o(.data) for SystemCoreClock
    top.o(i.top_mcu_freq_get) refers to top.o(.data) for .data
    top.o(i.top_xtal_freq_get) refers to top.o(.data) for .data
    top.o(i.top_xtal_init) refers to system_mt7687.o(i.SystemCoreClockUpdate) for SystemCoreClockUpdate
    top.o(i.top_xtal_init) refers to system_mt7687.o(i.SysTick_Set) for SysTick_Set
    top.o(i.top_xtal_init) refers to top.o(.data) for .data
    top.o(i.top_xtal_init) refers to system_mt7687.o(.data) for SystemCoreClock
    hal_gpio.o(i.hal_gpio_disable_pull) refers to low_hal_gpio.o(i.gpio_PullDisable) for gpio_PullDisable
    hal_gpio.o(i.hal_gpio_get_direction) refers to low_hal_gpio.o(i.gpio_get_status) for gpio_get_status
    hal_gpio.o(i.hal_gpio_get_driving_current) refers to low_hal_gpio.o(i.gpio_GetDriving) for gpio_GetDriving
    hal_gpio.o(i.hal_gpio_get_input) refers to low_hal_gpio.o(i.gpio_get_status) for gpio_get_status
[...]
    Removing flash_sfc.o(.rev16_text), (4 bytes).
    Removing flash_sfc.o(.revsh_text), (4 bytes).
    Removing flash_sfc.o(.rrx_text), (6 bytes).
    Removing hal_flash.o(.rev16_text), (4 bytes).
    Removing hal_flash.o(.revsh_text), (4 bytes).
    Removing hal_flash.o(.rrx_text), (6 bytes).
    Removing spi_flash.o(.rev16_text), (4 bytes).
    Removing spi_flash.o(.revsh_text), (4 bytes).
    Removing spi_flash.o(.rrx_text), (6 bytes).
    Removing sfc.o(.rev16_text), (4 bytes).
    Removing sfc.o(.revsh_text), (4 bytes).
    Removing sfc.o(.rrx_text), (6 bytes).
    Removing hal_i2c_master.o(.rev16_text), (4 bytes).
    Removing hal_i2c_master.o(.revsh_text), (4 bytes).
    Removing hal_i2c_master.o(.rrx_text), (6 bytes).
    Removing hal_i2c_master.o(i.hal_i2c_callback), (232 bytes).
    Removing hal_i2c_master.o(i.hal_i2c_master_deinit), (92 bytes).
    Removing hal_i2c_master.o(i.hal_i2c_master_get_running_status), (28 bytes).
    Removing hal_i2c_master.o(i.hal_i2c_master_receive_dma), (180 bytes).
    Removing hal_i2c_master.o(i.hal_i2c_master_register_callback), (112 bytes).
    Removing hal_i2c_master.o(i.hal_i2c_master_send_dma), (180 bytes).
    Removing hal_i2c_master.o(i.hal_i2c_master_send_to_receive_dma), (224 bytes).
    Removing hal_i2c_master.o(i.hal_i2c_master_send_to_receive_polling), (296 bytes).
    Removing hal_i2c_master.o(i.hal_i2c_master_set_frequency), (144 bytes).
    Removing i2c.o(.rev16_text), (4 bytes).
    Removing i2c.o(.revsh_text), (4 bytes).
    Removing i2c.o(.rrx_text), (6 bytes).
    Removing i2c.o(i.i2c_disable), (96 bytes).
    Removing i2c.o(i.i2c_read), (104 bytes).
    Removing i2c.o(i.i2c_read_write), (148 bytes).
    Removing i2c.o(i.i2c_read_write_via_mcu), (124 bytes).
    Removing i2c.o(i.i2c_write), (108 bytes).
    Removing hal_i2c.o(.rev16_text), (4 bytes).
    Removing hal_i2c.o(.revsh_text), (4 bytes).
    Removing hal_i2c.o(.rrx_text), (6 bytes).
    Removing hal_i2c.o(i.halI2CGDMACtrl), (188 bytes).
    Removing hal_i2c.o(i.halI2CGDMAGeneralRW), (336 bytes).
    Removing hal_i2c.o(i.halI2CGDMANormalRead), (160 bytes).
    Removing hal_i2c.o(i.halI2CGDMANormalWrite), (148 bytes).
    Removing hal_i2c.o(i.halI2CGeneralRW), (496 bytes).
    Removing startup_mt7687.o(HEAP), (2048 bytes).
    Removing system_mt7687.o(.rev16_text), (4 bytes).
    Removing system_mt7687.o(.revsh_text), (4 bytes).
    Removing system_mt7687.o(.rrx_text), (6 bytes).
    Removing system_mt7687.o(i.SysInitStatus_Query), (12 bytes).
    Removing system_mt7687.o(i.SysInitStatus_Set), (12 bytes).
    Removing hal_efuse.o(i.hal_efuse_write), (28 bytes).
    Removing dneg.o(.text), (6 bytes).
    Removing cdcmple.o(.text), (48 bytes).

247 unused section(s) (total 14199 bytes) removed from the image.

==============================================================================

Adding Veneers to the image

    Adding TT veneer (10 bytes, Long) for call to 'log_hal_error_internal' from hal_nvic.o(.ramTEXT).
    Adding TT veneer (10 bytes, Long) for call to 'save_and_set_interrupt_mask' from hal_adc.o(i.hal_adc_init).
    Adding TT veneer (10 bytes, Long) for call to 'restore_interrupt_mask' from hal_adc.o(i.hal_adc_init).

3 Veneer(s) (total 30 bytes) added to the image.

==============================================================================

Image Symbol Table

    Local Symbols

    Symbol Name                              Value     Ov Type        Size  Object(Section)

    ../clib/microlib/division.c              0x00000000   Number         0  uldiv.o ABSOLUTE
    ../clib/microlib/division.c              0x00000000   Number         0  uidiv.o ABSOLUTE
    ../clib/microlib/errno.c                 0x00000000   Number         0  errno.o ABSOLUTE
    ../clib/microlib/init/entry.s            0x00000000   Number         0  entry8a.o ABSOLUTE
    ../clib/microlib/init/entry.s            0x00000000   Number         0  entry8b.o ABSOLUTE
    ../clib/microlib/init/entry.s            0x00000000   Number         0  entry10b.o ABSOLUTE
    ../clib/microlib/init/entry.s            0x00000000   Number         0  entry2.o ABSOLUTE
    ../clib/microlib/init/entry.s            0x00000000   Number         0  entry7b.o ABSOLUTE
    ../clib/microlib/init/entry.s            0x00000000   Number         0  entry9a.o ABSOLUTE
    ../clib/microlib/init/entry.s            0x00000000   Number         0  entry9b.o ABSOLUTE
    ../clib/microlib/init/entry.s            0x00000000   Number         0  entry10a.o ABSOLUTE
    ../clib/microlib/init/entry.s            0x00000000   Number         0  entry.o ABSOLUTE
    ../clib/microlib/init/entry.s            0x00000000   Number         0  entry11b.o ABSOLUTE
    ../clib/microlib/init/entry.s            0x00000000   Number         0  entry7a.o ABSOLUTE
    ../clib/microlib/init/entry.s            0x00000000   Number         0  entry11a.o ABSOLUTE
    ../clib/microlib/init/entry.s            0x00000000   Number         0  entry5.o ABSOLUTE
    ../clib/microlib/longlong.c              0x00000000   Number         0  llsshr.o ABSOLUTE
    ../clib/microlib/longlong.c              0x00000000   Number         0  llushr.o ABSOLUTE
    ../clib/microlib/longlong.c              0x00000000   Number         0  llshl.o ABSOLUTE
    ../clib/microlib/printf/printf.c         0x00000000   Number         0  printf7.o ABSOLUTE
    ../clib/microlib/printf/printf.c         0x00000000   Number         0  printf0.o ABSOLUTE
    ../clib/microlib/printf/printf.c         0x00000000   Number         0  printf1.o ABSOLUTE
    ../clib/microlib/printf/printf.c         0x00000000   Number         0  printf2.o ABSOLUTE
    ../clib/microlib/printf/printf.c         0x00000000   Number         0  printf6.o ABSOLUTE
    ../clib/microlib/printf/printf.c         0x00000000   Number         0  printf5.o ABSOLUTE
    ../clib/microlib/printf/printf.c         0x00000000   Number         0  printf4.o ABSOLUTE
    ../clib/microlib/printf/printf.c         0x00000000   Number         0  printf3.o ABSOLUTE
    ../clib/microlib/printf/printf.c         0x00000000   Number         0  printfa.o ABSOLUTE
    ../clib/microlib/printf/printf.c         0x00000000   Number         0  printfb.o ABSOLUTE
    ../clib/microlib/printf/printf.c         0x00000000   Number         0  printf8.o ABSOLUTE
    ../clib/microlib/printf/stubs.s          0x00000000   Number         0  stubs.o ABSOLUTE
    ../clib/microlib/stdio/streams.c         0x00000000   Number         0  stdout.o ABSOLUTE
    ../clib/microlib/stdlib/abort.c          0x00000000   Number         0  abort.o ABSOLUTE
    ../clib/microlib/string/memcpy.c         0x00000000   Number         0  memcpyb.o ABSOLUTE
    ../clib/microlib/string/memcpy.c         0x00000000   Number         0  memcpya.o ABSOLUTE
    ../clib/microlib/string/memset.c         0x00000000   Number         0  memseta.o ABSOLUTE
    ../clib/microlib/stubs.s                 0x00000000   Number         0  iusefp.o ABSOLUTE
    ../fplib/microlib/d2f.c                  0x00000000   Number         0  d2f.o ABSOLUTE
    ../fplib/microlib/f2d.c                  0x00000000   Number         0  f2d.o ABSOLUTE
    ../fplib/microlib/fpadd.c                0x00000000   Number         0  dadd.o ABSOLUTE
    ../fplib/microlib/fpdiv.c                0x00000000   Number         0  ddiv.o ABSOLUTE
    ../fplib/microlib/fpepilogue.c           0x00000000   Number         0  depilogue.o ABSOLUTE
    ../fplib/microlib/fpepilogue.c           0x00000000   Number         0  fepilogue.o ABSOLUTE
    ../fplib/microlib/fpfix.c                0x00000000   Number         0  dfixul.o ABSOLUTE
    ../fplib/microlib/fpflt.c                0x00000000   Number         0  dflti.o ABSOLUTE
    ../fplib/microlib/fpmul.c                0x00000000   Number         0  dmul.o ABSOLUTE
    ../fplib/microlib/fpneg.c                0x00000000   Number         0  dneg.o ABSOLUTE
    ../fplib/microlib/fpsqrt.c               0x00000000   Number         0  dsqrt.o ABSOLUTE
    ../mathlib/atan.c                        0x00000000   Number         0  atan.o ABSOLUTE
    ../mathlib/atan.c                        0x00000000   Number         0  atan_x.o ABSOLUTE
    ../mathlib/dunder.c                      0x00000000   Number         0  dunder.o ABSOLUTE
    ../mathlib/fabs.c                        0x00000000   Number         0  fabs.o ABSOLUTE
    ../mathlib/fpclassify.c                  0x00000000   Number         0  fpclassify.o ABSOLUTE
    ../mathlib/poly.c                        0x00000000   Number         0  poly.o ABSOLUTE
    ../mathlib/sqrt.c                        0x00000000   Number         0  sqrt_x.o ABSOLUTE
    ../mathlib/sqrt.c                        0x00000000   Number         0  sqrt.o ABSOLUTE
    ..\..\..\..\..\driver\chip\mt7687\src\common\dma.c 0x00000000   Number         0  dma.o ABSOLUTE
    ..\..\..\..\..\driver\chip\mt7687\src\common\flash_sfc.c 0x00000000   Number         0  flash_sfc.o ABSOLUTE
    ..\..\..\..\..\driver\chip\mt7687\src\common\gpt.c 0x00000000   Number         0  gpt.o ABSOLUTE
    ..\..\..\..\..\driver\chip\mt7687\src\common\hal_I2C.c 0x00000000   Number         0  hal_i2c.o ABSOLUTE
    ..\..\..\..\..\driver\chip\mt7687\src\common\hal_gpio_7687.c 0x00000000   Number         0  hal_gpio_7687.o ABSOLUTE
    ..\..\..\..\..\driver\chip\mt7687\src\common\hal_pinmux.c 0x00000000   Number         0  hal_pinmux.o ABSOLUTE
    ..\..\..\..\..\driver\chip\mt7687\src\common\i2c.c 0x00000000   Number         0  i2c.o ABSOLUTE
    ..\..\..\..\..\driver\chip\mt7687\src\common\low_hal_gpio.c 0x00000000   Number         0  low_hal_gpio.o ABSOLUTE
    ..\..\..\..\..\driver\chip\mt7687\src\common\nvic.c 0x00000000   Number         0  nvic.o ABSOLUTE
    ..\..\..\..\..\driver\chip\mt7687\src\common\pinmux.c 0x00000000   Number         0  pinmux.o ABSOLUTE
    ..\..\..\..\..\driver\chip\mt7687\src\common\sfc.c 0x00000000   Number         0  sfc.o ABSOLUTE
    ..\..\..\..\..\driver\chip\mt7687\src\common\spi_flash.c 0x00000000   Number         0  spi_flash.o ABSOLUTE
    ..\..\..\..\..\driver\chip\mt7687\src\common\timer.c 0x00000000   Number         0  timer.o ABSOLUTE
    ..\..\..\..\..\driver\chip\mt7687\src\common\top.c 0x00000000   Number         0  top.o ABSOLUTE
    ..\..\..\..\..\driver\chip\mt7687\src\common\uart.c 0x00000000   Number         0  uart.o ABSOLUTE
    ..\..\..\..\..\driver\chip\mt7687\src\hal_adc.c 0x00000000   Number         0  hal_adc.o ABSOLUTE
    ..\..\..\..\..\driver\chip\mt7687\src\hal_cache.c 0x00000000   Number         0  hal_cache.o ABSOLUTE
    ..\..\..\..\..\driver\chip\mt7687\src\hal_cache_internal.c 0x00000000   Number         0  hal_cache_internal.o ABSOLUTE
    ..\..\..\..\..\driver\chip\mt7687\src\hal_flash.c 0x00000000   Number         0  hal_flash.o ABSOLUTE
    ..\..\..\..\..\driver\chip\mt7687\src\hal_gpio.c 0x00000000   Number         0  hal_gpio.o ABSOLUTE
    ..\..\..\..\..\driver\chip\mt7687\src\hal_gpt.c 0x00000000   Number         0  hal_gpt.o ABSOLUTE
    ..\..\..\..\..\driver\chip\mt7687\src\hal_i2c_master.c 0x00000000   Number         0  hal_i2c_master.o ABSOLUTE
    ..\..\..\..\..\driver\chip\mt7687\src\hal_log.c 0x00000000   Number         0  hal_log.o ABSOLUTE
    ..\..\..\..\..\driver\chip\mt7687\src\hal_misc.c 0x00000000   Number         0  hal_misc.o ABSOLUTE
    ..\..\..\..\..\driver\chip\mt7687\src\hal_nvic.c 0x00000000   Number         0  hal_nvic.o ABSOLUTE
    ..\..\..\..\..\driver\chip\mt7687\src\hal_nvic_internal.c 0x00000000   Number         0  hal_nvic_internal.o ABSOLUTE
    ..\..\..\..\..\driver\chip\mt7687\src\hal_uart.c 0x00000000   Number         0  hal_uart.o ABSOLUTE
    ..\..\hal_efuse.c                        0x00000000   Number         0  hal_efuse.o ABSOLUTE
    ..\\..\\..\\..\\..\\driver\\chip\\mt7687\\src\\common\\dma.c 0x00000000   Number         0  dma.o ABSOLUTE
    ..\\..\\..\\..\\..\\driver\\chip\\mt7687\\src\\common\\flash_sfc.c 0x00000000   Number         0  flash_sfc.o ABSOLUTE
    ..\\..\\..\\..\\..\\driver\\chip\\mt7687\\src\\common\\gpt.c 0x00000000   Number         0  gpt.o ABSOLUTE
    ..\\..\\..\\..\\..\\driver\\chip\\mt7687\\src\\common\\hal_I2C.c 0x00000000   Number         0  hal_i2c.o ABSOLUTE
    ..\\..\\..\\..\\..\\driver\\chip\\mt7687\\src\\common\\hal_gpio_7687.c 0x00000000   Number         0  hal_gpio_7687.o ABSOLUTE
    ..\\..\\..\\..\\..\\driver\\chip\\mt7687\\src\\common\\hal_pinmux.c 0x00000000   Number         0  hal_pinmux.o ABSOLUTE
    ..\\..\\..\\..\\..\\driver\\chip\\mt7687\\src\\common\\i2c.c 0x00000000   Number         0  i2c.o ABSOLUTE
    ..\\..\\..\\..\\..\\driver\\chip\\mt7687\\src\\common\\low_hal_gpio.c 0x00000000   Number         0  low_hal_gpio.o ABSOLUTE
    ..\\..\\..\\..\\..\\driver\\chip\\mt7687\\src\\common\\nvic.c 0x00000000   Number         0  nvic.o ABSOLUTE
    ..\\..\\..\\..\\..\\driver\\chip\\mt7687\\src\\common\\pinmux.c 0x00000000   Number         0  pinmux.o ABSOLUTE
    ..\\..\\..\\..\\..\\driver\\chip\\mt7687\\src\\common\\sfc.c 0x00000000   Number         0  sfc.o ABSOLUTE
    ..\\..\\..\\..\\..\\driver\\chip\\mt7687\\src\\common\\spi_flash.c 0x00000000   Number         0  spi_flash.o ABSOLUTE
    ..\\..\\..\\..\\..\\driver\\chip\\mt7687\\src\\common\\timer.c 0x00000000   Number         0  timer.o ABSOLUTE
    ..\\..\\..\\..\\..\\driver\\chip\\mt7687\\src\\common\\top.c 0x00000000   Number         0  top.o ABSOLUTE
    ..\\..\\..\\..\\..\\driver\\chip\\mt7687\\src\\common\\uart.c 0x00000000   Number         0  uart.o ABSOLUTE
    ..\\..\\..\\..\\..\\driver\\chip\\mt7687\\src\\hal_adc.c 0x00000000   Number         0  hal_adc.o ABSOLUTE
    ..\\..\\..\\..\\..\\driver\\chip\\mt7687\\src\\hal_cache.c 0x00000000   Number         0  hal_cache.o ABSOLUTE
    ..\\..\\..\\..\\..\\driver\\chip\\mt7687\\src\\hal_cache_internal.c 0x00000000   Number         0  hal_cache_internal.o ABSOLUTE
    ..\\..\\..\\..\\..\\driver\\chip\\mt7687\\src\\hal_flash.c 0x00000000   Number         0  hal_flash.o ABSOLUTE
    ..\\..\\..\\..\\..\\driver\\chip\\mt7687\\src\\hal_gpio.c 0x00000000   Number         0  hal_gpio.o ABSOLUTE
    ..\\..\\..\\..\\..\\driver\\chip\\mt7687\\src\\hal_gpt.c 0x00000000   Number         0  hal_gpt.o ABSOLUTE
    ..\\..\\..\\..\\..\\driver\\chip\\mt7687\\src\\hal_i2c_master.c 0x00000000   Number         0  hal_i2c_master.o ABSOLUTE
    ..\\..\\..\\..\\..\\driver\\chip\\mt7687\\src\\hal_log.c 0x00000000   Number         0  hal_log.o ABSOLUTE
    ..\\..\\..\\..\\..\\driver\\chip\\mt7687\\src\\hal_misc.c 0x00000000   Number         0  hal_misc.o ABSOLUTE
    ..\\..\\..\\..\\..\\driver\\chip\\mt7687\\src\\hal_nvic.c 0x00000000   Number         0  hal_nvic.o ABSOLUTE
    ..\\..\\..\\..\\..\\driver\\chip\\mt7687\\src\\hal_nvic_internal.c 0x00000000   Number         0  hal_nvic_internal.o ABSOLUTE
    ..\\..\\..\\..\\..\\driver\\chip\\mt7687\\src\\hal_uart.c 0x00000000   Number         0  hal_uart.o ABSOLUTE
    ..\\src\\main.c                          0x00000000   Number         0  main.o ABSOLUTE
    ..\\src\\system_mt7687.c                 0x00000000   Number         0  system_mt7687.o ABSOLUTE
    ..\src\main.c                            0x00000000   Number         0  main.o ABSOLUTE
    ..\src\system_mt7687.c                   0x00000000   Number         0  system_mt7687.o ABSOLUTE
    cdcmple.s                                0x00000000   Number         0  cdcmple.o ABSOLUTE
    cdrcmple.s                               0x00000000   Number         0  cdrcmple.o ABSOLUTE
    dc.s                                     0x00000000   Number         0  dc.o ABSOLUTE
    handlers.s                               0x00000000   Number         0  handlers.o ABSOLUTE
    init.s                                   0x00000000   Number         0  init.o ABSOLUTE
    startup_mt7687.s                         0x00000000   Number         0  startup_mt7687.o ABSOLUTE
    .ramTEXT                                 0x00100000   Section        0  nvic.o(.ramTEXT)
    .ramTEXT                                 0x00100010   Section        0  hal_nvic.o(.ramTEXT)
    .reset_handler                           0x10079000   Section       56  startup_mt7687.o(.reset_handler)
    $v0                                      0x10079000   Number         0  startup_mt7687.o(.reset_handler)
    .ARM.Collect$$$$00000000                 0x10079038   Section        0  entry.o(.ARM.Collect$$$$00000000)
    .ARM.Collect$$$$00000001                 0x10079038   Section        4  entry2.o(.ARM.Collect$$$$00000001)
    .ARM.Collect$$$$00000004                 0x1007903c   Section        4  entry5.o(.ARM.Collect$$$$00000004)
    .ARM.Collect$$$$00000008                 0x10079040   Section        0  entry7b.o(.ARM.Collect$$$$00000008)
    .ARM.Collect$$$$0000000A                 0x10079040   Section        0  entry8b.o(.ARM.Collect$$$$0000000A)
    .ARM.Collect$$$$0000000B                 0x10079040   Section        8  entry9a.o(.ARM.Collect$$$$0000000B)
    .ARM.Collect$$$$0000000D                 0x10079048   Section        0  entry10a.o(.ARM.Collect$$$$0000000D)
    .ARM.Collect$$$$0000000F                 0x10079048   Section        0  entry11a.o(.ARM.Collect$$$$0000000F)
    .ARM.Collect$$$$00002712                 0x10079048   Section        4  entry2.o(.ARM.Collect$$$$00002712)
    __lit__00000000                          0x10079048   Data           4  entry2.o(.ARM.Collect$$$$00002712)
    .text                                    0x1007904c   Section        0  memcpya.o(.text)
    .text                                    0x10079070   Section        0  memseta.o(.text)
    .text                                    0x10079094   Section        0  dmul.o(.text)
    .text                                    0x10079178   Section        0  ddiv.o(.text)
    .text                                    0x10079256   Section        0  dflti.o(.text)
    .text                                    0x10079278   Section        0  f2d.o(.text)
    .text                                    0x1007929e   Section        0  d2f.o(.text)
    .text                                    0x100792d6   Section        0  uidiv.o(.text)
    .text                                    0x10079302   Section        0  uldiv.o(.text)
    .text                                    0x10079364   Section        0  iusefp.o(.text)
    .text                                    0x10079364   Section        0  fepilogue.o(.text)
    .text                                    0x100793d2   Section        0  depilogue.o(.text)
    .text                                    0x1007948c   Section        0  dadd.o(.text)
    .text                                    0x100795da   Section        0  dsqrt.o(.text)
    .text                                    0x1007967c   Section        0  dfixul.o(.text)
    .text                                    0x100796ac   Section       48  cdrcmple.o(.text)
    .text                                    0x100796dc   Section       36  init.o(.text)
    .text                                    0x10079700   Section        0  llshl.o(.text)
    .text                                    0x1007971e   Section        0  llushr.o(.text)
    .text                                    0x1007973e   Section        0  llsshr.o(.text)
    i.CM4_GPT2Init                           0x10079776   Section        0  gpt.o(i.CM4_GPT2Init)
    i.CM4_GPT4Init                           0x10079780   Section        0  gpt.o(i.CM4_GPT4Init)
    i.CachePreInit                           0x1007978c   Section        0  system_mt7687.o(i.CachePreInit)
    i.DMA_Clock_Disable                      0x100797c0   Section        0  dma.o(i.DMA_Clock_Disable)
    i.DMA_Clock_Enable                       0x100797ce   Section        0  dma.o(i.DMA_Clock_Enable)
    i.DMA_ERROR_LISR                         0x100797dc   Section        0  dma.o(i.DMA_ERROR_LISR)
    i.DMA_GetChannel                         0x100797e0   Section        0  dma.o(i.DMA_GetChannel)
    i.DMA_Init                               0x10079824   Section        0  dma.o(i.DMA_Init)
    i.DMA_LISR                               0x1007987c   Section        0  dma.o(i.DMA_LISR)
    i.DMA_Stop                               0x10079a00   Section        0  dma.o(i.DMA_Stop)
    i.DMA_Vfifo_Flush                        0x10079a18   Section        0  dma.o(i.DMA_Vfifo_Flush)
    i.DMA_Vfifo_Register_Callback            0x10079a34   Section        0  dma.o(i.DMA_Vfifo_Register_Callback)
    i.DMA_Vfifo_SetAdrs                      0x10079a44   Section        0  dma.o(i.DMA_Vfifo_SetAdrs)
    i.DMA_Vfifo_disable_interrupt            0x10079a60   Section        0  dma.o(i.DMA_Vfifo_disable_interrupt)
    i.DMA_Vfifo_init                         0x10079a74   Section        0  dma.o(i.DMA_Vfifo_init)
    i.GPT_INT_Handler                        0x10079b84   Section        0  gpt.o(i.GPT_INT_Handler)
    i.GPT_init                               0x10079bbc   Section        0  gpt.o(i.GPT_init)
    i.GPT_return_current_count               0x10079cbc   Section        0  gpt.o(i.GPT_return_current_count)
    i.MPU_READ                               0x10079d4c   Section        0  main.o(i.MPU_READ)
    i.MPU_init                               0x10079f4c   Section        0  main.o(i.MPU_init)
    i.NVIC_ClearPendingIRQ                   0x10079f94   Section        0  hal_nvic.o(i.NVIC_ClearPendingIRQ)
    NVIC_ClearPendingIRQ                     0x10079f95   Thumb Code    22  hal_nvic.o(i.NVIC_ClearPendingIRQ)
    i.SYSefuse_Read16Bytes                   0x10079fac   Section        0  hal_efuse.o(i.SYSefuse_Read16Bytes)
    i.SysTick_Set                            0x1007a000   Section        0  system_mt7687.o(i.SysTick_Set)
    i.SystemCoreClockUpdate                  0x1007a024   Section        0  system_mt7687.o(i.SystemCoreClockUpdate)
    i.SystemInit                             0x1007a034   Section        0  system_mt7687.o(i.SystemInit)
    i.__0printf                              0x1007a058   Section        0  printfa.o(i.__0printf)
    i.__0vprintf                             0x1007a078   Section        0  printfa.o(i.__0vprintf)
    i.__ARM_fpclassify                       0x1007a088   Section        0  fpclassify.o(i.__ARM_fpclassify)
    i.__hardfp_atan                          0x1007a0b8   Section        0  atan.o(i.__hardfp_atan)
    i.__hardfp_sqrt                          0x1007a390   Section        0  sqrt.o(i.__hardfp_sqrt)
    i.__kernel_poly                          0x1007a40a   Section        0  poly.o(i.__kernel_poly)
    i.__mathlib_dbl_infnan                   0x1007a502   Section        0  dunder.o(i.__mathlib_dbl_infnan)
    i.__mathlib_dbl_underflow                0x1007a518   Section        0  dunder.o(i.__mathlib_dbl_underflow)
    i.__scatterload_copy                     0x1007a538   Section       14  handlers.o(i.__scatterload_copy)
    i.__scatterload_null                     0x1007a546   Section        2  handlers.o(i.__scatterload_null)
    i.__scatterload_zeroinit                 0x1007a548   Section       14  handlers.o(i.__scatterload_zeroinit)
    i.__set_errno                            0x1007a558   Section        0  errno.o(i.__set_errno)
    i._fp_digits                             0x1007a564   Section        0  printfa.o(i._fp_digits)
    _fp_digits                               0x1007a565   Thumb Code   366  printfa.o(i._fp_digits)
    i._printf_core                           0x1007a6e8   Section        0  printfa.o(i._printf_core)
    _printf_core                             0x1007a6e9   Thumb Code  1744  printfa.o(i._printf_core)
    i._printf_post_padding                   0x1007adc4   Section        0  printfa.o(i._printf_post_padding)
    _printf_post_padding                     0x1007adc5   Thumb Code    36  printfa.o(i._printf_post_padding)
    i._printf_pre_padding                    0x1007ade8   Section        0  printfa.o(i._printf_pre_padding)
    _printf_pre_padding                      0x1007ade9   Thumb Code    46  printfa.o(i._printf_pre_padding)
    i.clear_TMR_INT_status_bit               0x1007ae18   Section        0  timer.o(i.clear_TMR_INT_status_bit)
    i.delay_ms                               0x1007ae30   Section        0  timer.o(i.delay_ms)
    i.delay_time                             0x1007ae5c   Section        0  timer.o(i.delay_time)
    i.fabs                                   0x1007ae72   Section        0  fabs.o(i.fabs)
    i.fputc                                  0x1007ae8a   Section        0  main.o(i.fputc)
    i.get_current_count                      0x1007ae9a   Section        0  timer.o(i.get_current_count)
    i.get_current_gpt4_count                 0x1007aea0   Section        0  timer.o(i.get_current_gpt4_count)
    i.gpio_direction                         0x1007aea6   Section        0  low_hal_gpio.o(i.gpio_direction)
    i.gpio_get_status                        0x1007aeaa   Section        0  low_hal_gpio.o(i.gpio_get_status)
    i.halADC_Fifo_Get_Length                 0x1007aed4   Section        0  hal_adc.o(i.halADC_Fifo_Get_Length)
    i.halADC_Fifo_Read_Data                  0x1007af1c   Section        0  hal_adc.o(i.halADC_Fifo_Read_Data)
    i.halADC_Fsm_Param_Set                   0x1007af5c   Section        0  hal_adc.o(i.halADC_Fsm_Param_Set)
    i.halADC_Get_ADC_Efuse                   0x1007b07c   Section        0  hal_adc.o(i.halADC_Get_ADC_Efuse)
    i.halADC_LISR                            0x1007b0b8   Section        0  hal_adc.o(i.halADC_LISR)
    i.halADC_Remove_Data_Offset              0x1007b0bc   Section        0  hal_adc.o(i.halADC_Remove_Data_Offset)
    i.halADC_VDMA_Callback                   0x1007b14c   Section        0  hal_adc.o(i.halADC_VDMA_Callback)
    i.halGPIO_ConfDirection                  0x1007b150   Section        0  hal_gpio_7687.o(i.halGPIO_ConfDirection)
    i.halI2CChkStatus                        0x1007b29c   Section        0  hal_i2c.o(i.halI2CChkStatus)
    i.halI2CClearFIFO                        0x1007b30a   Section        0  hal_i2c.o(i.halI2CClearFIFO)
    i.halI2CGetBaseAddr                      0x1007b32c   Section        0  hal_i2c.o(i.halI2CGetBaseAddr)
    i.halI2CGetBusyStatus                    0x1007b348   Section        0  hal_i2c.o(i.halI2CGetBusyStatus)
    i.halI2CGetFIFOSpace                     0x1007b366   Section        0  hal_i2c.o(i.halI2CGetFIFOSpace)
    i.halI2CGetFIFOStatus                    0x1007b390   Section        0  hal_i2c.o(i.halI2CGetFIFOStatus)
    i.halI2CInit                             0x1007b39c   Section        0  hal_i2c.o(i.halI2CInit)
    i.halI2CMasterCtrl                       0x1007b400   Section        0  hal_i2c.o(i.halI2CMasterCtrl)
    i.halI2CNormalRead                       0x1007b488   Section        0  hal_i2c.o(i.halI2CNormalRead)
    i.halI2CNormalWrite                      0x1007b5fc   Section        0  hal_i2c.o(i.halI2CNormalWrite)
    i.halI2CRxFIFOSpace                      0x1007b788   Section        0  hal_i2c.o(i.halI2CRxFIFOSpace)
    i.halI2CTxFIFOSpace                      0x1007b796   Section        0  hal_i2c.o(i.halI2CTxFIFOSpace)
    i.halPinmuxTopOnPadFunc                  0x1007b7a4   Section        0  hal_pinmux.o(i.halPinmuxTopOnPadFunc)
    i.halUART_Get_VFIFO_Length               0x1007b99c   Section        0  uart.o(i.halUART_Get_VFIFO_Length)
    i.halUART_HWInit                         0x1007b9d8   Section        0  uart.o(i.halUART_HWInit)
    i.halUART_SetFormat                      0x1007ba0c   Section        0  uart.o(i.halUART_SetFormat)
    i.hal_adc_get_data_polling               0x1007baf4   Section        0  hal_adc.o(i.hal_adc_get_data_polling)
    i.hal_adc_init                           0x1007bbdc   Section        0  hal_adc.o(i.hal_adc_init)
    i.hal_efuse_read                         0x1007bcc8   Section        0  hal_efuse.o(i.hal_efuse_read)
    i.hal_gpio_get_input                     0x1007bd3c   Section        0  hal_gpio.o(i.hal_gpio_get_input)
    i.hal_gpio_init                          0x1007bd64   Section        0  hal_gpio.o(i.hal_gpio_init)
    i.hal_gpio_set_direction                 0x1007bd68   Section        0  hal_gpio.o(i.hal_gpio_set_direction)
    i.hal_gpt_delay_ms                       0x1007bd88   Section        0  hal_gpt.o(i.hal_gpt_delay_ms)
    i.hal_gpt_get_duration_count             0x1007bdb0   Section        0  hal_gpt.o(i.hal_gpt_get_duration_count)
    i.hal_gpt_get_free_run_count             0x1007bdc0   Section        0  hal_gpt.o(i.hal_gpt_get_free_run_count)
    i.hal_i2c_index_irq                      0x1007be5c   Section        0  hal_i2c_master.o(i.hal_i2c_index_irq)
    hal_i2c_index_irq                        0x1007be5d   Thumb Code    10  hal_i2c_master.o(i.hal_i2c_index_irq)
    i.hal_i2c_master_init                    0x1007be68   Section        0  hal_i2c_master.o(i.hal_i2c_master_init)
    i.hal_i2c_master_receive_polling         0x1007bf7c   Section        0  hal_i2c_master.o(i.hal_i2c_master_receive_polling)
    i.hal_i2c_master_send_polling            0x1007c06c   Section        0  hal_i2c_master.o(i.hal_i2c_master_send_polling)
    i.hal_i2c_translate_port                 0x1007c15c   Section        0  hal_i2c_master.o(i.hal_i2c_translate_port)
    hal_i2c_translate_port                   0x1007c15d   Thumb Code     8  hal_i2c_master.o(i.hal_i2c_translate_port)
    i.hal_nvic_disable_irq                   0x1007c164   Section        0  hal_nvic.o(i.hal_nvic_disable_irq)
    i.hal_nvic_enable_irq                    0x1007c186   Section        0  hal_nvic.o(i.hal_nvic_enable_irq)
    i.hal_nvic_register_isr_handler          0x1007c1a8   Section        0  hal_nvic.o(i.hal_nvic_register_isr_handler)
    i.hal_nvic_restore_interrupt_mask        0x1007c1e4   Section        0  hal_nvic.o(i.hal_nvic_restore_interrupt_mask)
    i.hal_nvic_save_and_set_interrupt_mask   0x1007c1ee   Section        0  hal_nvic.o(i.hal_nvic_save_and_set_interrupt_mask)
    i.hal_nvic_set_priority                  0x1007c1fc   Section        0  hal_nvic.o(i.hal_nvic_set_priority)
    i.hal_pinmux_set_function                0x1007c228   Section        0  hal_gpio.o(i.hal_pinmux_set_function)
    i.hal_uart_check_irq_disable             0x1007c250   Section        0  hal_uart.o(i.hal_uart_check_irq_disable)
    hal_uart_check_irq_disable               0x1007c251   Thumb Code    76  hal_uart.o(i.hal_uart_check_irq_disable)
    i.hal_uart_get_available_receive_bytes   0x1007c2a0   Section        0  hal_uart.o(i.hal_uart_get_available_receive_bytes)
    i.hal_uart_init                          0x1007c2c0   Section        0  hal_uart.o(i.hal_uart_init)
    i.hal_uart_is_config_valid               0x1007c324   Section        0  hal_uart.o(i.hal_uart_is_config_valid)
    hal_uart_is_config_valid                 0x1007c325   Thumb Code    38  hal_uart.o(i.hal_uart_is_config_valid)
    i.hal_uart_put_char                      0x1007c34a   Section        0  hal_uart.o(i.hal_uart_put_char)
    i.hal_uart_receive_callback0             0x1007c358   Section        0  hal_uart.o(i.hal_uart_receive_callback0)
    hal_uart_receive_callback0               0x1007c359   Thumb Code    46  hal_uart.o(i.hal_uart_receive_callback0)
    i.hal_uart_receive_callback1             0x1007c38c   Section        0  hal_uart.o(i.hal_uart_receive_callback1)
    hal_uart_receive_callback1               0x1007c38d   Thumb Code    48  hal_uart.o(i.hal_uart_receive_callback1)
    i.hal_uart_set_format                    0x1007c3c0   Section        0  hal_uart.o(i.hal_uart_set_format)
    i.hal_uart_translate_port                0x1007c448   Section        0  hal_uart.o(i.hal_uart_translate_port)
    hal_uart_translate_port                  0x1007c449   Thumb Code     8  hal_uart.o(i.hal_uart_translate_port)
    i.halgetGPIO_DIN                         0x1007c450   Section        0  hal_gpio_7687.o(i.halgetGPIO_DIN)
    i.halgetGPIO_DOUT                        0x1007c47c   Section        0  hal_gpio_7687.o(i.halgetGPIO_DOUT)
    i.halgetGPIO_OutEnable                   0x1007c4a4   Section        0  hal_gpio_7687.o(i.halgetGPIO_OutEnable)
    i.i2c_configure                          0x1007c4d0   Section        0  i2c.o(i.i2c_configure)
    i.i2c_enable                             0x1007c510   Section        0  i2c.o(i.i2c_enable)
    i.i2c_master_wait_transaction_finish     0x1007c56c   Section        0  hal_i2c.o(i.i2c_master_wait_transaction_finish)
    i2c_master_wait_transaction_finish       0x1007c56d   Thumb Code   122  hal_i2c.o(i.i2c_master_wait_transaction_finish)
    i.i2c_read_via_mcu                       0x1007c674   Section        0  i2c.o(i.i2c_read_via_mcu)
    i.i2c_send                               0x1007c6cc   Section        0  main.o(i.i2c_send)
    i.i2c_write_via_mcu                      0x1007c6e4   Section        0  i2c.o(i.i2c_write_via_mcu)
    i.log_hal_error_internal                 0x1007c740   Section        0  hal_log.o(i.log_hal_error_internal)
    i.main                                   0x1007c760   Section        0  main.o(i.main)
    i.pinmux_config                          0x1007ca1c   Section        0  pinmux.o(i.pinmux_config)
    i.top_mcu_freq_get                       0x1007cad8   Section        0  top.o(i.top_mcu_freq_get)
    i.top_xtal_freq_get                      0x1007cae4   Section        0  top.o(i.top_xtal_freq_get)
    i.top_xtal_init                          0x1007caf0   Section        0  top.o(i.top_xtal_init)
    i.uart_channel_to_dma_channel            0x1007cb78   Section        0  hal_uart.o(i.uart_channel_to_dma_channel)
    uart_channel_to_dma_channel              0x1007cb79   Thumb Code    22  hal_uart.o(i.uart_channel_to_dma_channel)
    i.uart_output_char                       0x1007cb90   Section        0  uart.o(i.uart_output_char)
    i.uart_reset_default_value               0x1007cbac   Section        0  uart.o(i.uart_reset_default_value)
    .constdata                               0x1007cc00   Section       86  hal_uart.o(.constdata)
    func_tbl                                 0x1007cc10   Data           8  hal_uart.o(.constdata)
    .constdata                               0x1007cc58   Section       46  uart.o(.constdata)
    .constdata                               0x1007cc86   Section      150  hal_gpt.o(.constdata)
    __FUNCTION__                             0x1007cc86   Data          13  hal_gpt.o(.constdata)
    __FUNCTION__                             0x1007cc93   Data          15  hal_gpt.o(.constdata)
    __FUNCTION__                             0x1007cca2   Data          27  hal_gpt.o(.constdata)
    __FUNCTION__                             0x1007ccbd   Data          27  hal_gpt.o(.constdata)
    __FUNCTION__                             0x1007ccd8   Data          26  hal_gpt.o(.constdata)
    __FUNCTION__                             0x1007ccf2   Data          23  hal_gpt.o(.constdata)
    __FUNCTION__                             0x1007cd09   Data          19  hal_gpt.o(.constdata)
    .constdata                               0x1007cd1c   Section       10  hal_nvic.o(.constdata)
    __FUNCTION__                             0x1007cd1c   Data          10  hal_nvic.o(.constdata)
    .constdata                               0x1007cd26   Section      305  hal_i2c_master.o(.constdata)
    __FUNCTION__                             0x1007cd26   Data          17  hal_i2c_master.o(.constdata)
    __FUNCTION__                             0x1007cd37   Data          20  hal_i2c_master.o(.constdata)
    __FUNCTION__                             0x1007cd4b   Data          22  hal_i2c_master.o(.constdata)
    __FUNCTION__                             0x1007cd61   Data          33  hal_i2c_master.o(.constdata)
    __FUNCTION__                             0x1007cd82   Data          24  hal_i2c_master.o(.constdata)
    __FUNCTION__                             0x1007cd9a   Data          27  hal_i2c_master.o(.constdata)
    __FUNCTION__                             0x1007cdb5   Data          35  hal_i2c_master.o(.constdata)
    __FUNCTION__                             0x1007cdd8   Data          28  hal_i2c_master.o(.constdata)
    __FUNCTION__                             0x1007cdf4   Data          31  hal_i2c_master.o(.constdata)
    __FUNCTION__                             0x1007ce13   Data          39  hal_i2c_master.o(.constdata)
    __FUNCTION__                             0x1007ce3a   Data          29  hal_i2c_master.o(.constdata)
    .constdata                               0x1007ce57   Section       92  i2c.o(.constdata)
    __FUNCTION__                             0x1007ce57   Data          10  i2c.o(.constdata)
    __FUNCTION__                             0x1007ce61   Data          18  i2c.o(.constdata)
    __FUNCTION__                             0x1007ce73   Data           9  i2c.o(.constdata)
    __FUNCTION__                             0x1007ce7c   Data          17  i2c.o(.constdata)
    __FUNCTION__                             0x1007ce8d   Data          15  i2c.o(.constdata)
    __FUNCTION__                             0x1007ce9c   Data          23  i2c.o(.constdata)
    .constdata                               0x1007ceb3   Section      149  hal_i2c.o(.constdata)
    __FUNCTION__                             0x1007ceb3   Data          35  hal_i2c.o(.constdata)
    __FUNCTION__                             0x1007ced6   Data          18  hal_i2c.o(.constdata)
    __FUNCTION__                             0x1007cee8   Data          17  hal_i2c.o(.constdata)
    __FUNCTION__                             0x1007cef9   Data          16  hal_i2c.o(.constdata)
    __FUNCTION__                             0x1007cf09   Data          22  hal_i2c.o(.constdata)
    __FUNCTION__                             0x1007cf1f   Data          21  hal_i2c.o(.constdata)
    __FUNCTION__                             0x1007cf34   Data          20  hal_i2c.o(.constdata)
    .constdata                               0x1007cf48   Section      152  atan.o(.constdata)
    atanhi                                   0x1007cf48   Data          32  atan.o(.constdata)
    atanlo                                   0x1007cf68   Data          32  atan.o(.constdata)
    aTodd                                    0x1007cf88   Data          40  atan.o(.constdata)
    aTeven                                   0x1007cfb0   Data          48  atan.o(.constdata)
    .conststring                             0x1007cfe0   Section       68  hal_i2c.o(.conststring)
    .isr_vector                              0x20000000   Section      448  startup_mt7687.o(.isr_vector)
    .data                                    0x200001c0   Section        8  top.o(.data)
    gXtalFreq                                0x200001c0   Data           4  top.o(.data)
    gCpuFrequency                            0x200001c4   Data           4  top.o(.data)
    .data                                    0x200001c8   Section      160  dma.o(.data)
    DMA_Channel_Status                       0x200001c8   Data           4  dma.o(.data)
    .data                                    0x20000268   Section        4  uart.o(.data)
    .data                                    0x2000026c   Section        3  hal_adc.o(.data)
    .data                                    0x2000026f   Section        2  hal_i2c_master.o(.data)
    s_i2c_master_status                      0x2000026f   Data           2  hal_i2c_master.o(.data)
    .data                                    0x20000271   Section        6  i2c.o(.data)
    gucI2C1Enable                            0x20000271   Data           1  i2c.o(.data)
    gucI2C2Enable                            0x20000272   Data           1  i2c.o(.data)
    gucI2C1RxGDMAIdx                         0x20000273   Data           1  i2c.o(.data)
    gucI2C1TxGDMAIdx                         0x20000274   Data           1  i2c.o(.data)
    gucI2C2RxGDMAIdx                         0x20000275   Data           1  i2c.o(.data)
    gucI2C2TxGDMAIdx                         0x20000276   Data           1  i2c.o(.data)
    .data                                    0x20000278   Section        8  system_mt7687.o(.data)
    System_Initialize_Done                   0x2000027c   Data           4  system_mt7687.o(.data)
    .data                                    0x20000280   Section        4  stdout.o(.data)
    .data                                    0x20000284   Section        4  errno.o(.data)
    _errno                                   0x20000284   Data           4  errno.o(.data)
    .bss                                     0x20000288   Section       22  dma.o(.bss)
    DMA_used_channel                         0x20000288   Data          11  dma.o(.bss)
    .bss                                     0x200002a0   Section       96  hal_uart.o(.bss)
    g_uart_context_table                     0x200002a0   Data          96  hal_uart.o(.bss)
    .bss                                     0x20000300   Section       28  hal_adc.o(.bss)
    .bss                                     0x2000031c   Section       80  hal_gpt.o(.bss)
    g_gpt_context                            0x2000031c   Data          80  hal_gpt.o(.bss)
    .bss                                     0x2000036c   Section       12  gpt.o(.bss)
    GPTTimer                                 0x2000036c   Data          12  gpt.o(.bss)
    .bss                                     0x20000378   Section      768  hal_nvic.o(.bss)
    .bss                                     0x20000678   Section       40  hal_i2c_master.o(.bss)
    g_i2c_context                            0x20000678   Data          40  hal_i2c_master.o(.bss)
    STACK                                    0x2003f000   Section     3072  startup_mt7687.o(STACK)

    Global Symbols

    Symbol Name                              Value     Ov Type        Size  Object(Section)

    BuildAttributes$$THM_ISAv4$E$P$D$K$B$S$7EM$VFPi3$EXTD16$VFPS$VFMA$PE$A:L22UL41UL21$X:L11$S22US41US21$IEEE1$IW$USESV6$~STKCKD$USESV7$~SHL$OTIME$ROPI$IEEEX$EBA8$MICROLIB$REQ8$PRES8$EABIv2 0x00000000   Number         0  anon$$obj.o ABSOLUTE
    __ARM_use_no_argv                        0x00000000   Number         0  main.o ABSOLUTE
    _printf_a                                0x00000000   Number         0  stubs.o ABSOLUTE
    _printf_c                                0x00000000   Number         0  stubs.o ABSOLUTE
    _printf_charcount                        0x00000000   Number         0  stubs.o ABSOLUTE
    _printf_d                                0x00000000   Number         0  stubs.o ABSOLUTE
    _printf_e                                0x00000000   Number         0  stubs.o ABSOLUTE
    _printf_f                                0x00000000   Number         0  stubs.o ABSOLUTE
    _printf_flags                            0x00000000   Number         0  stubs.o ABSOLUTE
    _printf_fp_dec                           0x00000000   Number         0  stubs.o ABSOLUTE
    _printf_fp_hex                           0x00000000   Number         0  stubs.o ABSOLUTE
    _printf_g                                0x00000000   Number         0  stubs.o ABSOLUTE
    _printf_i                                0x00000000   Number         0  stubs.o ABSOLUTE
    _printf_int_dec                          0x00000000   Number         0  stubs.o ABSOLUTE
    _printf_l                                0x00000000   Number         0  stubs.o ABSOLUTE
    _printf_lc                               0x00000000   Number         0  stubs.o ABSOLUTE
    _printf_ll                               0x00000000   Number         0  stubs.o ABSOLUTE
    _printf_lld                              0x00000000   Number         0  stubs.o ABSOLUTE
    _printf_lli                              0x00000000   Number         0  stubs.o ABSOLUTE
    _printf_llo                              0x00000000   Number         0  stubs.o ABSOLUTE
    _printf_llu                              0x00000000   Number         0  stubs.o ABSOLUTE
    _printf_llx                              0x00000000   Number         0  stubs.o ABSOLUTE
    _printf_longlong_dec                     0x00000000   Number         0  stubs.o ABSOLUTE
    _printf_longlong_hex                     0x00000000   Number         0  stubs.o ABSOLUTE
    _printf_longlong_oct                     0x00000000   Number         0  stubs.o ABSOLUTE
    _printf_ls                               0x00000000   Number         0  stubs.o ABSOLUTE
    _printf_mbtowc                           0x00000000   Number         0  stubs.o ABSOLUTE
    _printf_n                                0x00000000   Number         0  stubs.o ABSOLUTE
    _printf_o                                0x00000000   Number         0  stubs.o ABSOLUTE
    _printf_p                                0x00000000   Number         0  stubs.o ABSOLUTE
    _printf_percent                          0x00000000   Number         0  stubs.o ABSOLUTE
    _printf_pre_padding                      0x00000000   Number         0  stubs.o ABSOLUTE
    _printf_return_value                     0x00000000   Number         0  stubs.o ABSOLUTE
    _printf_s                                0x00000000   Number         0  stubs.o ABSOLUTE
    _printf_sizespec                         0x00000000   Number         0  stubs.o ABSOLUTE
    _printf_str                              0x00000000   Number         0  stubs.o ABSOLUTE
    _printf_truncate_signed                  0x00000000   Number         0  stubs.o ABSOLUTE
    _printf_truncate_unsigned                0x00000000   Number         0  stubs.o ABSOLUTE
    _printf_u                                0x00000000   Number         0  stubs.o ABSOLUTE
    _printf_wc                               0x00000000   Number         0  stubs.o ABSOLUTE
    _printf_wctomb                           0x00000000   Number         0  stubs.o ABSOLUTE
    _printf_widthprec                        0x00000000   Number         0  stubs.o ABSOLUTE
    _printf_x                                0x00000000   Number         0  stubs.o ABSOLUTE
    __cpp_initialize__aeabi_                  - Undefined Weak Reference
    __cxa_finalize                            - Undefined Weak Reference
    __decompress                              - Undefined Weak Reference
    _clock_init                               - Undefined Weak Reference
    _microlib_exit                            - Undefined Weak Reference
    __Vectors_Size                           0x000001c0   Number         0  startup_mt7687.o ABSOLUTE
    save_and_set_interrupt_mask              0x00100001   Thumb Code     8  nvic.o(.ramTEXT)
    restore_interrupt_mask                   0x00100009   Thumb Code     6  nvic.o(.ramTEXT)
    isrC_main                                0x00100011   Thumb Code    68  hal_nvic.o(.ramTEXT)
    Long Thumb to Thumb Veneer to log_hal_error_internal 0x0010007d   Thumb Code    10  anon$$obj.o(Veneer$$Code)
    Reset_Handler                            0x10079001   Thumb Code    20  startup_mt7687.o(.reset_handler)
    NMI_Handler                              0x10079015   Thumb Code     2  startup_mt7687.o(.reset_handler)
    HardFault_Handler                        0x10079017   Thumb Code     2  startup_mt7687.o(.reset_handler)
    MemManage_Handler                        0x10079019   Thumb Code     2  startup_mt7687.o(.reset_handler)
    BusFault_Handler                         0x1007901b   Thumb Code     2  startup_mt7687.o(.reset_handler)
    UsageFault_Handler                       0x1007901d   Thumb Code     2  startup_mt7687.o(.reset_handler)
    SVC_Handler                              0x1007901f   Thumb Code     2  startup_mt7687.o(.reset_handler)
    DebugMon_Handler                         0x10079021   Thumb Code     2  startup_mt7687.o(.reset_handler)
    PendSV_Handler                           0x10079023   Thumb Code     2  startup_mt7687.o(.reset_handler)
    SysTick_Handler                          0x10079025   Thumb Code     2  startup_mt7687.o(.reset_handler)
    __main                                   0x10079039   Thumb Code     0  entry.o(.ARM.Collect$$$$00000000)
    _main_stk                                0x10079039   Thumb Code     0  entry2.o(.ARM.Collect$$$$00000001)
    _main_scatterload                        0x1007903d   Thumb Code     0  entry5.o(.ARM.Collect$$$$00000004)
    __main_after_scatterload                 0x10079041   Thumb Code     0  entry5.o(.ARM.Collect$$$$00000004)
    _main_clock                              0x10079041   Thumb Code     0  entry7b.o(.ARM.Collect$$$$00000008)
    _main_cpp_init                           0x10079041   Thumb Code     0  entry8b.o(.ARM.Collect$$$$0000000A)
    _main_init                               0x10079041   Thumb Code     0  entry9a.o(.ARM.Collect$$$$0000000B)
    __rt_final_cpp                           0x10079049   Thumb Code     0  entry10a.o(.ARM.Collect$$$$0000000D)
    __rt_final_exit                          0x10079049   Thumb Code     0  entry11a.o(.ARM.Collect$$$$0000000F)
    __aeabi_memcpy                           0x1007904d   Thumb Code    36  memcpya.o(.text)
    __aeabi_memcpy4                          0x1007904d   Thumb Code     0  memcpya.o(.text)
    __aeabi_memcpy8                          0x1007904d   Thumb Code     0  memcpya.o(.text)
    __aeabi_memset                           0x10079071   Thumb Code    14  memseta.o(.text)
    __aeabi_memset4                          0x10079071   Thumb Code     0  memseta.o(.text)
    __aeabi_memset8                          0x10079071   Thumb Code     0  memseta.o(.text)
    __aeabi_memclr                           0x1007907f   Thumb Code     4  memseta.o(.text)
    __aeabi_memclr4                          0x1007907f   Thumb Code     0  memseta.o(.text)
    __aeabi_memclr8                          0x1007907f   Thumb Code     0  memseta.o(.text)
    _memset$wrapper                          0x10079083   Thumb Code    18  memseta.o(.text)
    __aeabi_dmul                             0x10079095   Thumb Code   228  dmul.o(.text)
    __aeabi_ddiv                             0x10079179   Thumb Code   222  ddiv.o(.text)
    __aeabi_i2d                              0x10079257   Thumb Code    34  dflti.o(.text)
    __aeabi_f2d                              0x10079279   Thumb Code    38  f2d.o(.text)
    __aeabi_d2f                              0x1007929f   Thumb Code    56  d2f.o(.text)
    __aeabi_uidiv                            0x100792d7   Thumb Code     0  uidiv.o(.text)
    __aeabi_uidivmod                         0x100792d7   Thumb Code    44  uidiv.o(.text)
    __aeabi_uldivmod                         0x10079303   Thumb Code    98  uldiv.o(.text)
    __I$use$fp                               0x10079365   Thumb Code     0  iusefp.o(.text)
    _float_round                             0x10079365   Thumb Code    18  fepilogue.o(.text)
    _float_epilogue                          0x10079377   Thumb Code    92  fepilogue.o(.text)
    _double_round                            0x100793d3   Thumb Code    30  depilogue.o(.text)
    _double_epilogue                         0x100793f1   Thumb Code   156  depilogue.o(.text)
    __aeabi_dadd                             0x1007948d   Thumb Code   322  dadd.o(.text)
    __aeabi_dsub                             0x100795cf   Thumb Code     6  dadd.o(.text)
    __aeabi_drsub                            0x100795d5   Thumb Code     6  dadd.o(.text)
    _dsqrt                                   0x100795db   Thumb Code   162  dsqrt.o(.text)
    __aeabi_d2ulz                            0x1007967d   Thumb Code    48  dfixul.o(.text)
    __aeabi_cdrcmple                         0x100796ad   Thumb Code    48  cdrcmple.o(.text)
    __scatterload                            0x100796dd   Thumb Code    28  init.o(.text)
    __scatterload_rt2                        0x100796dd   Thumb Code     0  init.o(.text)
    __aeabi_llsl                             0x10079701   Thumb Code    30  llshl.o(.text)
    _ll_shift_l                              0x10079701   Thumb Code     0  llshl.o(.text)
    __aeabi_llsr                             0x1007971f   Thumb Code    32  llushr.o(.text)
    _ll_ushift_r                             0x1007971f   Thumb Code     0  llushr.o(.text)
    __aeabi_lasr                             0x1007973f   Thumb Code    36  llsshr.o(.text)
    _ll_sshift_r                             0x1007973f   Thumb Code     0  llsshr.o(.text)
    Long Thumb to Thumb Veneer to save_and_set_interrupt_mask 0x10079763   Thumb Code    10  anon$$obj.o(Veneer$$Code)
    Long Thumb to Thumb Veneer to restore_interrupt_mask 0x1007976d   Thumb Code    10  anon$$obj.o(Veneer$$Code)
    CM4_GPT2Init                             0x10079777   Thumb Code    10  gpt.o(i.CM4_GPT2Init)
    CM4_GPT4Init                             0x10079781   Thumb Code    10  gpt.o(i.CM4_GPT4Init)
    CachePreInit                             0x1007978d   Thumb Code    38  system_mt7687.o(i.CachePreInit)
    DMA_Clock_Disable                        0x100797c1   Thumb Code    14  dma.o(i.DMA_Clock_Disable)
    DMA_Clock_Enable                         0x100797cf   Thumb Code    14  dma.o(i.DMA_Clock_Enable)
    DMA_ERROR_LISR                           0x100797dd   Thumb Code     2  dma.o(i.DMA_ERROR_LISR)
    DMA_GetChannel                           0x100797e1   Thumb Code    60  dma.o(i.DMA_GetChannel)
    DMA_Init                                 0x10079825   Thumb Code    76  dma.o(i.DMA_Init)
    DMA_LISR                                 0x1007987d   Thumb Code   378  dma.o(i.DMA_LISR)
    DMA_Stop                                 0x10079a01   Thumb Code    18  dma.o(i.DMA_Stop)
    DMA_Vfifo_Flush                          0x10079a19   Thumb Code    22  dma.o(i.DMA_Vfifo_Flush)
    DMA_Vfifo_Register_Callback              0x10079a35   Thumb Code    12  dma.o(i.DMA_Vfifo_Register_Callback)
    DMA_Vfifo_SetAdrs                        0x10079a45   Thumb Code    24  dma.o(i.DMA_Vfifo_SetAdrs)
    DMA_Vfifo_disable_interrupt              0x10079a61   Thumb Code    16  dma.o(i.DMA_Vfifo_disable_interrupt)
    DMA_Vfifo_init                           0x10079a75   Thumb Code   174  dma.o(i.DMA_Vfifo_init)
    GPT_INT_Handler                          0x10079b85   Thumb Code    46  gpt.o(i.GPT_INT_Handler)
    GPT_init                                 0x10079bbd   Thumb Code   150  gpt.o(i.GPT_init)
    GPT_return_current_count                 0x10079cbd   Thumb Code    46  gpt.o(i.GPT_return_current_count)
    MPU_READ                                 0x10079d4d   Thumb Code   488  main.o(i.MPU_READ)
    MPU_init                                 0x10079f4d   Thumb Code    72  main.o(i.MPU_init)
    SYSefuse_Read16Bytes                     0x10079fad   Thumb Code    70  hal_efuse.o(i.SYSefuse_Read16Bytes)
    SysTick_Set                              0x1007a001   Thumb Code    36  system_mt7687.o(i.SysTick_Set)
    SystemCoreClockUpdate                    0x1007a025   Thumb Code    12  system_mt7687.o(i.SystemCoreClockUpdate)
    SystemInit                               0x1007a035   Thumb Code    32  system_mt7687.o(i.SystemInit)
    __0printf                                0x1007a059   Thumb Code    22  printfa.o(i.__0printf)
    __1printf                                0x1007a059   Thumb Code     0  printfa.o(i.__0printf)
    __2printf                                0x1007a059   Thumb Code     0  printfa.o(i.__0printf)
    __c89printf                              0x1007a059   Thumb Code     0  printfa.o(i.__0printf)
    printf                                   0x1007a059   Thumb Code     0  printfa.o(i.__0printf)
    __0vprintf                               0x1007a079   Thumb Code     8  printfa.o(i.__0vprintf)
    __1vprintf                               0x1007a079   Thumb Code     0  printfa.o(i.__0vprintf)
    __2vprintf                               0x1007a079   Thumb Code     0  printfa.o(i.__0vprintf)
    __c89vprintf                             0x1007a079   Thumb Code     0  printfa.o(i.__0vprintf)
    vprintf                                  0x1007a079   Thumb Code     0  printfa.o(i.__0vprintf)
    __ARM_fpclassify                         0x1007a089   Thumb Code    48  fpclassify.o(i.__ARM_fpclassify)
    __hardfp_atan                            0x1007a0b9   Thumb Code   622  atan.o(i.__hardfp_atan)
    __hardfp_sqrt                            0x1007a391   Thumb Code   122  sqrt.o(i.__hardfp_sqrt)
    __kernel_poly                            0x1007a40b   Thumb Code   248  poly.o(i.__kernel_poly)
    __mathlib_dbl_infnan                     0x1007a503   Thumb Code    20  dunder.o(i.__mathlib_dbl_infnan)
    __mathlib_dbl_underflow                  0x1007a519   Thumb Code    24  dunder.o(i.__mathlib_dbl_underflow)
    __scatterload_copy                       0x1007a539   Thumb Code    14  handlers.o(i.__scatterload_copy)
    __scatterload_null                       0x1007a547   Thumb Code     2  handlers.o(i.__scatterload_null)
    __scatterload_zeroinit                   0x1007a549   Thumb Code    14  handlers.o(i.__scatterload_zeroinit)
    __set_errno                              0x1007a559   Thumb Code     6  errno.o(i.__set_errno)
    clear_TMR_INT_status_bit                 0x1007ae19   Thumb Code    18  timer.o(i.clear_TMR_INT_status_bit)
    delay_ms                                 0x1007ae31   Thumb Code    44  timer.o(i.delay_ms)
    delay_time                               0x1007ae5d   Thumb Code    22  timer.o(i.delay_time)
    fabs                                     0x1007ae73   Thumb Code    24  fabs.o(i.fabs)
    fputc                                    0x1007ae8b   Thumb Code    16  main.o(i.fputc)
    get_current_count                        0x1007ae9b   Thumb Code     6  timer.o(i.get_current_count)
    get_current_gpt4_count                   0x1007aea1   Thumb Code     6  timer.o(i.get_current_gpt4_count)
    gpio_direction                           0x1007aea7   Thumb Code     4  low_hal_gpio.o(i.gpio_direction)
    gpio_get_status                          0x1007aeab   Thumb Code    42  low_hal_gpio.o(i.gpio_get_status)
    halADC_Fifo_Get_Length                   0x1007aed5   Thumb Code    60  hal_adc.o(i.halADC_Fifo_Get_Length)
    halADC_Fifo_Read_Data                    0x1007af1d   Thumb Code    52  hal_adc.o(i.halADC_Fifo_Read_Data)
    halADC_Fsm_Param_Set                     0x1007af5d   Thumb Code   266  hal_adc.o(i.halADC_Fsm_Param_Set)
    halADC_Get_ADC_Efuse                     0x1007b07d   Thumb Code    54  hal_adc.o(i.halADC_Get_ADC_Efuse)
    halADC_LISR                              0x1007b0b9   Thumb Code     2  hal_adc.o(i.halADC_LISR)
    halADC_Remove_Data_Offset                0x1007b0bd   Thumb Code   140  hal_adc.o(i.halADC_Remove_Data_Offset)
    halADC_VDMA_Callback                     0x1007b14d   Thumb Code     2  hal_adc.o(i.halADC_VDMA_Callback)
    halGPIO_ConfDirection                    0x1007b151   Thumb Code   324  hal_gpio_7687.o(i.halGPIO_ConfDirection)
    halI2CChkStatus                          0x1007b29d   Thumb Code   110  hal_i2c.o(i.halI2CChkStatus)
    halI2CClearFIFO                          0x1007b30b   Thumb Code    34  hal_i2c.o(i.halI2CClearFIFO)
    halI2CGetBaseAddr                        0x1007b32d   Thumb Code    20  hal_i2c.o(i.halI2CGetBaseAddr)
    halI2CGetBusyStatus                      0x1007b349   Thumb Code    30  hal_i2c.o(i.halI2CGetBusyStatus)
    halI2CGetFIFOSpace                       0x1007b367   Thumb Code    42  hal_i2c.o(i.halI2CGetFIFOSpace)
    halI2CGetFIFOStatus                      0x1007b391   Thumb Code    12  hal_i2c.o(i.halI2CGetFIFOStatus)
    halI2CInit                               0x1007b39d   Thumb Code   100  hal_i2c.o(i.halI2CInit)
    halI2CMasterCtrl                         0x1007b401   Thumb Code   116  hal_i2c.o(i.halI2CMasterCtrl)
    halI2CNormalRead                         0x1007b489   Thumb Code   232  hal_i2c.o(i.halI2CNormalRead)
    halI2CNormalWrite                        0x1007b5fd   Thumb Code   252  hal_i2c.o(i.halI2CNormalWrite)
    halI2CRxFIFOSpace                        0x1007b789   Thumb Code    14  hal_i2c.o(i.halI2CRxFIFOSpace)
    halI2CTxFIFOSpace                        0x1007b797   Thumb Code    14  hal_i2c.o(i.halI2CTxFIFOSpace)
    halPinmuxTopOnPadFunc                    0x1007b7a5   Thumb Code   500  hal_pinmux.o(i.halPinmuxTopOnPadFunc)
    halUART_Get_VFIFO_Length                 0x1007b99d   Thumb Code    52  uart.o(i.halUART_Get_VFIFO_Length)
    halUART_HWInit                           0x1007b9d9   Thumb Code    44  uart.o(i.halUART_HWInit)
    halUART_SetFormat                        0x1007ba0d   Thumb Code   214  uart.o(i.halUART_SetFormat)
    hal_adc_get_data_polling                 0x1007baf5   Thumb Code   224  hal_adc.o(i.hal_adc_get_data_polling)
    hal_adc_init                             0x1007bbdd   Thumb Code   206  hal_adc.o(i.hal_adc_init)
    hal_efuse_read                           0x1007bcc9   Thumb Code   112  hal_efuse.o(i.hal_efuse_read)
    hal_gpio_get_input                       0x1007bd3d   Thumb Code    40  hal_gpio.o(i.hal_gpio_get_input)
    hal_gpio_init                            0x1007bd65   Thumb Code     4  hal_gpio.o(i.hal_gpio_init)
    hal_gpio_set_direction                   0x1007bd69   Thumb Code    30  hal_gpio.o(i.hal_gpio_set_direction)
    hal_gpt_delay_ms                         0x1007bd89   Thumb Code    34  hal_gpt.o(i.hal_gpt_delay_ms)
    hal_gpt_get_duration_count               0x1007bdb1   Thumb Code    16  hal_gpt.o(i.hal_gpt_get_duration_count)
    hal_gpt_get_free_run_count               0x1007bdc1   Thumb Code   120  hal_gpt.o(i.hal_gpt_get_free_run_count)
    hal_i2c_master_init                      0x1007be69   Thumb Code   178  hal_i2c_master.o(i.hal_i2c_master_init)
    hal_i2c_master_receive_polling           0x1007bf7d   Thumb Code   148  hal_i2c_master.o(i.hal_i2c_master_receive_polling)
    hal_i2c_master_send_polling              0x1007c06d   Thumb Code   148  hal_i2c_master.o(i.hal_i2c_master_send_polling)
    hal_nvic_disable_irq                     0x1007c165   Thumb Code    34  hal_nvic.o(i.hal_nvic_disable_irq)
    hal_nvic_enable_irq                      0x1007c187   Thumb Code    34  hal_nvic.o(i.hal_nvic_enable_irq)
    hal_nvic_register_isr_handler            0x1007c1a9   Thumb Code    54  hal_nvic.o(i.hal_nvic_register_isr_handler)
    hal_nvic_restore_interrupt_mask          0x1007c1e5   Thumb Code    10  hal_nvic.o(i.hal_nvic_restore_interrupt_mask)
    hal_nvic_save_and_set_interrupt_mask     0x1007c1ef   Thumb Code    14  hal_nvic.o(i.hal_nvic_save_and_set_interrupt_mask)
    hal_nvic_set_priority                    0x1007c1fd   Thumb Code    44  hal_nvic.o(i.hal_nvic_set_priority)
    hal_pinmux_set_function                  0x1007c229   Thumb Code    40  hal_gpio.o(i.hal_pinmux_set_function)
    hal_uart_get_available_receive_bytes     0x1007c2a1   Thumb Code    30  hal_uart.o(i.hal_uart_get_available_receive_bytes)
    hal_uart_init                            0x1007c2c1   Thumb Code    96  hal_uart.o(i.hal_uart_init)
    hal_uart_put_char                        0x1007c34b   Thumb Code    12  hal_uart.o(i.hal_uart_put_char)
    hal_uart_set_format                      0x1007c3c1   Thumb Code   126  hal_uart.o(i.hal_uart_set_format)
    halgetGPIO_DIN                           0x1007c451   Thumb Code    38  hal_gpio_7687.o(i.halgetGPIO_DIN)
    halgetGPIO_DOUT                          0x1007c47d   Thumb Code    34  hal_gpio_7687.o(i.halgetGPIO_DOUT)
    halgetGPIO_OutEnable                     0x1007c4a5   Thumb Code    38  hal_gpio_7687.o(i.halgetGPIO_OutEnable)
    i2c_configure                            0x1007c4d1   Thumb Code    62  i2c.o(i.i2c_configure)
    i2c_enable                               0x1007c511   Thumb Code    86  i2c.o(i.i2c_enable)
    i2c_read_via_mcu                         0x1007c675   Thumb Code    40  i2c.o(i.i2c_read_via_mcu)
    i2c_send                                 0x1007c6cd   Thumb Code    24  main.o(i.i2c_send)
    i2c_write_via_mcu                        0x1007c6e5   Thumb Code    40  i2c.o(i.i2c_write_via_mcu)
    log_hal_error_internal                   0x1007c741   Thumb Code    30  hal_log.o(i.log_hal_error_internal)
    main                                     0x1007c761   Thumb Code   656  main.o(i.main)
    pinmux_config                            0x1007ca1d   Thumb Code   188  pinmux.o(i.pinmux_config)
    top_mcu_freq_get                         0x1007cad9   Thumb Code     6  top.o(i.top_mcu_freq_get)
    top_xtal_freq_get                        0x1007cae5   Thumb Code     6  top.o(i.top_xtal_freq_get)
    top_xtal_init                            0x1007caf1   Thumb Code   108  top.o(i.top_xtal_init)
    uart_output_char                         0x1007cb91   Thumb Code    18  uart.o(i.uart_output_char)
    uart_reset_default_value                 0x1007cbad   Thumb Code    74  uart.o(i.uart_reset_default_value)
    Region$$Table$$Base                      0x1007d024   Number         0  anon$$obj.o(Region$$Table)
    Region$$Table$$Limit                     0x1007d074   Number         0  anon$$obj.o(Region$$Table)
    __isr_vector                             0x20000000   Data           4  startup_mt7687.o(.isr_vector)
    __Vectors_End                            0x200001c0   Data           0  startup_mt7687.o(.isr_vector)
    DMA_LISR_FUNC                            0x200001cc   Data          44  dma.o(.data)
    DMA_VFIFO_LISR_FUNC                      0x200001f8   Data          56  dma.o(.data)
    DMA_VFIFO_TO_LISR_FUNC                   0x20000230   Data          56  dma.o(.data)
    gUartClkFreq                             0x20000268   Data           4  uart.o(.data)
    g_adc_status                             0x2000026c   Data           1  hal_adc.o(.data)
    g_adc_efuse_offset                       0x2000026d   Data           1  hal_adc.o(.data)
    g_adc_efuse_gain                         0x2000026e   Data           1  hal_adc.o(.data)
    SystemCoreClock                          0x20000278   Data           4  system_mt7687.o(.data)
    __stdout                                 0x20000280   Data           4  stdout.o(.data)
    DMA_Owner                                0x20000293   Data          11  dma.o(.bss)
    g_rAdcInfo                               0x20000300   Data          28  hal_adc.o(.bss)
    nvic_function_table                      0x20000378   Data         768  hal_nvic.o(.bss)
    __initial_sp                             0x2003fc00   Data           0  startup_mt7687.o(STACK)



==============================================================================

Memory Map of the image

  Image Entry point : 0x10079001

  Load Region ROM (Base: 0x10079000, Size: 0x00004384, Max: 0x001ed000, ABSOLUTE)

    Execution Region TCM (Exec base: 0x00100000, Load base: 0x1007d074, Size: 0x00000088, Max: 0xffffffff, ABSOLUTE)

    Exec Addr    Load Addr    Size         Type   Attr      Idx    E Section Name        Object

    0x00100000   0x1007d074   0x0000000e   Code   RO          803    .ramTEXT            nvic.o
    0x0010000e   0x1007d082   0x00000002   PAD
    0x00100010   0x1007d084   0x0000006c   Code   RO         1723    .ramTEXT            hal_nvic.o
    0x0010007c   0x1007d0f0   0x0000000a   Ven    RO         2732    Veneer$$Code        anon$$obj.o


    Execution Region TEXT (Exec base: 0x10079000, Load base: 0x10079000, Size: 0x00004074, Max: 0xffffffff, ABSOLUTE)

    Exec Addr    Load Addr    Size         Type   Attr      Idx    E Section Name        Object

    0x10079000   0x10079000   0x00000038   Code   RO         2263  * .reset_handler      startup_mt7687.o
    0x10079038   0x10079038   0x00000000   Code   RO         2365  * .ARM.Collect$$$$00000000  mc_w.l(entry.o)
    0x10079038   0x10079038   0x00000004   Code   RO         2671    .ARM.Collect$$$$00000001  mc_w.l(entry2.o)
    0x1007903c   0x1007903c   0x00000004   Code   RO         2674    .ARM.Collect$$$$00000004  mc_w.l(entry5.o)
    0x10079040   0x10079040   0x00000000   Code   RO         2676    .ARM.Collect$$$$00000008  mc_w.l(entry7b.o)
    0x10079040   0x10079040   0x00000000   Code   RO         2678    .ARM.Collect$$$$0000000A  mc_w.l(entry8b.o)
    0x10079040   0x10079040   0x00000008   Code   RO         2679    .ARM.Collect$$$$0000000B  mc_w.l(entry9a.o)
    0x10079048   0x10079048   0x00000000   Code   RO         2681    .ARM.Collect$$$$0000000D  mc_w.l(entry10a.o)
    0x10079048   0x10079048   0x00000000   Code   RO         2683    .ARM.Collect$$$$0000000F  mc_w.l(entry11a.o)
    0x10079048   0x10079048   0x00000004   Code   RO         2672    .ARM.Collect$$$$00002712  mc_w.l(entry2.o)
    0x1007904c   0x1007904c   0x00000024   Code   RO         2370    .text               mc_w.l(memcpya.o)
    0x10079070   0x10079070   0x00000024   Code   RO         2372    .text               mc_w.l(memseta.o)
    0x10079094   0x10079094   0x000000e4   Code   RO         2637    .text               mf_w.l(dmul.o)
    0x10079178   0x10079178   0x000000de   Code   RO         2639    .text               mf_w.l(ddiv.o)
    0x10079256   0x10079256   0x00000022   Code   RO         2641    .text               mf_w.l(dflti.o)
    0x10079278   0x10079278   0x00000026   Code   RO         2643    .text               mf_w.l(f2d.o)
    0x1007929e   0x1007929e   0x00000038   Code   RO         2645    .text               mf_w.l(d2f.o)
    0x100792d6   0x100792d6   0x0000002c   Code   RO         2686    .text               mc_w.l(uidiv.o)
    0x10079302   0x10079302   0x00000062   Code   RO         2688    .text               mc_w.l(uldiv.o)
    0x10079364   0x10079364   0x00000000   Code   RO         2697    .text               mc_w.l(iusefp.o)
    0x10079364   0x10079364   0x0000006e   Code   RO         2698    .text               mf_w.l(fepilogue.o)
    0x100793d2   0x100793d2   0x000000ba   Code   RO         2700    .text               mf_w.l(depilogue.o)
    0x1007948c   0x1007948c   0x0000014e   Code   RO         2702    .text               mf_w.l(dadd.o)
    0x100795da   0x100795da   0x000000a2   Code   RO         2706    .text               mf_w.l(dsqrt.o)
    0x1007967c   0x1007967c   0x00000030   Code   RO         2708    .text               mf_w.l(dfixul.o)
    0x100796ac   0x100796ac   0x00000030   Code   RO         2712    .text               mf_w.l(cdrcmple.o)
    0x100796dc   0x100796dc   0x00000024   Code   RO         2714    .text               mc_w.l(init.o)
    0x10079700   0x10079700   0x0000001e   Code   RO         2716    .text               mc_w.l(llshl.o)
    0x1007971e   0x1007971e   0x00000020   Code   RO         2718    .text               mc_w.l(llushr.o)
    0x1007973e   0x1007973e   0x00000024   Code   RO         2720    .text               mc_w.l(llsshr.o)
    0x10079762   0x10079762   0x0000000a   Ven    RO         2730    Veneer$$Code        anon$$obj.o
    0x1007976c   0x1007976c   0x0000000a   Ven    RO         2731    Veneer$$Code        anon$$obj.o
    0x10079776   0x10079776   0x0000000a   Code   RO         1452    i.CM4_GPT2Init      gpt.o
    0x10079780   0x10079780   0x0000000a   Code   RO         1453    i.CM4_GPT4Init      gpt.o
    0x1007978a   0x1007978a   0x00000002   PAD
    0x1007978c   0x1007978c   0x00000034   Code   RO         2270    i.CachePreInit      system_mt7687.o
    0x100797c0   0x100797c0   0x0000000e   Code   RO          495    i.DMA_Clock_Disable  dma.o
    0x100797ce   0x100797ce   0x0000000e   Code   RO          496    i.DMA_Clock_Enable  dma.o
    0x100797dc   0x100797dc   0x00000002   Code   RO          498    i.DMA_ERROR_LISR    dma.o
    0x100797de   0x100797de   0x00000002   PAD
    0x100797e0   0x100797e0   0x00000044   Code   RO          502    i.DMA_GetChannel    dma.o
    0x10079824   0x10079824   0x00000058   Code   RO          503    i.DMA_Init          dma.o
    0x1007987c   0x1007987c   0x00000184   Code   RO          504    i.DMA_LISR          dma.o
    0x10079a00   0x10079a00   0x00000018   Code   RO          507    i.DMA_Stop          dma.o
    0x10079a18   0x10079a18   0x0000001c   Code   RO          509    i.DMA_Vfifo_Flush   dma.o
    0x10079a34   0x10079a34   0x00000010   Code   RO          510    i.DMA_Vfifo_Register_Callback  dma.o
    0x10079a44   0x10079a44   0x0000001c   Code   RO          512    i.DMA_Vfifo_SetAdrs  dma.o
    0x10079a60   0x10079a60   0x00000014   Code   RO          514    i.DMA_Vfifo_disable_interrupt  dma.o
    0x10079a74   0x10079a74   0x00000110   Code   RO          516    i.DMA_Vfifo_init    dma.o
    0x10079b84   0x10079b84   0x00000038   Code   RO         1454    i.GPT_INT_Handler   gpt.o
    0x10079bbc   0x10079bbc   0x00000100   Code   RO         1458    i.GPT_init          gpt.o
    0x10079cbc   0x10079cbc   0x00000090   Code   RO         1459    i.GPT_return_current_count  gpt.o
    0x10079d4c   0x10079d4c   0x00000200   Code   RO            4    i.MPU_READ          main.o
    0x10079f4c   0x10079f4c   0x00000048   Code   RO            5    i.MPU_init          main.o
    0x10079f94   0x10079f94   0x00000016   Code   RO         1725    i.NVIC_ClearPendingIRQ  hal_nvic.o
    0x10079faa   0x10079faa   0x00000002   PAD
    0x10079fac   0x10079fac   0x00000054   Code   RO         2333    i.SYSefuse_Read16Bytes  libhal_core_CM4_Keil.lib(hal_efuse.o)
    0x1007a000   0x1007a000   0x00000024   Code   RO         2273    i.SysTick_Set       system_mt7687.o
    0x1007a024   0x1007a024   0x00000010   Code   RO         2274    i.SystemCoreClockUpdate  system_mt7687.o
    0x1007a034   0x1007a034   0x00000024   Code   RO         2275    i.SystemInit        system_mt7687.o
    0x1007a058   0x1007a058   0x00000020   Code   RO         2609    i.__0printf         mc_w.l(printfa.o)
    0x1007a078   0x1007a078   0x00000010   Code   RO         2613    i.__0vprintf        mc_w.l(printfa.o)
    0x1007a088   0x1007a088   0x00000030   Code   RO         2667    i.__ARM_fpclassify  m_wm.l(fpclassify.o)
    0x1007a0b8   0x1007a0b8   0x000002d8   Code   RO         2339    i.__hardfp_atan     m_wm.l(atan.o)
    0x1007a390   0x1007a390   0x0000007a   Code   RO         2353    i.__hardfp_sqrt     m_wm.l(sqrt.o)
    0x1007a40a   0x1007a40a   0x000000f8   Code   RO         2669    i.__kernel_poly     m_wm.l(poly.o)
    0x1007a502   0x1007a502   0x00000014   Code   RO         2648    i.__mathlib_dbl_infnan  m_wm.l(dunder.o)
    0x1007a516   0x1007a516   0x00000002   PAD
    0x1007a518   0x1007a518   0x00000020   Code   RO         2653    i.__mathlib_dbl_underflow  m_wm.l(dunder.o)
    0x1007a538   0x1007a538   0x0000000e   Code   RO         2724    i.__scatterload_copy  mc_w.l(handlers.o)
    0x1007a546   0x1007a546   0x00000002   Code   RO         2725    i.__scatterload_null  mc_w.l(handlers.o)
    0x1007a548   0x1007a548   0x0000000e   Code   RO         2726    i.__scatterload_zeroinit  mc_w.l(handlers.o)
    0x1007a556   0x1007a556   0x00000002   PAD
    0x1007a558   0x1007a558   0x0000000c   Code   RO         2692    i.__set_errno       mc_w.l(errno.o)
    0x1007a564   0x1007a564   0x00000184   Code   RO         2616    i._fp_digits        mc_w.l(printfa.o)
    0x1007a6e8   0x1007a6e8   0x000006dc   Code   RO         2617    i._printf_core      mc_w.l(printfa.o)
    0x1007adc4   0x1007adc4   0x00000024   Code   RO         2618    i._printf_post_padding  mc_w.l(printfa.o)
    0x1007ade8   0x1007ade8   0x0000002e   Code   RO         2619    i._printf_pre_padding  mc_w.l(printfa.o)
    0x1007ae16   0x1007ae16   0x00000002   PAD
    0x1007ae18   0x1007ae18   0x00000018   Code   RO         1524    i.clear_TMR_INT_status_bit  timer.o
    0x1007ae30   0x1007ae30   0x0000002c   Code   RO         1525    i.delay_ms          timer.o
    0x1007ae5c   0x1007ae5c   0x00000016   Code   RO         1526    i.delay_time        timer.o
    0x1007ae72   0x1007ae72   0x00000018   Code   RO         2663    i.fabs              m_wm.l(fabs.o)
    0x1007ae8a   0x1007ae8a   0x00000010   Code   RO            6    i.fputc             main.o
    0x1007ae9a   0x1007ae9a   0x00000006   Code   RO         1532    i.get_current_count  timer.o
    0x1007aea0   0x1007aea0   0x00000006   Code   RO         1533    i.get_current_gpt4_count  timer.o
    0x1007aea6   0x1007aea6   0x00000004   Code   RO          705    i.gpio_direction    low_hal_gpio.o
    0x1007aeaa   0x1007aeaa   0x0000002a   Code   RO          706    i.gpio_get_status   low_hal_gpio.o
    0x1007aed4   0x1007aed4   0x00000048   Code   RO         1235    i.halADC_Fifo_Get_Length  hal_adc.o
    0x1007af1c   0x1007af1c   0x00000040   Code   RO         1236    i.halADC_Fifo_Read_Data  hal_adc.o
    0x1007af5c   0x1007af5c   0x00000120   Code   RO         1239    i.halADC_Fsm_Param_Set  hal_adc.o
    0x1007b07c   0x1007b07c   0x0000003c   Code   RO         1240    i.halADC_Get_ADC_Efuse  hal_adc.o
    0x1007b0b8   0x1007b0b8   0x00000002   Code   RO         1241    i.halADC_LISR       hal_adc.o
    0x1007b0ba   0x1007b0ba   0x00000002   PAD
    0x1007b0bc   0x1007b0bc   0x00000090   Code   RO         1242    i.halADC_Remove_Data_Offset  hal_adc.o
    0x1007b14c   0x1007b14c   0x00000002   Code   RO         1243    i.halADC_VDMA_Callback  hal_adc.o
    0x1007b14e   0x1007b14e   0x00000002   PAD
    0x1007b150   0x1007b150   0x0000014c   Code   RO          384    i.halGPIO_ConfDirection  hal_gpio_7687.o
    0x1007b29c   0x1007b29c   0x0000006e   Code   RO         2140    i.halI2CChkStatus   hal_i2c.o
    0x1007b30a   0x1007b30a   0x00000022   Code   RO         2141    i.halI2CClearFIFO   hal_i2c.o
    0x1007b32c   0x1007b32c   0x0000001c   Code   RO         2147    i.halI2CGetBaseAddr  hal_i2c.o
    0x1007b348   0x1007b348   0x0000001e   Code   RO         2148    i.halI2CGetBusyStatus  hal_i2c.o
    0x1007b366   0x1007b366   0x0000002a   Code   RO         2149    i.halI2CGetFIFOSpace  hal_i2c.o
    0x1007b390   0x1007b390   0x0000000c   Code   RO         2150    i.halI2CGetFIFOStatus  hal_i2c.o
    0x1007b39c   0x1007b39c   0x00000064   Code   RO         2151    i.halI2CInit        hal_i2c.o
    0x1007b400   0x1007b400   0x00000088   Code   RO         2152    i.halI2CMasterCtrl  hal_i2c.o
    0x1007b488   0x1007b488   0x00000174   Code   RO         2153    i.halI2CNormalRead  hal_i2c.o
    0x1007b5fc   0x1007b5fc   0x0000018c   Code   RO         2154    i.halI2CNormalWrite  hal_i2c.o
    0x1007b788   0x1007b788   0x0000000e   Code   RO         2155    i.halI2CRxFIFOSpace  hal_i2c.o
    0x1007b796   0x1007b796   0x0000000e   Code   RO         2156    i.halI2CTxFIFOSpace  hal_i2c.o
    0x1007b7a4   0x1007b7a4   0x000001f8   Code   RO          672    i.halPinmuxTopOnPadFunc  hal_pinmux.o
    0x1007b99c   0x1007b99c   0x0000003c   Code   RO         1097    i.halUART_Get_VFIFO_Length  uart.o
    0x1007b9d8   0x1007b9d8   0x00000034   Code   RO         1098    i.halUART_HWInit    uart.o
    0x1007ba0c   0x1007ba0c   0x000000e8   Code   RO         1101    i.halUART_SetFormat  uart.o
    0x1007baf4   0x1007baf4   0x000000e8   Code   RO         1245    i.hal_adc_get_data_polling  hal_adc.o
    0x1007bbdc   0x1007bbdc   0x000000ec   Code   RO         1246    i.hal_adc_init      hal_adc.o
    0x1007bcc8   0x1007bcc8   0x00000074   Code   RO         2334    i.hal_efuse_read    libhal_core_CM4_Keil.lib(hal_efuse.o)
    0x1007bd3c   0x1007bd3c   0x00000028   Code   RO          270    i.hal_gpio_get_input  hal_gpio.o
    0x1007bd64   0x1007bd64   0x00000004   Code   RO          272    i.hal_gpio_init     hal_gpio.o
    0x1007bd68   0x1007bd68   0x0000001e   Code   RO          275    i.hal_gpio_set_direction  hal_gpio.o
    0x1007bd86   0x1007bd86   0x00000002   PAD
    0x1007bd88   0x1007bd88   0x00000028   Code   RO         1356    i.hal_gpt_delay_ms  hal_gpt.o
    0x1007bdb0   0x1007bdb0   0x00000010   Code   RO         1358    i.hal_gpt_get_duration_count  hal_gpt.o
    0x1007bdc0   0x1007bdc0   0x0000009c   Code   RO         1359    i.hal_gpt_get_free_run_count  hal_gpt.o
    0x1007be5c   0x1007be5c   0x0000000a   Code   RO         1951    i.hal_i2c_index_irq  hal_i2c_master.o
    0x1007be66   0x1007be66   0x00000002   PAD
    0x1007be68   0x1007be68   0x00000114   Code   RO         1954    i.hal_i2c_master_init  hal_i2c_master.o
    0x1007bf7c   0x1007bf7c   0x000000f0   Code   RO         1956    i.hal_i2c_master_receive_polling  hal_i2c_master.o
    0x1007c06c   0x1007c06c   0x000000f0   Code   RO         1959    i.hal_i2c_master_send_polling  hal_i2c_master.o
    0x1007c15c   0x1007c15c   0x00000008   Code   RO         1963    i.hal_i2c_translate_port  hal_i2c_master.o
    0x1007c164   0x1007c164   0x00000022   Code   RO         1727    i.hal_nvic_disable_irq  hal_nvic.o
    0x1007c186   0x1007c186   0x00000022   Code   RO         1728    i.hal_nvic_enable_irq  hal_nvic.o
    0x1007c1a8   0x1007c1a8   0x0000003c   Code   RO         1732    i.hal_nvic_register_isr_handler  hal_nvic.o
    0x1007c1e4   0x1007c1e4   0x0000000a   Code   RO         1733    i.hal_nvic_restore_interrupt_mask  hal_nvic.o
    0x1007c1ee   0x1007c1ee   0x0000000e   Code   RO         1734    i.hal_nvic_save_and_set_interrupt_mask  hal_nvic.o
    0x1007c1fc   0x1007c1fc   0x0000002c   Code   RO         1736    i.hal_nvic_set_priority  hal_nvic.o
    0x1007c228   0x1007c228   0x00000028   Code   RO          279    i.hal_pinmux_set_function  hal_gpio.o
    0x1007c250   0x1007c250   0x00000050   Code   RO          902    i.hal_uart_check_irq_disable  hal_uart.o
    0x1007c2a0   0x1007c2a0   0x0000001e   Code   RO          905    i.hal_uart_get_available_receive_bytes  hal_uart.o
    0x1007c2be   0x1007c2be   0x00000002   PAD
    0x1007c2c0   0x1007c2c0   0x00000064   Code   RO          909    i.hal_uart_init     hal_uart.o
    0x1007c324   0x1007c324   0x00000026   Code   RO          910    i.hal_uart_is_config_valid  hal_uart.o
    0x1007c34a   0x1007c34a   0x0000000c   Code   RO          911    i.hal_uart_put_char  hal_uart.o
    0x1007c356   0x1007c356   0x00000002   PAD
    0x1007c358   0x1007c358   0x00000034   Code   RO          912    i.hal_uart_receive_callback0  hal_uart.o
    0x1007c38c   0x1007c38c   0x00000034   Code   RO          913    i.hal_uart_receive_callback1  hal_uart.o
    0x1007c3c0   0x1007c3c0   0x00000088   Code   RO          924    i.hal_uart_set_format  hal_uart.o
    0x1007c448   0x1007c448   0x00000008   Code   RO          927    i.hal_uart_translate_port  hal_uart.o
    0x1007c450   0x1007c450   0x0000002c   Code   RO          392    i.halgetGPIO_DIN    hal_gpio_7687.o
    0x1007c47c   0x1007c47c   0x00000028   Code   RO          393    i.halgetGPIO_DOUT   hal_gpio_7687.o
    0x1007c4a4   0x1007c4a4   0x0000002c   Code   RO          394    i.halgetGPIO_OutEnable  hal_gpio_7687.o
    0x1007c4d0   0x1007c4d0   0x0000003e   Code   RO         2062    i.i2c_configure     i2c.o
    0x1007c50e   0x1007c50e   0x00000002   PAD
    0x1007c510   0x1007c510   0x0000005c   Code   RO         2064    i.i2c_enable        i2c.o
    0x1007c56c   0x1007c56c   0x00000108   Code   RO         2157    i.i2c_master_wait_transaction_finish  hal_i2c.o
    0x1007c674   0x1007c674   0x00000058   Code   RO         2066    i.i2c_read_via_mcu  i2c.o
    0x1007c6cc   0x1007c6cc   0x00000018   Code   RO            7    i.i2c_send          main.o
    0x1007c6e4   0x1007c6e4   0x0000005c   Code   RO         2070    i.i2c_write_via_mcu  i2c.o
    0x1007c740   0x1007c740   0x0000001e   Code   RO          848    i.log_hal_error_internal  hal_log.o
    0x1007c75e   0x1007c75e   0x00000002   PAD
    0x1007c760   0x1007c760   0x000002bc   Code   RO            8    i.main              main.o
    0x1007ca1c   0x1007ca1c   0x000000bc   Code   RO          779    i.pinmux_config     pinmux.o
    0x1007cad8   0x1007cad8   0x0000000c   Code   RO          166    i.top_mcu_freq_get  top.o
    0x1007cae4   0x1007cae4   0x0000000c   Code   RO          167    i.top_xtal_freq_get  top.o
    0x1007caf0   0x1007caf0   0x00000088   Code   RO          168    i.top_xtal_init     top.o
    0x1007cb78   0x1007cb78   0x00000016   Code   RO          929    i.uart_channel_to_dma_channel  hal_uart.o
    0x1007cb8e   0x1007cb8e   0x00000002   PAD
    0x1007cb90   0x1007cb90   0x0000001c   Code   RO         1109    i.uart_output_char  uart.o
    0x1007cbac   0x1007cbac   0x00000054   Code   RO         1111    i.uart_reset_default_value  uart.o
    0x1007cc00   0x1007cc00   0x00000056   Data   RO          931    .constdata          hal_uart.o
    0x1007cc56   0x1007cc56   0x00000002   PAD
    0x1007cc58   0x1007cc58   0x0000002e   Data   RO         1114    .constdata          uart.o
    0x1007cc86   0x1007cc86   0x00000096   Data   RO         1367    .constdata          hal_gpt.o
    0x1007cd1c   0x1007cd1c   0x0000000a   Data   RO         1738    .constdata          hal_nvic.o
    0x1007cd26   0x1007cd26   0x00000131   Data   RO         1965    .constdata          hal_i2c_master.o
    0x1007ce57   0x1007ce57   0x0000005c   Data   RO         2071    .constdata          i2c.o
    0x1007ceb3   0x1007ceb3   0x00000095   Data   RO         2158    .constdata          hal_i2c.o
    0x1007cf48   0x1007cf48   0x00000098   Data   RO         2342    .constdata          m_wm.l(atan.o)
    0x1007cfe0   0x1007cfe0   0x00000044   Data   RO         2159    .conststring        hal_i2c.o
    0x1007d024   0x1007d024   0x00000050   Data   RO         2722    Region$$Table       anon$$obj.o


    Execution Region DATA (Exec base: 0x20000000, Load base: 0x1007d0fc, Size: 0x000006a0, Max: 0xffffffff, ABSOLUTE)

    Exec Addr    Load Addr    Size         Type   Attr      Idx    E Section Name        Object

    0x20000000   0x1007d0fc   0x000001c0   Data   RO         2262    .isr_vector         startup_mt7687.o
    0x200001c0   0x1007d2bc   0x00000008   Data   RW          169    .data               top.o
    0x200001c8   0x1007d2c4   0x000000a0   Data   RW          521    .data               dma.o
    0x20000268   0x1007d364   0x00000004   Data   RW         1115    .data               uart.o
    0x2000026c   0x1007d368   0x00000003   Data   RW         1248    .data               hal_adc.o
    0x2000026f   0x1007d36b   0x00000002   Data   RW         1966    .data               hal_i2c_master.o
    0x20000271   0x1007d36d   0x00000006   Data   RW         2072    .data               i2c.o
    0x20000277   0x1007d373   0x00000001   PAD
    0x20000278   0x1007d374   0x00000008   Data   RW         2276    .data               system_mt7687.o
    0x20000280   0x1007d37c   0x00000004   Data   RW         2685    .data               mc_w.l(stdout.o)
    0x20000284   0x1007d380   0x00000004   Data   RW         2693    .data               mc_w.l(errno.o)
    0x20000288        -       0x00000016   Zero   RW          519    .bss                dma.o
    0x2000029e   0x1007d384   0x00000002   PAD
    0x200002a0        -       0x00000060   Zero   RW          930    .bss                hal_uart.o
    0x20000300        -       0x0000001c   Zero   RW         1247    .bss                hal_adc.o
    0x2000031c        -       0x00000050   Zero   RW         1366    .bss                hal_gpt.o
    0x2000036c        -       0x0000000c   Zero   RW         1460    .bss                gpt.o
    0x20000378        -       0x00000300   Zero   RW         1737    .bss                hal_nvic.o
    0x20000678        -       0x00000028   Zero   RW         1964    .bss                hal_i2c_master.o


    Execution Region HEAP (Exec base: 0x200006a0, Load base: 0x1007d384, Size: 0x00000000, Max: 0xffffffff, ABSOLUTE)

    **** No section assigned to this execution region ****


    Execution Region STACK (Exec base: 0x2003f000, Load base: 0x1007d384, Size: 0x00000c00, Max: 0xffffffff, ABSOLUTE)

    Exec Addr    Load Addr    Size         Type   Attr      Idx    E Section Name        Object

    0x2003f000        -       0x00000c00   Zero   RW         2260    STACK               startup_mt7687.o


==============================================================================

Image component sizes


      Code (inc. data)   RO Data    RW Data    ZI Data      Debug   Object Name

       962        184          0        160         22      15126   dma.o
       476        214          0          0         12       4490   gpt.o
      1100         94          0          3         28      18776   hal_adc.o
       114          0          0          0          0       6110   hal_gpio.o
       460         26          0          0          0      37606   hal_gpio_7687.o
       212         42        150          0         80       9748   hal_gpt.o
      1552        460        217          0          0      18483   hal_i2c.o
       774        282        305          2         40      14872   hal_i2c_master.o
        30          0          0          0          0       1265   hal_log.o
       326         46         10          0        768      31959   hal_nvic.o
       504         24          0          0          0       1296   hal_pinmux.o
       530         28         86          0         96      10589   hal_uart.o
       334        106         92          6          0       8301   i2c.o
        46          0          0          0          0       2111   low_hal_gpio.o
      1324         68          0          0          0      23144   main.o
        14          0          0          0          0        909   nvic.o
       188         20          0          0          0        908   pinmux.o
        56         18        448          0       3072        800   startup_mt7687.o
       140         22          0          8          0       3140   system_mt7687.o
       102          6          0          0          0       3892   timer.o
       160         48          0          8          0       2199   top.o
       456         54         46          4          0       5359   uart.o

    ----------------------------------------------------------------------
      9918       1742       1436        192       4120     221083   Object Totals
        30          0         80          0          0          0   (incl. Generated)
        28          0          2          1          2          0   (incl. Padding)

    ----------------------------------------------------------------------

      Code (inc. data)   RO Data    RW Data    ZI Data      Debug   Library Member Name

       200         18          0          0          0        272   hal_efuse.o
       728        106        152          0          0        228   atan.o
        52          8          0          0          0        248   dunder.o
        24          0          0          0          0        124   fabs.o
        48          0          0          0          0        124   fpclassify.o
       248          0          0          0          0        152   poly.o
       122          0          0          0          0        148   sqrt.o
         0          0          0          0          0          0   entry.o
         0          0          0          0          0          0   entry10a.o
         0          0          0          0          0          0   entry11a.o
         8          4          0          0          0          0   entry2.o
         4          0          0          0          0          0   entry5.o
         0          0          0          0          0          0   entry7b.o
         0          0          0          0          0          0   entry8b.o
         8          4          0          0          0          0   entry9a.o
        12          6          0          4          0         68   errno.o
        30          0          0          0          0          0   handlers.o
        36          8          0          0          0         68   init.o
         0          0          0          0          0          0   iusefp.o
        30          0          0          0          0         68   llshl.o
        36          0          0          0          0         68   llsshr.o
        32          0          0          0          0         68   llushr.o
        36          0          0          0          0         68   memcpya.o
        36          0          0          0          0        108   memseta.o
      2274         98          0          0          0        520   printfa.o
         0          0          0          4          0          0   stdout.o
        44          0          0          0          0         80   uidiv.o
        98          0          0          0          0         92   uldiv.o
        48          0          0          0          0         68   cdrcmple.o
        56          0          0          0          0         88   d2f.o
       334          0          0          0          0        148   dadd.o
       222          0          0          0          0        100   ddiv.o
       186          0          0          0          0        176   depilogue.o
        48          0          0          0          0         68   dfixul.o
        34          0          0          0          0         76   dflti.o
       228          0          0          0          0         96   dmul.o
       162          0          0          0          0        100   dsqrt.o
        38          0          0          0          0         68   f2d.o
       110          0          0          0          0        168   fepilogue.o

    ----------------------------------------------------------------------
      5578        252        152          8          0       3660   Library Totals
         6          0          0          0          0          0   (incl. Padding)

    ----------------------------------------------------------------------

      Code (inc. data)   RO Data    RW Data    ZI Data      Debug   Library Name

       200         18          0          0          0        272   libhal_core_CM4_Keil.lib
      1222        114        152          0          0       1024   m_wm.l
      2684        120          0          8          0       1208   mc_w.l
      1466          0          0          0          0       1156   mf_w.l

    ----------------------------------------------------------------------
      5578        252        152          8          0       3660   Library Totals

    ----------------------------------------------------------------------

==============================================================================


      Code (inc. data)   RO Data    RW Data    ZI Data      Debug   

     15496       1994       1588        200       4120     213251   Grand Totals
     15496       1994       1588        200       4120     213251   ELF Image Totals
     15496       1994       1588        200          0          0   ROM Totals

==============================================================================

    Total RO  Size (Code + RO Data)                17084 (  16.68kB)
    Total RW  Size (RW Data + ZI Data)              4320 (   4.22kB)
    Total ROM Size (Code + RO Data + RW Data)      17284 (  16.88kB)

==============================================================================

