<!doctype html public "-//w3c//dtd html 4.0 transitional//en">
<html><head>
<title>Static Call Graph - [..\..\..\..\..\out_keil\linkit7697_hdk\mqtt_client\Objects\mqtt_client.axf]</title></head>
<body><HR>
<H1>Static Call Graph for image ..\..\..\..\..\out_keil\linkit7697_hdk\mqtt_client\Objects\mqtt_client.axf</H1><HR>
<BR><P>#&#060CALLGRAPH&#062# ARM Linker, 5060528: Last Updated: Sun Sep 29 14:12:30 2019
<BR><P>
<H3>Maximum Stack Usage =        736 bytes + Unknown(Cycles, Untraceable Function Pointers)</H3><H3>
Call chain for Maximum Stack Depth:</H3>
main &rArr; system_init &rArr; nvdm_init &rArr; peb_scan &rArr; relocate_pebs &rArr; date_item_migration &rArr; data_migration &rArr; peb_write_data &rArr; peb_io_write &rArr; nvdm_port_flash_write &rArr; hal_flash_write &rArr; flash_sfc_write &rArr; flash_write &rArr; flash_write_enable &rArr; sfc_write &rArr; sfc_transfer &rArr; sfc_MacWaitReady
<P>
<H3>
Mutually Recursive functions
</H3> <LI><a href="#[32]">hal_gpt_get_free_run_count</a>&nbsp;&nbsp;&nbsp;&rArr;&nbsp;&nbsp;&nbsp;<a href="#[84]">log_hal_error_internal</a><BR>
</UL>
<P>
<H3>
Function Pointers
</H3><UL>
 <LI><a href="#[23]">BusFault_Handler</a> from exception_handler.o(.ramTEXT) referenced from startup_mt7687.o(.isr_vector)
 <LI><a href="#[15]">Button_check</a> from main.o(i.Button_check) referenced from main.o(i.main)
 <LI><a href="#[6]">CachePreInit</a> from system_mt7687.o(i.CachePreInit) referenced from startup_mt7687.o(.reset_handler)
 <LI><a href="#[14]">DATA_output</a> from main.o(i.DATA_output) referenced from main.o(i.main)
 <LI><a href="#[3]">DMA_ERROR_LISR</a> from dma.o(i.DMA_ERROR_LISR) referenced 6 times from dma.o(.data)
 <LI><a href="#[a]">DMA_LISR</a> from dma.o(i.DMA_LISR) referenced from dma.o(i.DMA_Init)
 <LI><a href="#[26]">DebugMon_Handler</a> from exception_handler.o(.ramTEXT) referenced from startup_mt7687.o(.isr_vector)
 <LI><a href="#[1b]">Flash_ReturnReady</a> from flash_sfc.o(.ramTEXT) referenced 5 times from port.o(.ramTEXT)
 <LI><a href="#[b]">GPT_INT_Handler</a> from gpt.o(i.GPT_INT_Handler) referenced from gpt.o(i.GPT_init)
 <LI><a href="#[21]">HardFault_Handler</a> from exception_handler.o(.ramTEXT) referenced from startup_mt7687.o(.isr_vector)
 <LI><a href="#[13]">MPU_READ</a> from main.o(i.MPU_READ) referenced from main.o(i.main)
 <LI><a href="#[22]">MemManage_Handler</a> from exception_handler.o(.ramTEXT) referenced from startup_mt7687.o(.isr_vector)
 <LI><a href="#[20]">NMI_Handler</a> from exception_handler.o(i.NMI_Handler) referenced from startup_mt7687.o(.isr_vector)
 <LI><a href="#[1d]">PendSV_Handler</a> from port.o(.ramTEXT) referenced from startup_mt7687.o(.ramTEXT)
 <LI><a href="#[27]">PendSV_Main</a> from startup_mt7687.o(.ramTEXT) referenced from startup_mt7687.o(.isr_vector)
 <LI><a href="#[2a]">Reset_Handler</a> from startup_mt7687.o(.reset_handler) referenced from startup_mt7687.o(.isr_vector)
 <LI><a href="#[1c]">SVC_Handler</a> from port.o(.ramTEXT) referenced from startup_mt7687.o(.ramTEXT)
 <LI><a href="#[25]">SvcCall_Main</a> from startup_mt7687.o(.ramTEXT) referenced from startup_mt7687.o(.isr_vector)
 <LI><a href="#[1e]">SysTick_Handler</a> from port.o(.ramTEXT) referenced from startup_mt7687.o(.ramTEXT)
 <LI><a href="#[28]">SysTick_Main</a> from startup_mt7687.o(.ramTEXT) referenced from startup_mt7687.o(.isr_vector)
 <LI><a href="#[7]">SystemInit</a> from system_mt7687.o(i.SystemInit) referenced from startup_mt7687.o(.reset_handler)
 <LI><a href="#[24]">UsageFault_Handler</a> from exception_handler.o(.ramTEXT) referenced from startup_mt7687.o(.isr_vector)
 <LI><a href="#[8]">__main</a> from entry.o(.ARM.Collect$$$$00000000) referenced from startup_mt7687.o(.reset_handler)
 <LI><a href="#[d]">_snputc</a> from printfa.o(i._snputc) referenced from printfa.o(i.__0vsnprintf)
 <LI><a href="#[5]">dump_module_buffer</a> from syslog.o(i.dump_module_buffer) referenced 6 times from hal_log.o(.data)
 <LI><a href="#[c]">fputc</a> from sys_init.o(i.fputc) referenced from printfa.o(i.__0printf)
 <LI><a href="#[c]">fputc</a> from sys_init.o(i.fputc) referenced from printfa.o(i.__0vprintf)
 <LI><a href="#[f]">halADC_LISR</a> from hal_adc.o(i.halADC_LISR) referenced from hal_adc.o(i.halADC_Fsm_Param_Set)
 <LI><a href="#[e]">halADC_VDMA_Callback</a> from hal_adc.o(i.halADC_VDMA_Callback) referenced from hal_adc.o(i.halADC_Fsm_Param_Set)
 <LI><a href="#[19]">hal_uart_receive_callback0</a> from hal_uart.o(i.hal_uart_receive_callback0) referenced from hal_uart.o(.constdata)
 <LI><a href="#[1a]">hal_uart_receive_callback1</a> from hal_uart.o(i.hal_uart_receive_callback1) referenced from hal_uart.o(.constdata)
 <LI><a href="#[29]">isrC_main</a> from hal_nvic.o(.ramTEXT) referenced 96 times from startup_mt7687.o(.isr_vector)
 <LI><a href="#[9]">main</a> from main.o(i.main) referenced from entry9a.o(.ARM.Collect$$$$0000000B)
 <LI><a href="#[4]">print_module_log</a> from syslog.o(i.print_module_log) referenced 6 times from hal_log.o(.data)
 <LI><a href="#[17]">prvIdleTask</a> from tasks.o(i.prvIdleTask) referenced from tasks.o(i.vTaskStartScheduler)
 <LI><a href="#[16]">prvTaskExitError</a> from port.o(i.prvTaskExitError) referenced from port.o(i.pxPortInitialiseStack)
 <LI><a href="#[18]">prvTimerTask</a> from timers.o(i.prvTimerTask) referenced from timers.o(i.xTimerCreateTimerTask)
 <LI><a href="#[10]">syslog_exception_cb</a> from syslog.o(i.syslog_exception_cb) referenced from syslog.o(i.log_init)
 <LI><a href="#[11]">syslog_task_entry</a> from syslog.o(i.syslog_task_entry) referenced from syslog.o(i.log_init)
 <LI><a href="#[12]">vADCTimerCallback</a> from main.o(i.vADCTimerCallback) referenced from main.o(i.main)
</UL>
<P>
<H3>
Global Symbols
</H3>
<P><STRONG><a name="[31]"></a>gpt_get_current_time</STRONG> (Thumb, 30 bytes, Stack size 16 bytes, flash_sfc.o(.ramTEXT))
<BR><BR>[Stack]<UL><LI>Max Depth = 80<LI>Call Chain = gpt_get_current_time &rArr; hal_gpt_get_free_run_count &rArr;  log_hal_error_internal (Cycle)
</UL>
<BR>[Calls]<UL><LI><a href="#[32]">&gt;&gt;</a>&nbsp;&nbsp;&nbsp;hal_gpt_get_free_run_count (via Veneer)
<LI><a href="#[33]">&gt;&gt;</a>&nbsp;&nbsp;&nbsp;__aeabi_assert (via Veneer)
</UL>
<BR>[Called By]<UL><LI><a href="#[34]">&gt;&gt;</a>&nbsp;&nbsp;&nbsp;flash_sfc_config
</UL>

<P><STRONG><a name="[76]"></a>SF_DAL_FLAG_BUSY_SET</STRONG> (Thumb, 8 bytes, Stack size 0 bytes, flash_sfc.o(.ramTEXT))
<BR><BR>[Called By]<UL><LI><a href="#[79]">&gt;&gt;</a>&nbsp;&nbsp;&nbsp;flash_write
<LI><a href="#[44]">&gt;&gt;</a>&nbsp;&nbsp;&nbsp;flash_erase_sector_32k
<LI><a href="#[45]">&gt;&gt;</a>&nbsp;&nbsp;&nbsp;flash_erase_sector
<LI><a href="#[43]">&gt;&gt;</a>&nbsp;&nbsp;&nbsp;flash_erase_page
</UL>

<P><STRONG><a name="[4a]"></a>SF_DAL_FLAG_BUSY_CLR</STRONG> (Thumb, 8 bytes, Stack size 0 bytes, flash_sfc.o(.ramTEXT))
<BR><BR>[Called By]<UL><LI><a href="#[51]">&gt;&gt;</a>&nbsp;&nbsp;&nbsp;SF_DAL_CheckReadyAndResume
<LI><a href="#[4c]">&gt;&gt;</a>&nbsp;&nbsp;&nbsp;SF_DAL_CheckDeviceReady
<LI><a href="#[1b]">&gt;&gt;</a>&nbsp;&nbsp;&nbsp;Flash_ReturnReady
</UL>

<P><STRONG><a name="[49]"></a>SF_DAL_FLAG_SUS_SET</STRONG> (Thumb, 8 bytes, Stack size 0 bytes, flash_sfc.o(.ramTEXT))
<BR><BR>[Called By]<UL><LI><a href="#[1b]">&gt;&gt;</a>&nbsp;&nbsp;&nbsp;Flash_ReturnReady
</UL>

<P><STRONG><a name="[50]"></a>SF_DAL_FLAG_SUS_CLR</STRONG> (Thumb, 8 bytes, Stack size 0 bytes, flash_sfc.o(.ramTEXT))
<BR><BR>[Called By]<UL><LI><a href="#[51]">&gt;&gt;</a>&nbsp;&nbsp;&nbsp;SF_DAL_CheckReadyAndResume
<LI><a href="#[4c]">&gt;&gt;</a>&nbsp;&nbsp;&nbsp;SF_DAL_CheckDeviceReady
</UL>

<P><STRONG><a name="[34]"></a>flash_sfc_config</STRONG> (Thumb, 34 bytes, Stack size 16 bytes, flash_sfc.o(.ramTEXT))
<BR><BR>[Stack]<UL><LI>Max Depth = 256<LI>Call Chain = flash_sfc_config &rArr; flash_check_device &rArr; log_hal_info_internal &rArr; vprint_module_log &rArr; log_queue_send &rArr; xQueueGenericSend &rArr; prvCopyDataToQueue &rArr; xTaskPriorityDisinherit
</UL>
<BR>[Calls]<UL><LI><a href="#[37]">&gt;&gt;</a>&nbsp;&nbsp;&nbsp;flash_check_device
<LI><a href="#[31]">&gt;&gt;</a>&nbsp;&nbsp;&nbsp;gpt_get_current_time
<LI><a href="#[35]">&gt;&gt;</a>&nbsp;&nbsp;&nbsp;sfc_pad_config (via Veneer)
<LI><a href="#[36]">&gt;&gt;</a>&nbsp;&nbsp;&nbsp;customer_flash_register (via Veneer)
</UL>
<BR>[Called By]<UL><LI><a href="#[137]">&gt;&gt;</a>&nbsp;&nbsp;&nbsp;hal_flash_init (via Veneer)
</UL>

<P><STRONG><a name="[38]"></a>flash_sfc_read</STRONG> (Thumb, 128 bytes, Stack size 32 bytes, flash_sfc.o(.ramTEXT), UNUSED)
<BR><BR>[Calls]<UL><LI><a href="#[3a]">&gt;&gt;</a>&nbsp;&nbsp;&nbsp;flash_read
<LI><a href="#[3b]">&gt;&gt;</a>&nbsp;&nbsp;&nbsp;flash_fast_read
<LI><a href="#[39]">&gt;&gt;</a>&nbsp;&nbsp;&nbsp;retrieve_sf_lock (via Veneer)
<LI><a href="#[3c]">&gt;&gt;</a>&nbsp;&nbsp;&nbsp;release_sf_lock (via Veneer)
</UL>

<P><STRONG><a name="[3d]"></a>flash_sfc_erase</STRONG> (Thumb, 136 bytes, Stack size 16 bytes, flash_sfc.o(.ramTEXT))
<BR><BR>[Stack]<UL><LI>Max Depth = 296<LI>Call Chain = flash_sfc_erase &rArr; flash_erase_sector_32k &rArr; SF_DAL_CheckDeviceReady &rArr; flash_read_sr2 &rArr; log_hal_info_internal &rArr; vprint_module_log &rArr; log_queue_send &rArr; xQueueGenericSend &rArr; prvCopyDataToQueue &rArr; xTaskPriorityDisinherit
</UL>
<BR>[Calls]<UL><LI><a href="#[3e]">&gt;&gt;</a>&nbsp;&nbsp;&nbsp;hal_cache_invalidate_all_cache_lines
<LI><a href="#[42]">&gt;&gt;</a>&nbsp;&nbsp;&nbsp;hal_cache_enable (via Veneer)
<LI><a href="#[3f]">&gt;&gt;</a>&nbsp;&nbsp;&nbsp;hal_cache_disable (via Veneer)
<LI><a href="#[40]">&gt;&gt;</a>&nbsp;&nbsp;&nbsp;flash_write_enable
<LI><a href="#[41]">&gt;&gt;</a>&nbsp;&nbsp;&nbsp;flash_unprotect
<LI><a href="#[44]">&gt;&gt;</a>&nbsp;&nbsp;&nbsp;flash_erase_sector_32k
<LI><a href="#[45]">&gt;&gt;</a>&nbsp;&nbsp;&nbsp;flash_erase_sector
<LI><a href="#[43]">&gt;&gt;</a>&nbsp;&nbsp;&nbsp;flash_erase_page
<LI><a href="#[39]">&gt;&gt;</a>&nbsp;&nbsp;&nbsp;retrieve_sf_lock (via Veneer)
<LI><a href="#[3c]">&gt;&gt;</a>&nbsp;&nbsp;&nbsp;release_sf_lock (via Veneer)
</UL>
<BR>[Called By]<UL><LI><a href="#[136]">&gt;&gt;</a>&nbsp;&nbsp;&nbsp;hal_flash_erase (via Veneer)
</UL>

<P><STRONG><a name="[1b]"></a>Flash_ReturnReady</STRONG> (Thumb, 126 bytes, Stack size 16 bytes, flash_sfc.o(.ramTEXT))
<BR><BR>[Stack]<UL><LI>Max Depth = 160<LI>Call Chain = Flash_ReturnReady &rArr; flash_suspend_Winbond &rArr; sfc_Command_List &rArr; flash_wait_ready &rArr; flash_read_sr &rArr; sfc_read &rArr; sfc_transfer &rArr; sfc_MacWaitReady
</UL>
<BR>[Calls]<UL><LI><a href="#[46]">&gt;&gt;</a>&nbsp;&nbsp;&nbsp;save_and_set_interrupt_mask
<LI><a href="#[4b]">&gt;&gt;</a>&nbsp;&nbsp;&nbsp;restore_interrupt_mask
<LI><a href="#[48]">&gt;&gt;</a>&nbsp;&nbsp;&nbsp;flash_suspend_Winbond
<LI><a href="#[47]">&gt;&gt;</a>&nbsp;&nbsp;&nbsp;flash_read_sr
<LI><a href="#[33]">&gt;&gt;</a>&nbsp;&nbsp;&nbsp;__aeabi_assert (via Veneer)
<LI><a href="#[49]">&gt;&gt;</a>&nbsp;&nbsp;&nbsp;SF_DAL_FLAG_SUS_SET
<LI><a href="#[4a]">&gt;&gt;</a>&nbsp;&nbsp;&nbsp;SF_DAL_FLAG_BUSY_CLR
</UL>
<BR>[Called By]<UL><LI><a href="#[29]">&gt;&gt;</a>&nbsp;&nbsp;&nbsp;isrC_main
<LI><a href="#[2b]">&gt;&gt;</a>&nbsp;&nbsp;&nbsp;exception_init
<LI><a href="#[1e]">&gt;&gt;</a>&nbsp;&nbsp;&nbsp;SysTick_Handler
</UL>
<BR>[Address Reference Count : 2]<UL><LI> port.o(.ramTEXT)
<LI> startup_mt7687.o(.ramTEXT)
</UL>
<P><STRONG><a name="[4c]"></a>SF_DAL_CheckDeviceReady</STRONG> (Thumb, 232 bytes, Stack size 40 bytes, flash_sfc.o(.ramTEXT))
<BR><BR>[Stack]<UL><LI>Max Depth = 256<LI>Call Chain = SF_DAL_CheckDeviceReady &rArr; flash_read_sr2 &rArr; log_hal_info_internal &rArr; vprint_module_log &rArr; log_queue_send &rArr; xQueueGenericSend &rArr; prvCopyDataToQueue &rArr; xTaskPriorityDisinherit
</UL>
<BR>[Calls]<UL><LI><a href="#[46]">&gt;&gt;</a>&nbsp;&nbsp;&nbsp;save_and_set_interrupt_mask
<LI><a href="#[4b]">&gt;&gt;</a>&nbsp;&nbsp;&nbsp;restore_interrupt_mask
<LI><a href="#[4f]">&gt;&gt;</a>&nbsp;&nbsp;&nbsp;flash_resume_Winbond
<LI><a href="#[4d]">&gt;&gt;</a>&nbsp;&nbsp;&nbsp;flash_read_sr2
<LI><a href="#[47]">&gt;&gt;</a>&nbsp;&nbsp;&nbsp;flash_read_sr
<LI><a href="#[33]">&gt;&gt;</a>&nbsp;&nbsp;&nbsp;__aeabi_assert (via Veneer)
<LI><a href="#[50]">&gt;&gt;</a>&nbsp;&nbsp;&nbsp;SF_DAL_FLAG_SUS_CLR
<LI><a href="#[4a]">&gt;&gt;</a>&nbsp;&nbsp;&nbsp;SF_DAL_FLAG_BUSY_CLR
<LI><a href="#[4e]">&gt;&gt;</a>&nbsp;&nbsp;&nbsp;customer_flash_suspend_bit (via Veneer)
</UL>
<BR>[Called By]<UL><LI><a href="#[79]">&gt;&gt;</a>&nbsp;&nbsp;&nbsp;flash_write
<LI><a href="#[44]">&gt;&gt;</a>&nbsp;&nbsp;&nbsp;flash_erase_sector_32k
<LI><a href="#[45]">&gt;&gt;</a>&nbsp;&nbsp;&nbsp;flash_erase_sector
<LI><a href="#[43]">&gt;&gt;</a>&nbsp;&nbsp;&nbsp;flash_erase_page
</UL>

<P><STRONG><a name="[51]"></a>SF_DAL_CheckReadyAndResume</STRONG> (Thumb, 128 bytes, Stack size 40 bytes, flash_sfc.o(.ramTEXT))
<BR><BR>[Stack]<UL><LI>Max Depth = 184<LI>Call Chain = SF_DAL_CheckReadyAndResume &rArr; flash_resume_Winbond &rArr; sfc_Command_List &rArr; flash_wait_ready &rArr; flash_read_sr &rArr; sfc_read &rArr; sfc_transfer &rArr; sfc_MacWaitReady
</UL>
<BR>[Calls]<UL><LI><a href="#[46]">&gt;&gt;</a>&nbsp;&nbsp;&nbsp;save_and_set_interrupt_mask
<LI><a href="#[4b]">&gt;&gt;</a>&nbsp;&nbsp;&nbsp;restore_interrupt_mask
<LI><a href="#[4f]">&gt;&gt;</a>&nbsp;&nbsp;&nbsp;flash_resume_Winbond
<LI><a href="#[47]">&gt;&gt;</a>&nbsp;&nbsp;&nbsp;flash_read_sr
<LI><a href="#[33]">&gt;&gt;</a>&nbsp;&nbsp;&nbsp;__aeabi_assert (via Veneer)
<LI><a href="#[50]">&gt;&gt;</a>&nbsp;&nbsp;&nbsp;SF_DAL_FLAG_SUS_CLR
<LI><a href="#[4a]">&gt;&gt;</a>&nbsp;&nbsp;&nbsp;SF_DAL_FLAG_BUSY_CLR
</UL>
<BR>[Called By]<UL><LI><a href="#[79]">&gt;&gt;</a>&nbsp;&nbsp;&nbsp;flash_write
</UL>

<P><STRONG><a name="[46]"></a>save_and_set_interrupt_mask</STRONG> (Thumb, 18 bytes, Stack size 0 bytes, nvic.o(.ramTEXT))
<BR><BR>[Called By]<UL><LI><a href="#[126]">&gt;&gt;</a>&nbsp;&nbsp;&nbsp;i2c_master_wait_transaction_finish (via Veneer)
<LI><a href="#[3e]">&gt;&gt;</a>&nbsp;&nbsp;&nbsp;hal_cache_invalidate_all_cache_lines
<LI><a href="#[3f]">&gt;&gt;</a>&nbsp;&nbsp;&nbsp;hal_cache_disable (via Veneer)
<LI><a href="#[79]">&gt;&gt;</a>&nbsp;&nbsp;&nbsp;flash_write
<LI><a href="#[44]">&gt;&gt;</a>&nbsp;&nbsp;&nbsp;flash_erase_sector_32k
<LI><a href="#[45]">&gt;&gt;</a>&nbsp;&nbsp;&nbsp;flash_erase_sector
<LI><a href="#[43]">&gt;&gt;</a>&nbsp;&nbsp;&nbsp;flash_erase_page
<LI><a href="#[10e]">&gt;&gt;</a>&nbsp;&nbsp;&nbsp;get_sf_lock (via Veneer)
<LI><a href="#[10b]">&gt;&gt;</a>&nbsp;&nbsp;&nbsp;free_sf_lock (via Veneer)
<LI><a href="#[51]">&gt;&gt;</a>&nbsp;&nbsp;&nbsp;SF_DAL_CheckReadyAndResume
<LI><a href="#[4c]">&gt;&gt;</a>&nbsp;&nbsp;&nbsp;SF_DAL_CheckDeviceReady
<LI><a href="#[1b]">&gt;&gt;</a>&nbsp;&nbsp;&nbsp;Flash_ReturnReady
<LI><a href="#[b3]">&gt;&gt;</a>&nbsp;&nbsp;&nbsp;hal_nvic_register_isr_handler (via Veneer)
<LI><a href="#[131]">&gt;&gt;</a>&nbsp;&nbsp;&nbsp;hal_adc_init (via Veneer)
<LI><a href="#[5a]">&gt;&gt;</a>&nbsp;&nbsp;&nbsp;sfc_transfer
<LI><a href="#[eb]">&gt;&gt;</a>&nbsp;&nbsp;&nbsp;hal_cache_init (via Veneer)
<LI><a href="#[82]">&gt;&gt;</a>&nbsp;&nbsp;&nbsp;hal_cache_flush_all_cache_lines
<LI><a href="#[81]">&gt;&gt;</a>&nbsp;&nbsp;&nbsp;hal_cache_flush_multiple_cache_lines
<LI><a href="#[80]">&gt;&gt;</a>&nbsp;&nbsp;&nbsp;hal_cache_flush_one_cache_line
<LI><a href="#[7f]">&gt;&gt;</a>&nbsp;&nbsp;&nbsp;hal_cache_invalidate_multiple_cache_lines
<LI><a href="#[7e]">&gt;&gt;</a>&nbsp;&nbsp;&nbsp;hal_cache_invalidate_one_cache_line
<LI><a href="#[13b]">&gt;&gt;</a>&nbsp;&nbsp;&nbsp;hal_i2c_master_init (via Veneer)
<LI><a href="#[1b4]">&gt;&gt;</a>&nbsp;&nbsp;&nbsp;sleepdrv_release_mutex (via Veneer)
<LI><a href="#[1b3]">&gt;&gt;</a>&nbsp;&nbsp;&nbsp;sleepdrv_get_mutex (via Veneer)
<LI><a href="#[14d]">&gt;&gt;</a>&nbsp;&nbsp;&nbsp;sleepdrv_release_sleep_lock (via Veneer)
<LI><a href="#[14a]">&gt;&gt;</a>&nbsp;&nbsp;&nbsp;sleepdrv_hold_sleep_lock (via Veneer)
</UL>

<P><STRONG><a name="[4b]"></a>restore_interrupt_mask</STRONG> (Thumb, 14 bytes, Stack size 0 bytes, nvic.o(.ramTEXT))
<BR><BR>[Called By]<UL><LI><a href="#[126]">&gt;&gt;</a>&nbsp;&nbsp;&nbsp;i2c_master_wait_transaction_finish (via Veneer)
<LI><a href="#[3e]">&gt;&gt;</a>&nbsp;&nbsp;&nbsp;hal_cache_invalidate_all_cache_lines
<LI><a href="#[3f]">&gt;&gt;</a>&nbsp;&nbsp;&nbsp;hal_cache_disable (via Veneer)
<LI><a href="#[79]">&gt;&gt;</a>&nbsp;&nbsp;&nbsp;flash_write
<LI><a href="#[44]">&gt;&gt;</a>&nbsp;&nbsp;&nbsp;flash_erase_sector_32k
<LI><a href="#[45]">&gt;&gt;</a>&nbsp;&nbsp;&nbsp;flash_erase_sector
<LI><a href="#[43]">&gt;&gt;</a>&nbsp;&nbsp;&nbsp;flash_erase_page
<LI><a href="#[10e]">&gt;&gt;</a>&nbsp;&nbsp;&nbsp;get_sf_lock (via Veneer)
<LI><a href="#[10b]">&gt;&gt;</a>&nbsp;&nbsp;&nbsp;free_sf_lock (via Veneer)
<LI><a href="#[51]">&gt;&gt;</a>&nbsp;&nbsp;&nbsp;SF_DAL_CheckReadyAndResume
<LI><a href="#[4c]">&gt;&gt;</a>&nbsp;&nbsp;&nbsp;SF_DAL_CheckDeviceReady
<LI><a href="#[1b]">&gt;&gt;</a>&nbsp;&nbsp;&nbsp;Flash_ReturnReady
<LI><a href="#[b3]">&gt;&gt;</a>&nbsp;&nbsp;&nbsp;hal_nvic_register_isr_handler (via Veneer)
<LI><a href="#[131]">&gt;&gt;</a>&nbsp;&nbsp;&nbsp;hal_adc_init (via Veneer)
<LI><a href="#[5a]">&gt;&gt;</a>&nbsp;&nbsp;&nbsp;sfc_transfer
<LI><a href="#[eb]">&gt;&gt;</a>&nbsp;&nbsp;&nbsp;hal_cache_init (via Veneer)
<LI><a href="#[82]">&gt;&gt;</a>&nbsp;&nbsp;&nbsp;hal_cache_flush_all_cache_lines
<LI><a href="#[81]">&gt;&gt;</a>&nbsp;&nbsp;&nbsp;hal_cache_flush_multiple_cache_lines
<LI><a href="#[80]">&gt;&gt;</a>&nbsp;&nbsp;&nbsp;hal_cache_flush_one_cache_line
<LI><a href="#[7f]">&gt;&gt;</a>&nbsp;&nbsp;&nbsp;hal_cache_invalidate_multiple_cache_lines
<LI><a href="#[7e]">&gt;&gt;</a>&nbsp;&nbsp;&nbsp;hal_cache_invalidate_one_cache_line
<LI><a href="#[13b]">&gt;&gt;</a>&nbsp;&nbsp;&nbsp;hal_i2c_master_init (via Veneer)
<LI><a href="#[1b4]">&gt;&gt;</a>&nbsp;&nbsp;&nbsp;sleepdrv_release_mutex (via Veneer)
<LI><a href="#[1b3]">&gt;&gt;</a>&nbsp;&nbsp;&nbsp;sleepdrv_get_mutex (via Veneer)
<LI><a href="#[14d]">&gt;&gt;</a>&nbsp;&nbsp;&nbsp;sleepdrv_release_sleep_lock (via Veneer)
<LI><a href="#[14a]">&gt;&gt;</a>&nbsp;&nbsp;&nbsp;sleepdrv_hold_sleep_lock (via Veneer)
</UL>

<P><STRONG><a name="[53]"></a>sfc_GPT_return_current_count</STRONG> (Thumb, 6 bytes, Stack size 0 bytes, sfc.o(.ramTEXT))
<BR><BR>[Called By]<UL><LI><a href="#[52]">&gt;&gt;</a>&nbsp;&nbsp;&nbsp;sfc_get_systime
</UL>

<P><STRONG><a name="[52]"></a>sfc_get_systime</STRONG> (Thumb, 8 bytes, Stack size 4 bytes, sfc.o(.ramTEXT))
<BR><BR>[Stack]<UL><LI>Max Depth = 4<LI>Call Chain = sfc_get_systime
</UL>
<BR>[Calls]<UL><LI><a href="#[53]">&gt;&gt;</a>&nbsp;&nbsp;&nbsp;sfc_GPT_return_current_count
</UL>
<BR>[Called By]<UL><LI><a href="#[54]">&gt;&gt;</a>&nbsp;&nbsp;&nbsp;sfc_delay_time
</UL>

<P><STRONG><a name="[54]"></a>sfc_delay_time</STRONG> (Thumb, 32 bytes, Stack size 8 bytes, sfc.o(.ramTEXT))
<BR><BR>[Stack]<UL><LI>Max Depth = 12<LI>Call Chain = sfc_delay_time &rArr; sfc_get_systime
</UL>
<BR>[Calls]<UL><LI><a href="#[52]">&gt;&gt;</a>&nbsp;&nbsp;&nbsp;sfc_get_systime
</UL>
<BR>[Called By]<UL><LI><a href="#[55]">&gt;&gt;</a>&nbsp;&nbsp;&nbsp;sfc_delay_ms
</UL>

<P><STRONG><a name="[55]"></a>sfc_delay_ms</STRONG> (Thumb, 12 bytes, Stack size 8 bytes, sfc.o(.ramTEXT))
<BR><BR>[Stack]<UL><LI>Max Depth = 20<LI>Call Chain = sfc_delay_ms &rArr; sfc_delay_time &rArr; sfc_get_systime
</UL>
<BR>[Calls]<UL><LI><a href="#[54]">&gt;&gt;</a>&nbsp;&nbsp;&nbsp;sfc_delay_time
</UL>
<BR>[Called By]<UL><LI><a href="#[64]">&gt;&gt;</a>&nbsp;&nbsp;&nbsp;flash_reset
<LI><a href="#[5d]">&gt;&gt;</a>&nbsp;&nbsp;&nbsp;flash_wait_ready
<LI><a href="#[56]">&gt;&gt;</a>&nbsp;&nbsp;&nbsp;sfc_Init
</UL>

<P><STRONG><a name="[6e]"></a>sfc_getMaxGPRamSize</STRONG> (Thumb, 4 bytes, Stack size 0 bytes, sfc.o(.ramTEXT), UNUSED)
<BR><BR>[Called By]<UL><LI><a href="#[6f]">&gt;&gt;</a>&nbsp;&nbsp;&nbsp;flash_init
<LI><a href="#[6d]">&gt;&gt;</a>&nbsp;&nbsp;&nbsp;flash_config
</UL>

<P><STRONG><a name="[56]"></a>sfc_Init</STRONG> (Thumb, 138 bytes, Stack size 12 bytes, sfc.o(.ramTEXT), UNUSED)
<BR><BR>[Calls]<UL><LI><a href="#[55]">&gt;&gt;</a>&nbsp;&nbsp;&nbsp;sfc_delay_ms
</UL>
<BR>[Called By]<UL><LI><a href="#[6f]">&gt;&gt;</a>&nbsp;&nbsp;&nbsp;flash_init
</UL>

<P><STRONG><a name="[69]"></a>sfc_GetDirectMode</STRONG> (Thumb, 48 bytes, Stack size 0 bytes, sfc.o(.ramTEXT))
<BR><BR>[Called By]<UL><LI><a href="#[79]">&gt;&gt;</a>&nbsp;&nbsp;&nbsp;flash_write
<LI><a href="#[37]">&gt;&gt;</a>&nbsp;&nbsp;&nbsp;flash_check_device
</UL>

<P><STRONG><a name="[6c]"></a>sfc_direct_read_setup</STRONG> (Thumb, 50 bytes, Stack size 0 bytes, sfc.o(.ramTEXT), UNUSED)
<BR><BR>[Called By]<UL><LI><a href="#[6b]">&gt;&gt;</a>&nbsp;&nbsp;&nbsp;flash_switch_mode
</UL>

<P><STRONG><a name="[5a]"></a>sfc_transfer</STRONG> (Thumb, 172 bytes, Stack size 48 bytes, sfc.o(.ramTEXT))
<BR><BR>[Stack]<UL><LI>Max Depth = 56<LI>Call Chain = sfc_transfer &rArr; sfc_MacWaitReady
</UL>
<BR>[Calls]<UL><LI><a href="#[46]">&gt;&gt;</a>&nbsp;&nbsp;&nbsp;save_and_set_interrupt_mask
<LI><a href="#[4b]">&gt;&gt;</a>&nbsp;&nbsp;&nbsp;restore_interrupt_mask
<LI><a href="#[5b]">&gt;&gt;</a>&nbsp;&nbsp;&nbsp;sfc_MacEnable
<LI><a href="#[57]">&gt;&gt;</a>&nbsp;&nbsp;&nbsp;sfc_MacWaitReady
</UL>
<BR>[Called By]<UL><LI><a href="#[5e]">&gt;&gt;</a>&nbsp;&nbsp;&nbsp;sfc_read
<LI><a href="#[63]">&gt;&gt;</a>&nbsp;&nbsp;&nbsp;__sfc_write
<LI><a href="#[62]">&gt;&gt;</a>&nbsp;&nbsp;&nbsp;sfc_security_write_crc
<LI><a href="#[5f]">&gt;&gt;</a>&nbsp;&nbsp;&nbsp;sfc_write
<LI><a href="#[5c]">&gt;&gt;</a>&nbsp;&nbsp;&nbsp;sfc_Command_List
</UL>

<P><STRONG><a name="[5c]"></a>sfc_Command_List</STRONG> (Thumb, 84 bytes, Stack size 24 bytes, sfc.o(.ramTEXT))
<BR><BR>[Stack]<UL><LI>Max Depth = 136<LI>Call Chain = sfc_Command_List &rArr; flash_wait_ready &rArr; flash_read_sr &rArr; sfc_read &rArr; sfc_transfer &rArr; sfc_MacWaitReady
</UL>
<BR>[Calls]<UL><LI><a href="#[5d]">&gt;&gt;</a>&nbsp;&nbsp;&nbsp;flash_wait_ready
<LI><a href="#[5a]">&gt;&gt;</a>&nbsp;&nbsp;&nbsp;sfc_transfer
</UL>
<BR>[Called By]<UL><LI><a href="#[48]">&gt;&gt;</a>&nbsp;&nbsp;&nbsp;flash_suspend_Winbond
<LI><a href="#[4f]">&gt;&gt;</a>&nbsp;&nbsp;&nbsp;flash_resume_Winbond
<LI><a href="#[65]">&gt;&gt;</a>&nbsp;&nbsp;&nbsp;flash_Switch_Device_Mode
<LI><a href="#[64]">&gt;&gt;</a>&nbsp;&nbsp;&nbsp;flash_reset
</UL>

<P><STRONG><a name="[1d5]"></a>sfc_clear_gpram</STRONG> (Thumb, 20 bytes, Stack size 0 bytes, sfc.o(.ramTEXT), UNUSED)

<P><STRONG><a name="[5e]"></a>sfc_read</STRONG> (Thumb, 28 bytes, Stack size 24 bytes, sfc.o(.ramTEXT))
<BR><BR>[Stack]<UL><LI>Max Depth = 80<LI>Call Chain = sfc_read &rArr; sfc_transfer &rArr; sfc_MacWaitReady
</UL>
<BR>[Calls]<UL><LI><a href="#[5a]">&gt;&gt;</a>&nbsp;&nbsp;&nbsp;sfc_transfer
</UL>
<BR>[Called By]<UL><LI><a href="#[4d]">&gt;&gt;</a>&nbsp;&nbsp;&nbsp;flash_read_sr2
<LI><a href="#[47]">&gt;&gt;</a>&nbsp;&nbsp;&nbsp;flash_read_sr
<LI><a href="#[3a]">&gt;&gt;</a>&nbsp;&nbsp;&nbsp;flash_read
<LI><a href="#[3b]">&gt;&gt;</a>&nbsp;&nbsp;&nbsp;flash_fast_read
<LI><a href="#[71]">&gt;&gt;</a>&nbsp;&nbsp;&nbsp;flash_read_manu_id_quad
<LI><a href="#[70]">&gt;&gt;</a>&nbsp;&nbsp;&nbsp;flash_read_manu_id
<LI><a href="#[68]">&gt;&gt;</a>&nbsp;&nbsp;&nbsp;flash_read_jedec_id
</UL>

<P><STRONG><a name="[5f]"></a>sfc_write</STRONG> (Thumb, 88 bytes, Stack size 192 bytes, sfc.o(.ramTEXT))
<BR><BR>[Stack]<UL><LI>Max Depth = 248<LI>Call Chain = sfc_write &rArr; sfc_transfer &rArr; sfc_MacWaitReady
</UL>
<BR>[Calls]<UL><LI><a href="#[5a]">&gt;&gt;</a>&nbsp;&nbsp;&nbsp;sfc_transfer
<LI><a href="#[61]">&gt;&gt;</a>&nbsp;&nbsp;&nbsp;__aeabi_memcpy (via Veneer)
<LI><a href="#[60]">&gt;&gt;</a>&nbsp;&nbsp;&nbsp;__2printf (via Veneer)
</UL>
<BR>[Called By]<UL><LI><a href="#[40]">&gt;&gt;</a>&nbsp;&nbsp;&nbsp;flash_write_enable
<LI><a href="#[79]">&gt;&gt;</a>&nbsp;&nbsp;&nbsp;flash_write
<LI><a href="#[44]">&gt;&gt;</a>&nbsp;&nbsp;&nbsp;flash_erase_sector_32k
<LI><a href="#[45]">&gt;&gt;</a>&nbsp;&nbsp;&nbsp;flash_erase_sector
<LI><a href="#[43]">&gt;&gt;</a>&nbsp;&nbsp;&nbsp;flash_erase_page
<LI><a href="#[77]">&gt;&gt;</a>&nbsp;&nbsp;&nbsp;flash_erase_chip
<LI><a href="#[75]">&gt;&gt;</a>&nbsp;&nbsp;&nbsp;flash_write_disable
<LI><a href="#[72]">&gt;&gt;</a>&nbsp;&nbsp;&nbsp;flash_write_sr
</UL>

<P><STRONG><a name="[62]"></a>sfc_security_write_crc</STRONG> (Thumb, 50 bytes, Stack size 184 bytes, sfc.o(.ramTEXT), UNUSED)
<BR><BR>[Calls]<UL><LI><a href="#[5a]">&gt;&gt;</a>&nbsp;&nbsp;&nbsp;sfc_transfer
<LI><a href="#[61]">&gt;&gt;</a>&nbsp;&nbsp;&nbsp;__aeabi_memcpy (via Veneer)
</UL>
<BR>[Called By]<UL><LI><a href="#[7a]">&gt;&gt;</a>&nbsp;&nbsp;&nbsp;flash_erase_write_security_crc
</UL>

<P><STRONG><a name="[63]"></a>__sfc_write</STRONG> (Thumb, 92 bytes, Stack size 192 bytes, sfc.o(.ramTEXT), UNUSED)
<BR><BR>[Calls]<UL><LI><a href="#[5a]">&gt;&gt;</a>&nbsp;&nbsp;&nbsp;sfc_transfer
<LI><a href="#[61]">&gt;&gt;</a>&nbsp;&nbsp;&nbsp;__aeabi_memcpy (via Veneer)
<LI><a href="#[60]">&gt;&gt;</a>&nbsp;&nbsp;&nbsp;__2printf (via Veneer)
</UL>

<P><STRONG><a name="[48]"></a>flash_suspend_Winbond</STRONG> (Thumb, 10 bytes, Stack size 8 bytes, spi_flash.o(.ramTEXT))
<BR><BR>[Stack]<UL><LI>Max Depth = 144<LI>Call Chain = flash_suspend_Winbond &rArr; sfc_Command_List &rArr; flash_wait_ready &rArr; flash_read_sr &rArr; sfc_read &rArr; sfc_transfer &rArr; sfc_MacWaitReady
</UL>
<BR>[Calls]<UL><LI><a href="#[5c]">&gt;&gt;</a>&nbsp;&nbsp;&nbsp;sfc_Command_List
</UL>
<BR>[Called By]<UL><LI><a href="#[1b]">&gt;&gt;</a>&nbsp;&nbsp;&nbsp;Flash_ReturnReady
</UL>

<P><STRONG><a name="[4f]"></a>flash_resume_Winbond</STRONG> (Thumb, 10 bytes, Stack size 8 bytes, spi_flash.o(.ramTEXT))
<BR><BR>[Stack]<UL><LI>Max Depth = 144<LI>Call Chain = flash_resume_Winbond &rArr; sfc_Command_List &rArr; flash_wait_ready &rArr; flash_read_sr &rArr; sfc_read &rArr; sfc_transfer &rArr; sfc_MacWaitReady
</UL>
<BR>[Calls]<UL><LI><a href="#[5c]">&gt;&gt;</a>&nbsp;&nbsp;&nbsp;sfc_Command_List
</UL>
<BR>[Called By]<UL><LI><a href="#[51]">&gt;&gt;</a>&nbsp;&nbsp;&nbsp;SF_DAL_CheckReadyAndResume
<LI><a href="#[4c]">&gt;&gt;</a>&nbsp;&nbsp;&nbsp;SF_DAL_CheckDeviceReady
</UL>

<P><STRONG><a name="[68]"></a>flash_read_jedec_id</STRONG> (Thumb, 28 bytes, Stack size 24 bytes, spi_flash.o(.ramTEXT))
<BR><BR>[Stack]<UL><LI>Max Depth = 104<LI>Call Chain = flash_read_jedec_id &rArr; sfc_read &rArr; sfc_transfer &rArr; sfc_MacWaitReady
</UL>
<BR>[Calls]<UL><LI><a href="#[5e]">&gt;&gt;</a>&nbsp;&nbsp;&nbsp;sfc_read
</UL>
<BR>[Called By]<UL><LI><a href="#[37]">&gt;&gt;</a>&nbsp;&nbsp;&nbsp;flash_check_device
<LI><a href="#[6f]">&gt;&gt;</a>&nbsp;&nbsp;&nbsp;flash_init
<LI><a href="#[6d]">&gt;&gt;</a>&nbsp;&nbsp;&nbsp;flash_config
</UL>

<P><STRONG><a name="[37]"></a>flash_check_device</STRONG> (Thumb, 268 bytes, Stack size 40 bytes, spi_flash.o(.ramTEXT))
<BR><BR>[Stack]<UL><LI>Max Depth = 240<LI>Call Chain = flash_check_device &rArr; log_hal_info_internal &rArr; vprint_module_log &rArr; log_queue_send &rArr; xQueueGenericSend &rArr; prvCopyDataToQueue &rArr; xTaskPriorityDisinherit
</UL>
<BR>[Calls]<UL><LI><a href="#[36]">&gt;&gt;</a>&nbsp;&nbsp;&nbsp;customer_flash_register (via Veneer)
<LI><a href="#[6a]">&gt;&gt;</a>&nbsp;&nbsp;&nbsp;log_hal_info_internal (via Veneer)
<LI><a href="#[68]">&gt;&gt;</a>&nbsp;&nbsp;&nbsp;flash_read_jedec_id
<LI><a href="#[69]">&gt;&gt;</a>&nbsp;&nbsp;&nbsp;sfc_GetDirectMode
</UL>
<BR>[Called By]<UL><LI><a href="#[34]">&gt;&gt;</a>&nbsp;&nbsp;&nbsp;flash_sfc_config
<LI><a href="#[6b]">&gt;&gt;</a>&nbsp;&nbsp;&nbsp;flash_switch_mode
</UL>

<P><STRONG><a name="[6b]"></a>flash_switch_mode</STRONG> (Thumb, 108 bytes, Stack size 8 bytes, spi_flash.o(.ramTEXT), UNUSED)
<BR><BR>[Calls]<UL><LI><a href="#[37]">&gt;&gt;</a>&nbsp;&nbsp;&nbsp;flash_check_device
<LI><a href="#[36]">&gt;&gt;</a>&nbsp;&nbsp;&nbsp;customer_flash_register (via Veneer)
<LI><a href="#[65]">&gt;&gt;</a>&nbsp;&nbsp;&nbsp;flash_Switch_Device_Mode
<LI><a href="#[6c]">&gt;&gt;</a>&nbsp;&nbsp;&nbsp;sfc_direct_read_setup
<LI><a href="#[60]">&gt;&gt;</a>&nbsp;&nbsp;&nbsp;__2printf (via Veneer)
</UL>

<P><STRONG><a name="[6d]"></a>flash_config</STRONG> (Thumb, 296 bytes, Stack size 40 bytes, spi_flash.o(.ramTEXT), UNUSED)
<BR><BR>[Calls]<UL><LI><a href="#[36]">&gt;&gt;</a>&nbsp;&nbsp;&nbsp;customer_flash_register (via Veneer)
<LI><a href="#[6a]">&gt;&gt;</a>&nbsp;&nbsp;&nbsp;log_hal_info_internal (via Veneer)
<LI><a href="#[68]">&gt;&gt;</a>&nbsp;&nbsp;&nbsp;flash_read_jedec_id
<LI><a href="#[6e]">&gt;&gt;</a>&nbsp;&nbsp;&nbsp;sfc_getMaxGPRamSize
</UL>

<P><STRONG><a name="[6f]"></a>flash_init</STRONG> (Thumb, 544 bytes, Stack size 40 bytes, spi_flash.o(.ramTEXT), UNUSED)
<BR><BR>[Calls]<UL><LI><a href="#[6a]">&gt;&gt;</a>&nbsp;&nbsp;&nbsp;log_hal_info_internal (via Veneer)
<LI><a href="#[68]">&gt;&gt;</a>&nbsp;&nbsp;&nbsp;flash_read_jedec_id
<LI><a href="#[64]">&gt;&gt;</a>&nbsp;&nbsp;&nbsp;flash_reset
<LI><a href="#[56]">&gt;&gt;</a>&nbsp;&nbsp;&nbsp;sfc_Init
<LI><a href="#[6e]">&gt;&gt;</a>&nbsp;&nbsp;&nbsp;sfc_getMaxGPRamSize
</UL>

<P><STRONG><a name="[47]"></a>flash_read_sr</STRONG> (Thumb, 36 bytes, Stack size 16 bytes, spi_flash.o(.ramTEXT))
<BR><BR>[Stack]<UL><LI>Max Depth = 96<LI>Call Chain = flash_read_sr &rArr; sfc_read &rArr; sfc_transfer &rArr; sfc_MacWaitReady
</UL>
<BR>[Calls]<UL><LI><a href="#[5e]">&gt;&gt;</a>&nbsp;&nbsp;&nbsp;sfc_read
</UL>
<BR>[Called By]<UL><LI><a href="#[41]">&gt;&gt;</a>&nbsp;&nbsp;&nbsp;flash_unprotect
<LI><a href="#[51]">&gt;&gt;</a>&nbsp;&nbsp;&nbsp;SF_DAL_CheckReadyAndResume
<LI><a href="#[4c]">&gt;&gt;</a>&nbsp;&nbsp;&nbsp;SF_DAL_CheckDeviceReady
<LI><a href="#[1b]">&gt;&gt;</a>&nbsp;&nbsp;&nbsp;Flash_ReturnReady
<LI><a href="#[74]">&gt;&gt;</a>&nbsp;&nbsp;&nbsp;flash_protect
<LI><a href="#[5d]">&gt;&gt;</a>&nbsp;&nbsp;&nbsp;flash_wait_ready
</UL>

<P><STRONG><a name="[5d]"></a>flash_wait_ready</STRONG> (Thumb, 78 bytes, Stack size 16 bytes, spi_flash.o(.ramTEXT))
<BR><BR>[Stack]<UL><LI>Max Depth = 112<LI>Call Chain = flash_wait_ready &rArr; flash_read_sr &rArr; sfc_read &rArr; sfc_transfer &rArr; sfc_MacWaitReady
</UL>
<BR>[Calls]<UL><LI><a href="#[47]">&gt;&gt;</a>&nbsp;&nbsp;&nbsp;flash_read_sr
<LI><a href="#[33]">&gt;&gt;</a>&nbsp;&nbsp;&nbsp;__aeabi_assert (via Veneer)
<LI><a href="#[55]">&gt;&gt;</a>&nbsp;&nbsp;&nbsp;sfc_delay_ms
</UL>
<BR>[Called By]<UL><LI><a href="#[79]">&gt;&gt;</a>&nbsp;&nbsp;&nbsp;flash_write
<LI><a href="#[3a]">&gt;&gt;</a>&nbsp;&nbsp;&nbsp;flash_read
<LI><a href="#[3b]">&gt;&gt;</a>&nbsp;&nbsp;&nbsp;flash_fast_read
<LI><a href="#[44]">&gt;&gt;</a>&nbsp;&nbsp;&nbsp;flash_erase_sector_32k
<LI><a href="#[45]">&gt;&gt;</a>&nbsp;&nbsp;&nbsp;flash_erase_sector
<LI><a href="#[43]">&gt;&gt;</a>&nbsp;&nbsp;&nbsp;flash_erase_page
<LI><a href="#[7a]">&gt;&gt;</a>&nbsp;&nbsp;&nbsp;flash_erase_write_security_crc
<LI><a href="#[77]">&gt;&gt;</a>&nbsp;&nbsp;&nbsp;flash_erase_chip
<LI><a href="#[5c]">&gt;&gt;</a>&nbsp;&nbsp;&nbsp;sfc_Command_List
</UL>

<P><STRONG><a name="[70]"></a>flash_read_manu_id</STRONG> (Thumb, 34 bytes, Stack size 24 bytes, spi_flash.o(.ramTEXT), UNUSED)
<BR><BR>[Calls]<UL><LI><a href="#[5e]">&gt;&gt;</a>&nbsp;&nbsp;&nbsp;sfc_read
</UL>

<P><STRONG><a name="[71]"></a>flash_read_manu_id_quad</STRONG> (Thumb, 34 bytes, Stack size 24 bytes, spi_flash.o(.ramTEXT), UNUSED)
<BR><BR>[Calls]<UL><LI><a href="#[5e]">&gt;&gt;</a>&nbsp;&nbsp;&nbsp;sfc_read
</UL>

<P><STRONG><a name="[3a]"></a>flash_read</STRONG> (Thumb, 76 bytes, Stack size 24 bytes, spi_flash.o(.ramTEXT), UNUSED)
<BR><BR>[Calls]<UL><LI><a href="#[5e]">&gt;&gt;</a>&nbsp;&nbsp;&nbsp;sfc_read
<LI><a href="#[5d]">&gt;&gt;</a>&nbsp;&nbsp;&nbsp;flash_wait_ready
</UL>
<BR>[Called By]<UL><LI><a href="#[38]">&gt;&gt;</a>&nbsp;&nbsp;&nbsp;flash_sfc_read
</UL>

<P><STRONG><a name="[3b]"></a>flash_fast_read</STRONG> (Thumb, 106 bytes, Stack size 64 bytes, spi_flash.o(.ramTEXT), UNUSED)
<BR><BR>[Calls]<UL><LI><a href="#[5e]">&gt;&gt;</a>&nbsp;&nbsp;&nbsp;sfc_read
<LI><a href="#[5d]">&gt;&gt;</a>&nbsp;&nbsp;&nbsp;flash_wait_ready
</UL>
<BR>[Called By]<UL><LI><a href="#[38]">&gt;&gt;</a>&nbsp;&nbsp;&nbsp;flash_sfc_read
</UL>

<P><STRONG><a name="[4d]"></a>flash_read_sr2</STRONG> (Thumb, 118 bytes, Stack size 16 bytes, spi_flash.o(.ramTEXT))
<BR><BR>[Stack]<UL><LI>Max Depth = 216<LI>Call Chain = flash_read_sr2 &rArr; log_hal_info_internal &rArr; vprint_module_log &rArr; log_queue_send &rArr; xQueueGenericSend &rArr; prvCopyDataToQueue &rArr; xTaskPriorityDisinherit
</UL>
<BR>[Calls]<UL><LI><a href="#[73]">&gt;&gt;</a>&nbsp;&nbsp;&nbsp;customer_flash_read_SR2_comand (via Veneer)
<LI><a href="#[6a]">&gt;&gt;</a>&nbsp;&nbsp;&nbsp;log_hal_info_internal (via Veneer)
<LI><a href="#[5e]">&gt;&gt;</a>&nbsp;&nbsp;&nbsp;sfc_read
</UL>
<BR>[Called By]<UL><LI><a href="#[4c]">&gt;&gt;</a>&nbsp;&nbsp;&nbsp;SF_DAL_CheckDeviceReady
</UL>

<P><STRONG><a name="[41]"></a>flash_unprotect</STRONG> (Thumb, 46 bytes, Stack size 8 bytes, spi_flash.o(.ramTEXT))
<BR><BR>[Stack]<UL><LI>Max Depth = 272<LI>Call Chain = flash_unprotect &rArr; flash_write_sr &rArr; sfc_write &rArr; sfc_transfer &rArr; sfc_MacWaitReady
</UL>
<BR>[Calls]<UL><LI><a href="#[47]">&gt;&gt;</a>&nbsp;&nbsp;&nbsp;flash_read_sr
<LI><a href="#[72]">&gt;&gt;</a>&nbsp;&nbsp;&nbsp;flash_write_sr
</UL>
<BR>[Called By]<UL><LI><a href="#[3d]">&gt;&gt;</a>&nbsp;&nbsp;&nbsp;flash_sfc_erase
<LI><a href="#[7a]">&gt;&gt;</a>&nbsp;&nbsp;&nbsp;flash_erase_write_security_crc
<LI><a href="#[77]">&gt;&gt;</a>&nbsp;&nbsp;&nbsp;flash_erase_chip
</UL>

<P><STRONG><a name="[74]"></a>flash_protect</STRONG> (Thumb, 42 bytes, Stack size 8 bytes, spi_flash.o(.ramTEXT), UNUSED)
<BR><BR>[Calls]<UL><LI><a href="#[47]">&gt;&gt;</a>&nbsp;&nbsp;&nbsp;flash_read_sr
<LI><a href="#[72]">&gt;&gt;</a>&nbsp;&nbsp;&nbsp;flash_write_sr
</UL>

<P><STRONG><a name="[40]"></a>flash_write_enable</STRONG> (Thumb, 20 bytes, Stack size 8 bytes, spi_flash.o(.ramTEXT))
<BR><BR>[Stack]<UL><LI>Max Depth = 256<LI>Call Chain = flash_write_enable &rArr; sfc_write &rArr; sfc_transfer &rArr; sfc_MacWaitReady
</UL>
<BR>[Calls]<UL><LI><a href="#[5f]">&gt;&gt;</a>&nbsp;&nbsp;&nbsp;sfc_write
</UL>
<BR>[Called By]<UL><LI><a href="#[79]">&gt;&gt;</a>&nbsp;&nbsp;&nbsp;flash_write
<LI><a href="#[3d]">&gt;&gt;</a>&nbsp;&nbsp;&nbsp;flash_sfc_erase
<LI><a href="#[7a]">&gt;&gt;</a>&nbsp;&nbsp;&nbsp;flash_erase_write_security_crc
<LI><a href="#[77]">&gt;&gt;</a>&nbsp;&nbsp;&nbsp;flash_erase_chip
</UL>

<P><STRONG><a name="[75]"></a>flash_write_disable</STRONG> (Thumb, 20 bytes, Stack size 8 bytes, spi_flash.o(.ramTEXT))
<BR><BR>[Stack]<UL><LI>Max Depth = 256<LI>Call Chain = flash_write_disable &rArr; sfc_write &rArr; sfc_transfer &rArr; sfc_MacWaitReady
</UL>
<BR>[Calls]<UL><LI><a href="#[5f]">&gt;&gt;</a>&nbsp;&nbsp;&nbsp;sfc_write
</UL>
<BR>[Called By]<UL><LI><a href="#[79]">&gt;&gt;</a>&nbsp;&nbsp;&nbsp;flash_write
<LI><a href="#[44]">&gt;&gt;</a>&nbsp;&nbsp;&nbsp;flash_erase_sector_32k
<LI><a href="#[45]">&gt;&gt;</a>&nbsp;&nbsp;&nbsp;flash_erase_sector
<LI><a href="#[43]">&gt;&gt;</a>&nbsp;&nbsp;&nbsp;flash_erase_page
<LI><a href="#[77]">&gt;&gt;</a>&nbsp;&nbsp;&nbsp;flash_erase_chip
</UL>

<P><STRONG><a name="[45]"></a>flash_erase_sector</STRONG> (Thumb, 120 bytes, Stack size 24 bytes, spi_flash.o(.ramTEXT))
<BR><BR>[Stack]<UL><LI>Max Depth = 280<LI>Call Chain = flash_erase_sector &rArr; SF_DAL_CheckDeviceReady &rArr; flash_read_sr2 &rArr; log_hal_info_internal &rArr; vprint_module_log &rArr; log_queue_send &rArr; xQueueGenericSend &rArr; prvCopyDataToQueue &rArr; xTaskPriorityDisinherit
</UL>
<BR>[Calls]<UL><LI><a href="#[46]">&gt;&gt;</a>&nbsp;&nbsp;&nbsp;save_and_set_interrupt_mask
<LI><a href="#[4b]">&gt;&gt;</a>&nbsp;&nbsp;&nbsp;restore_interrupt_mask
<LI><a href="#[4c]">&gt;&gt;</a>&nbsp;&nbsp;&nbsp;SF_DAL_CheckDeviceReady
<LI><a href="#[76]">&gt;&gt;</a>&nbsp;&nbsp;&nbsp;SF_DAL_FLAG_BUSY_SET
<LI><a href="#[75]">&gt;&gt;</a>&nbsp;&nbsp;&nbsp;flash_write_disable
<LI><a href="#[5d]">&gt;&gt;</a>&nbsp;&nbsp;&nbsp;flash_wait_ready
<LI><a href="#[5f]">&gt;&gt;</a>&nbsp;&nbsp;&nbsp;sfc_write
</UL>
<BR>[Called By]<UL><LI><a href="#[3d]">&gt;&gt;</a>&nbsp;&nbsp;&nbsp;flash_sfc_erase
</UL>

<P><STRONG><a name="[44]"></a>flash_erase_sector_32k</STRONG> (Thumb, 120 bytes, Stack size 24 bytes, spi_flash.o(.ramTEXT))
<BR><BR>[Stack]<UL><LI>Max Depth = 280<LI>Call Chain = flash_erase_sector_32k &rArr; SF_DAL_CheckDeviceReady &rArr; flash_read_sr2 &rArr; log_hal_info_internal &rArr; vprint_module_log &rArr; log_queue_send &rArr; xQueueGenericSend &rArr; prvCopyDataToQueue &rArr; xTaskPriorityDisinherit
</UL>
<BR>[Calls]<UL><LI><a href="#[46]">&gt;&gt;</a>&nbsp;&nbsp;&nbsp;save_and_set_interrupt_mask
<LI><a href="#[4b]">&gt;&gt;</a>&nbsp;&nbsp;&nbsp;restore_interrupt_mask
<LI><a href="#[4c]">&gt;&gt;</a>&nbsp;&nbsp;&nbsp;SF_DAL_CheckDeviceReady
<LI><a href="#[76]">&gt;&gt;</a>&nbsp;&nbsp;&nbsp;SF_DAL_FLAG_BUSY_SET
<LI><a href="#[75]">&gt;&gt;</a>&nbsp;&nbsp;&nbsp;flash_write_disable
<LI><a href="#[5d]">&gt;&gt;</a>&nbsp;&nbsp;&nbsp;flash_wait_ready
<LI><a href="#[5f]">&gt;&gt;</a>&nbsp;&nbsp;&nbsp;sfc_write
</UL>
<BR>[Called By]<UL><LI><a href="#[3d]">&gt;&gt;</a>&nbsp;&nbsp;&nbsp;flash_sfc_erase
</UL>

<P><STRONG><a name="[43]"></a>flash_erase_page</STRONG> (Thumb, 184 bytes, Stack size 24 bytes, spi_flash.o(.ramTEXT))
<BR><BR>[Stack]<UL><LI>Max Depth = 280<LI>Call Chain = flash_erase_page &rArr; SF_DAL_CheckDeviceReady &rArr; flash_read_sr2 &rArr; log_hal_info_internal &rArr; vprint_module_log &rArr; log_queue_send &rArr; xQueueGenericSend &rArr; prvCopyDataToQueue &rArr; xTaskPriorityDisinherit
</UL>
<BR>[Calls]<UL><LI><a href="#[46]">&gt;&gt;</a>&nbsp;&nbsp;&nbsp;save_and_set_interrupt_mask
<LI><a href="#[4b]">&gt;&gt;</a>&nbsp;&nbsp;&nbsp;restore_interrupt_mask
<LI><a href="#[4c]">&gt;&gt;</a>&nbsp;&nbsp;&nbsp;SF_DAL_CheckDeviceReady
<LI><a href="#[76]">&gt;&gt;</a>&nbsp;&nbsp;&nbsp;SF_DAL_FLAG_BUSY_SET
<LI><a href="#[75]">&gt;&gt;</a>&nbsp;&nbsp;&nbsp;flash_write_disable
<LI><a href="#[5d]">&gt;&gt;</a>&nbsp;&nbsp;&nbsp;flash_wait_ready
<LI><a href="#[5f]">&gt;&gt;</a>&nbsp;&nbsp;&nbsp;sfc_write
</UL>
<BR>[Called By]<UL><LI><a href="#[3d]">&gt;&gt;</a>&nbsp;&nbsp;&nbsp;flash_sfc_erase
<LI><a href="#[7a]">&gt;&gt;</a>&nbsp;&nbsp;&nbsp;flash_erase_write_security_crc
<LI><a href="#[78]">&gt;&gt;</a>&nbsp;&nbsp;&nbsp;flash_erase
</UL>

<P><STRONG><a name="[77]"></a>flash_erase_chip</STRONG> (Thumb, 78 bytes, Stack size 16 bytes, spi_flash.o(.ramTEXT), UNUSED)
<BR><BR>[Calls]<UL><LI><a href="#[40]">&gt;&gt;</a>&nbsp;&nbsp;&nbsp;flash_write_enable
<LI><a href="#[41]">&gt;&gt;</a>&nbsp;&nbsp;&nbsp;flash_unprotect
<LI><a href="#[75]">&gt;&gt;</a>&nbsp;&nbsp;&nbsp;flash_write_disable
<LI><a href="#[5d]">&gt;&gt;</a>&nbsp;&nbsp;&nbsp;flash_wait_ready
<LI><a href="#[5f]">&gt;&gt;</a>&nbsp;&nbsp;&nbsp;sfc_write
</UL>

<P><STRONG><a name="[78]"></a>flash_erase</STRONG> (Thumb, 52 bytes, Stack size 16 bytes, spi_flash.o(.ramTEXT), UNUSED)
<BR><BR>[Calls]<UL><LI><a href="#[43]">&gt;&gt;</a>&nbsp;&nbsp;&nbsp;flash_erase_page
</UL>
<BR>[Called By]<UL><LI><a href="#[7b]">&gt;&gt;</a>&nbsp;&nbsp;&nbsp;flash_erase_write
</UL>

<P><STRONG><a name="[79]"></a>flash_write</STRONG> (Thumb, 354 bytes, Stack size 64 bytes, spi_flash.o(.ramTEXT))
<BR><BR>[Stack]<UL><LI>Max Depth = 320<LI>Call Chain = flash_write &rArr; flash_write_enable &rArr; sfc_write &rArr; sfc_transfer &rArr; sfc_MacWaitReady
</UL>
<BR>[Calls]<UL><LI><a href="#[46]">&gt;&gt;</a>&nbsp;&nbsp;&nbsp;save_and_set_interrupt_mask
<LI><a href="#[4b]">&gt;&gt;</a>&nbsp;&nbsp;&nbsp;restore_interrupt_mask
<LI><a href="#[40]">&gt;&gt;</a>&nbsp;&nbsp;&nbsp;flash_write_enable
<LI><a href="#[33]">&gt;&gt;</a>&nbsp;&nbsp;&nbsp;__aeabi_assert (via Veneer)
<LI><a href="#[51]">&gt;&gt;</a>&nbsp;&nbsp;&nbsp;SF_DAL_CheckReadyAndResume
<LI><a href="#[4c]">&gt;&gt;</a>&nbsp;&nbsp;&nbsp;SF_DAL_CheckDeviceReady
<LI><a href="#[76]">&gt;&gt;</a>&nbsp;&nbsp;&nbsp;SF_DAL_FLAG_BUSY_SET
<LI><a href="#[75]">&gt;&gt;</a>&nbsp;&nbsp;&nbsp;flash_write_disable
<LI><a href="#[5d]">&gt;&gt;</a>&nbsp;&nbsp;&nbsp;flash_wait_ready
<LI><a href="#[5f]">&gt;&gt;</a>&nbsp;&nbsp;&nbsp;sfc_write
<LI><a href="#[69]">&gt;&gt;</a>&nbsp;&nbsp;&nbsp;sfc_GetDirectMode
</UL>
<BR>[Called By]<UL><LI><a href="#[109]">&gt;&gt;</a>&nbsp;&nbsp;&nbsp;flash_sfc_write (via Veneer)
<LI><a href="#[7b]">&gt;&gt;</a>&nbsp;&nbsp;&nbsp;flash_erase_write
</UL>

<P><STRONG><a name="[7a]"></a>flash_erase_write_security_crc</STRONG> (Thumb, 122 bytes, Stack size 24 bytes, spi_flash.o(.ramTEXT), UNUSED)
<BR><BR>[Calls]<UL><LI><a href="#[40]">&gt;&gt;</a>&nbsp;&nbsp;&nbsp;flash_write_enable
<LI><a href="#[41]">&gt;&gt;</a>&nbsp;&nbsp;&nbsp;flash_unprotect
<LI><a href="#[43]">&gt;&gt;</a>&nbsp;&nbsp;&nbsp;flash_erase_page
<LI><a href="#[5d]">&gt;&gt;</a>&nbsp;&nbsp;&nbsp;flash_wait_ready
<LI><a href="#[62]">&gt;&gt;</a>&nbsp;&nbsp;&nbsp;sfc_security_write_crc
</UL>

<P><STRONG><a name="[7b]"></a>flash_erase_write</STRONG> (Thumb, 228 bytes, Stack size 4200 bytes, spi_flash.o(.ramTEXT), UNUSED)
<BR><BR>[Calls]<UL><LI><a href="#[79]">&gt;&gt;</a>&nbsp;&nbsp;&nbsp;flash_write
<LI><a href="#[78]">&gt;&gt;</a>&nbsp;&nbsp;&nbsp;flash_erase
<LI><a href="#[61]">&gt;&gt;</a>&nbsp;&nbsp;&nbsp;__aeabi_memcpy (via Veneer)
</UL>

<P><STRONG><a name="[1d6]"></a>query_spi_flash_status</STRONG> (Thumb, 72 bytes, Stack size 0 bytes, spi_flash.o(.ramTEXT), UNUSED)

<P><STRONG><a name="[1d7]"></a>cmnSerialFlashClkConfToXtal</STRONG> (Thumb, 30 bytes, Stack size 8 bytes, top.o(.ramTEXT), UNUSED)

<P><STRONG><a name="[7c]"></a>cmnSerialFlashClkConfTo64M</STRONG> (Thumb, 78 bytes, Stack size 8 bytes, top.o(.ramTEXT))
<BR><BR>[Stack]<UL><LI>Max Depth = 16<LI>Call Chain = cmnSerialFlashClkConfTo64M &rArr; cmnPLL1ON
</UL>
<BR>[Calls]<UL><LI><a href="#[7d]">&gt;&gt;</a>&nbsp;&nbsp;&nbsp;cmnPLL1ON (via Veneer)
</UL>
<BR>[Called By]<UL><LI><a href="#[c6]">&gt;&gt;</a>&nbsp;&nbsp;&nbsp;SystemClock_Config (via Veneer)
</UL>

<P><STRONG><a name="[3e]"></a>hal_cache_invalidate_all_cache_lines</STRONG> (Thumb, 64 bytes, Stack size 8 bytes, hal_cache.o(.ramTEXT))
<BR><BR>[Stack]<UL><LI>Max Depth = 8<LI>Call Chain = hal_cache_invalidate_all_cache_lines
</UL>
<BR>[Calls]<UL><LI><a href="#[46]">&gt;&gt;</a>&nbsp;&nbsp;&nbsp;save_and_set_interrupt_mask
<LI><a href="#[4b]">&gt;&gt;</a>&nbsp;&nbsp;&nbsp;restore_interrupt_mask
</UL>
<BR>[Called By]<UL><LI><a href="#[3f]">&gt;&gt;</a>&nbsp;&nbsp;&nbsp;hal_cache_disable (via Veneer)
<LI><a href="#[109]">&gt;&gt;</a>&nbsp;&nbsp;&nbsp;flash_sfc_write (via Veneer)
<LI><a href="#[3d]">&gt;&gt;</a>&nbsp;&nbsp;&nbsp;flash_sfc_erase
<LI><a href="#[eb]">&gt;&gt;</a>&nbsp;&nbsp;&nbsp;hal_cache_init (via Veneer)
</UL>

<P><STRONG><a name="[7e]"></a>hal_cache_invalidate_one_cache_line</STRONG> (Thumb, 54 bytes, Stack size 16 bytes, hal_cache.o(.ramTEXT), UNUSED)
<BR><BR>[Calls]<UL><LI><a href="#[46]">&gt;&gt;</a>&nbsp;&nbsp;&nbsp;save_and_set_interrupt_mask
<LI><a href="#[4b]">&gt;&gt;</a>&nbsp;&nbsp;&nbsp;restore_interrupt_mask
</UL>
<BR>[Called By]<UL><LI><a href="#[7f]">&gt;&gt;</a>&nbsp;&nbsp;&nbsp;hal_cache_invalidate_multiple_cache_lines
</UL>

<P><STRONG><a name="[7f]"></a>hal_cache_invalidate_multiple_cache_lines</STRONG> (Thumb, 64 bytes, Stack size 24 bytes, hal_cache.o(.ramTEXT), UNUSED)
<BR><BR>[Calls]<UL><LI><a href="#[46]">&gt;&gt;</a>&nbsp;&nbsp;&nbsp;save_and_set_interrupt_mask
<LI><a href="#[4b]">&gt;&gt;</a>&nbsp;&nbsp;&nbsp;restore_interrupt_mask
<LI><a href="#[7e]">&gt;&gt;</a>&nbsp;&nbsp;&nbsp;hal_cache_invalidate_one_cache_line
</UL>

<P><STRONG><a name="[80]"></a>hal_cache_flush_one_cache_line</STRONG> (Thumb, 54 bytes, Stack size 16 bytes, hal_cache.o(.ramTEXT), UNUSED)
<BR><BR>[Calls]<UL><LI><a href="#[46]">&gt;&gt;</a>&nbsp;&nbsp;&nbsp;save_and_set_interrupt_mask
<LI><a href="#[4b]">&gt;&gt;</a>&nbsp;&nbsp;&nbsp;restore_interrupt_mask
</UL>
<BR>[Called By]<UL><LI><a href="#[81]">&gt;&gt;</a>&nbsp;&nbsp;&nbsp;hal_cache_flush_multiple_cache_lines
</UL>

<P><STRONG><a name="[81]"></a>hal_cache_flush_multiple_cache_lines</STRONG> (Thumb, 64 bytes, Stack size 24 bytes, hal_cache.o(.ramTEXT), UNUSED)
<BR><BR>[Calls]<UL><LI><a href="#[46]">&gt;&gt;</a>&nbsp;&nbsp;&nbsp;save_and_set_interrupt_mask
<LI><a href="#[4b]">&gt;&gt;</a>&nbsp;&nbsp;&nbsp;restore_interrupt_mask
<LI><a href="#[80]">&gt;&gt;</a>&nbsp;&nbsp;&nbsp;hal_cache_flush_one_cache_line
</UL>

<P><STRONG><a name="[82]"></a>hal_cache_flush_all_cache_lines</STRONG> (Thumb, 44 bytes, Stack size 8 bytes, hal_cache.o(.ramTEXT), UNUSED)
<BR><BR>[Calls]<UL><LI><a href="#[46]">&gt;&gt;</a>&nbsp;&nbsp;&nbsp;save_and_set_interrupt_mask
<LI><a href="#[4b]">&gt;&gt;</a>&nbsp;&nbsp;&nbsp;restore_interrupt_mask
</UL>

<P><STRONG><a name="[29]"></a>isrC_main</STRONG> (Thumb, 86 bytes, Stack size 16 bytes, hal_nvic.o(.ramTEXT))
<BR><BR>[Stack]<UL><LI>Max Depth = 216<LI>Call Chain = isrC_main &rArr; log_hal_error_internal &rArr; vprint_module_log &rArr; log_queue_send &rArr; xQueueGenericSend &rArr; prvCopyDataToQueue &rArr; xTaskPriorityDisinherit
</UL>
<BR>[Calls]<UL><LI><a href="#[1b]">&gt;&gt;</a>&nbsp;&nbsp;&nbsp;Flash_ReturnReady
<LI><a href="#[84]">&gt;&gt;</a>&nbsp;&nbsp;&nbsp;log_hal_error_internal (via Veneer)
<LI><a href="#[85]">&gt;&gt;</a>&nbsp;&nbsp;&nbsp;get_pending_irq (via Veneer)
<LI><a href="#[83]">&gt;&gt;</a>&nbsp;&nbsp;&nbsp;get_current_irq (via Veneer)
</UL>
<BR>[Address Reference Count : 1]<UL><LI> startup_mt7687.o(.isr_vector)
</UL>
<P><STRONG><a name="[1c]"></a>SVC_Handler</STRONG> (Thumb, 44 bytes, Stack size 0 bytes, port.o(.ramTEXT))
<BR><BR>[Stack]<UL><LI>Max Depth = 32<LI>Call Chain = SVC_Handler &rArr; vPortCurrentTaskStackOverflowCheck &rArr; hal_dwt_request_watchpoint
</UL>
<BR>[Calls]<UL><LI><a href="#[86]">&gt;&gt;</a>&nbsp;&nbsp;&nbsp;hal_dwt_init (via Veneer)
<LI><a href="#[87]">&gt;&gt;</a>&nbsp;&nbsp;&nbsp;vPortCurrentTaskStackOverflowCheck (via Veneer)
</UL>
<BR>[Address Reference Count : 1]<UL><LI> startup_mt7687.o(.ramTEXT)
</UL>
<P><STRONG><a name="[1d]"></a>PendSV_Handler</STRONG> (Thumb, 112 bytes, Stack size 0 bytes, port.o(.ramTEXT))
<BR><BR>[Stack]<UL><LI>Max Depth = 48<LI>Call Chain = PendSV_Handler &rArr; vTaskSwitchContext &rArr; vApplicationStackOverflowHook &rArr; __2printf
</UL>
<BR>[Calls]<UL><LI><a href="#[88]">&gt;&gt;</a>&nbsp;&nbsp;&nbsp;vTaskSwitchContext (via Veneer)
<LI><a href="#[87]">&gt;&gt;</a>&nbsp;&nbsp;&nbsp;vPortCurrentTaskStackOverflowCheck (via Veneer)
</UL>
<BR>[Address Reference Count : 1]<UL><LI> startup_mt7687.o(.ramTEXT)
</UL>
<P><STRONG><a name="[1e]"></a>SysTick_Handler</STRONG> (Thumb, 54 bytes, Stack size 8 bytes, port.o(.ramTEXT))
<BR><BR>[Stack]<UL><LI>Max Depth = 168<LI>Call Chain = SysTick_Handler &rArr; Flash_ReturnReady &rArr; flash_suspend_Winbond &rArr; sfc_Command_List &rArr; flash_wait_ready &rArr; flash_read_sr &rArr; sfc_read &rArr; sfc_transfer &rArr; sfc_MacWaitReady
</UL>
<BR>[Calls]<UL><LI><a href="#[1b]">&gt;&gt;</a>&nbsp;&nbsp;&nbsp;Flash_ReturnReady
<LI><a href="#[89]">&gt;&gt;</a>&nbsp;&nbsp;&nbsp;xTaskIncrementTick (via Veneer)
</UL>
<BR>[Address Reference Count : 1]<UL><LI> startup_mt7687.o(.ramTEXT)
</UL>
<P><STRONG><a name="[8a]"></a>CommonFault_Handler</STRONG> (Thumb, 92 bytes, Stack size 0 bytes, exception_handler.o(.ramTEXT))
<BR><BR>[Stack]<UL><LI>Max Depth = 168<LI>Call Chain = CommonFault_Handler &rArr; exception_init &rArr; Flash_ReturnReady &rArr; flash_suspend_Winbond &rArr; sfc_Command_List &rArr; flash_wait_ready &rArr; flash_read_sr &rArr; sfc_read &rArr; sfc_transfer &rArr; sfc_MacWaitReady
</UL>
<BR>[Calls]<UL><LI><a href="#[2b]">&gt;&gt;</a>&nbsp;&nbsp;&nbsp;exception_init
</UL>
<BR>[Called By]<UL><LI><a href="#[26]">&gt;&gt;</a>&nbsp;&nbsp;&nbsp;DebugMon_Handler
<LI><a href="#[24]">&gt;&gt;</a>&nbsp;&nbsp;&nbsp;UsageFault_Handler
<LI><a href="#[23]">&gt;&gt;</a>&nbsp;&nbsp;&nbsp;BusFault_Handler
<LI><a href="#[22]">&gt;&gt;</a>&nbsp;&nbsp;&nbsp;MemManage_Handler
<LI><a href="#[21]">&gt;&gt;</a>&nbsp;&nbsp;&nbsp;HardFault_Handler
</UL>

<P><STRONG><a name="[21]"></a>HardFault_Handler</STRONG> (Thumb, 10 bytes, Stack size 0 bytes, exception_handler.o(.ramTEXT))
<BR><BR>[Stack]<UL><LI>Max Depth = 168<LI>Call Chain = HardFault_Handler &rArr; CommonFault_Handler &rArr; exception_init &rArr; Flash_ReturnReady &rArr; flash_suspend_Winbond &rArr; sfc_Command_List &rArr; flash_wait_ready &rArr; flash_read_sr &rArr; sfc_read &rArr; sfc_transfer &rArr; sfc_MacWaitReady
</UL>
<BR>[Calls]<UL><LI><a href="#[2e]">&gt;&gt;</a>&nbsp;&nbsp;&nbsp;Hard_Fault_Handler (via Veneer)
<LI><a href="#[8a]">&gt;&gt;</a>&nbsp;&nbsp;&nbsp;CommonFault_Handler
</UL>
<BR>[Address Reference Count : 1]<UL><LI> startup_mt7687.o(.isr_vector)
</UL>
<P><STRONG><a name="[22]"></a>MemManage_Handler</STRONG> (Thumb, 10 bytes, Stack size 0 bytes, exception_handler.o(.ramTEXT))
<BR><BR>[Stack]<UL><LI>Max Depth = 168<LI>Call Chain = MemManage_Handler &rArr; CommonFault_Handler &rArr; exception_init &rArr; Flash_ReturnReady &rArr; flash_suspend_Winbond &rArr; sfc_Command_List &rArr; flash_wait_ready &rArr; flash_read_sr &rArr; sfc_read &rArr; sfc_transfer &rArr; sfc_MacWaitReady
</UL>
<BR>[Calls]<UL><LI><a href="#[2f]">&gt;&gt;</a>&nbsp;&nbsp;&nbsp;MemManage_Fault_Handler (via Veneer)
<LI><a href="#[8a]">&gt;&gt;</a>&nbsp;&nbsp;&nbsp;CommonFault_Handler
</UL>
<BR>[Address Reference Count : 1]<UL><LI> startup_mt7687.o(.isr_vector)
</UL>
<P><STRONG><a name="[23]"></a>BusFault_Handler</STRONG> (Thumb, 10 bytes, Stack size 0 bytes, exception_handler.o(.ramTEXT))
<BR><BR>[Stack]<UL><LI>Max Depth = 168<LI>Call Chain = BusFault_Handler &rArr; CommonFault_Handler &rArr; exception_init &rArr; Flash_ReturnReady &rArr; flash_suspend_Winbond &rArr; sfc_Command_List &rArr; flash_wait_ready &rArr; flash_read_sr &rArr; sfc_read &rArr; sfc_transfer &rArr; sfc_MacWaitReady
</UL>
<BR>[Calls]<UL><LI><a href="#[2c]">&gt;&gt;</a>&nbsp;&nbsp;&nbsp;Bus_Fault_Handler (via Veneer)
<LI><a href="#[8a]">&gt;&gt;</a>&nbsp;&nbsp;&nbsp;CommonFault_Handler
</UL>
<BR>[Address Reference Count : 1]<UL><LI> startup_mt7687.o(.isr_vector)
</UL>
<P><STRONG><a name="[24]"></a>UsageFault_Handler</STRONG> (Thumb, 10 bytes, Stack size 0 bytes, exception_handler.o(.ramTEXT))
<BR><BR>[Stack]<UL><LI>Max Depth = 168<LI>Call Chain = UsageFault_Handler &rArr; CommonFault_Handler &rArr; exception_init &rArr; Flash_ReturnReady &rArr; flash_suspend_Winbond &rArr; sfc_Command_List &rArr; flash_wait_ready &rArr; flash_read_sr &rArr; sfc_read &rArr; sfc_transfer &rArr; sfc_MacWaitReady
</UL>
<BR>[Calls]<UL><LI><a href="#[30]">&gt;&gt;</a>&nbsp;&nbsp;&nbsp;Usage_Fault_Handler (via Veneer)
<LI><a href="#[8a]">&gt;&gt;</a>&nbsp;&nbsp;&nbsp;CommonFault_Handler
</UL>
<BR>[Address Reference Count : 1]<UL><LI> startup_mt7687.o(.isr_vector)
</UL>
<P><STRONG><a name="[26]"></a>DebugMon_Handler</STRONG> (Thumb, 10 bytes, Stack size 0 bytes, exception_handler.o(.ramTEXT))
<BR><BR>[Stack]<UL><LI>Max Depth = 168<LI>Call Chain = DebugMon_Handler &rArr; CommonFault_Handler &rArr; exception_init &rArr; Flash_ReturnReady &rArr; flash_suspend_Winbond &rArr; sfc_Command_List &rArr; flash_wait_ready &rArr; flash_read_sr &rArr; sfc_read &rArr; sfc_transfer &rArr; sfc_MacWaitReady
</UL>
<BR>[Calls]<UL><LI><a href="#[2d]">&gt;&gt;</a>&nbsp;&nbsp;&nbsp;Debug_Monitor_Handler (via Veneer)
<LI><a href="#[8a]">&gt;&gt;</a>&nbsp;&nbsp;&nbsp;CommonFault_Handler
</UL>
<BR>[Address Reference Count : 1]<UL><LI> startup_mt7687.o(.isr_vector)
</UL>
<P><STRONG><a name="[2b]"></a>exception_init</STRONG> (Thumb, 72 bytes, Stack size 8 bytes, exception_handler.o(.ramTEXT))
<BR><BR>[Stack]<UL><LI>Max Depth = 168<LI>Call Chain = exception_init &rArr; Flash_ReturnReady &rArr; flash_suspend_Winbond &rArr; sfc_Command_List &rArr; flash_wait_ready &rArr; flash_read_sr &rArr; sfc_read &rArr; sfc_transfer &rArr; sfc_MacWaitReady
</UL>
<BR>[Calls]<UL><LI><a href="#[1b]">&gt;&gt;</a>&nbsp;&nbsp;&nbsp;Flash_ReturnReady
<LI><a href="#[60]">&gt;&gt;</a>&nbsp;&nbsp;&nbsp;__2printf (via Veneer)
</UL>
<BR>[Called By]<UL><LI><a href="#[8a]">&gt;&gt;</a>&nbsp;&nbsp;&nbsp;CommonFault_Handler
</UL>

<P><STRONG><a name="[25]"></a>SvcCall_Main</STRONG> (Thumb, 20 bytes, Stack size 0 bytes, startup_mt7687.o(.ramTEXT))
<BR>[Address Reference Count : 1]<UL><LI> startup_mt7687.o(.isr_vector)
</UL>
<P><STRONG><a name="[27]"></a>PendSV_Main</STRONG> (Thumb, 20 bytes, Stack size 0 bytes, startup_mt7687.o(.ramTEXT))
<BR>[Address Reference Count : 1]<UL><LI> startup_mt7687.o(.isr_vector)
</UL>
<P><STRONG><a name="[28]"></a>SysTick_Main</STRONG> (Thumb, 20 bytes, Stack size 0 bytes, startup_mt7687.o(.ramTEXT))
<BR>[Address Reference Count : 1]<UL><LI> startup_mt7687.o(.isr_vector)
</UL>
<P><STRONG><a name="[2a]"></a>Reset_Handler</STRONG> (Thumb, 20 bytes, Stack size 0 bytes, startup_mt7687.o(.reset_handler))

<P><STRONG><a name="[8]"></a>__main</STRONG> (Thumb, 0 bytes, Stack size unknown bytes, entry.o(.ARM.Collect$$$$00000000))
<BR>[Address Reference Count : 1]<UL><LI> startup_mt7687.o(.reset_handler)
</UL>
<P><STRONG><a name="[1d8]"></a>_main_stk</STRONG> (Thumb, 0 bytes, Stack size unknown bytes, entry2.o(.ARM.Collect$$$$00000001))

<P><STRONG><a name="[8b]"></a>_main_scatterload</STRONG> (Thumb, 0 bytes, Stack size unknown bytes, entry5.o(.ARM.Collect$$$$00000004))
<BR><BR>[Calls]<UL><LI><a href="#[8c]">&gt;&gt;</a>&nbsp;&nbsp;&nbsp;__scatterload
</UL>

<P><STRONG><a name="[a1]"></a>__main_after_scatterload</STRONG> (Thumb, 0 bytes, Stack size unknown bytes, entry5.o(.ARM.Collect$$$$00000004))
<BR><BR>[Called By]<UL><LI><a href="#[8c]">&gt;&gt;</a>&nbsp;&nbsp;&nbsp;__scatterload
</UL>

<P><STRONG><a name="[1d9]"></a>_main_clock</STRONG> (Thumb, 0 bytes, Stack size unknown bytes, entry7b.o(.ARM.Collect$$$$00000008))

<P><STRONG><a name="[1da]"></a>_main_cpp_init</STRONG> (Thumb, 0 bytes, Stack size unknown bytes, entry8b.o(.ARM.Collect$$$$0000000A))

<P><STRONG><a name="[1db]"></a>_main_init</STRONG> (Thumb, 0 bytes, Stack size unknown bytes, entry9a.o(.ARM.Collect$$$$0000000B))

<P><STRONG><a name="[1dc]"></a>__rt_final_cpp</STRONG> (Thumb, 0 bytes, Stack size unknown bytes, entry10a.o(.ARM.Collect$$$$0000000D))

<P><STRONG><a name="[1dd]"></a>__rt_final_exit</STRONG> (Thumb, 0 bytes, Stack size unknown bytes, entry11a.o(.ARM.Collect$$$$0000000F))

<P><STRONG><a name="[1cf]"></a>__asm___6_port_c_39a90d8d__prvStartFirstTask</STRONG> (Thumb, 28 bytes, Stack size 0 bytes, port.o(.emb_text))
<BR><BR>[Called By]<UL><LI><a href="#[1c7]">&gt;&gt;</a>&nbsp;&nbsp;&nbsp;xPortStartScheduler
</UL>

<P><STRONG><a name="[1ce]"></a>__asm___6_port_c_39a90d8d__prvEnableVFP</STRONG> (Thumb, 16 bytes, Stack size 0 bytes, port.o(.emb_text))
<BR><BR>[Called By]<UL><LI><a href="#[1c7]">&gt;&gt;</a>&nbsp;&nbsp;&nbsp;xPortStartScheduler
</UL>

<P><STRONG><a name="[1c0]"></a>vPortGetIPSR</STRONG> (Thumb, 6 bytes, Stack size 0 bytes, port.o(.emb_text))
<BR><BR>[Called By]<UL><LI><a href="#[1bf]">&gt;&gt;</a>&nbsp;&nbsp;&nbsp;vPortValidateInterruptPriority
</UL>

<P><STRONG><a name="[8d]"></a>__aeabi_uldivmod</STRONG> (Thumb, 98 bytes, Stack size 40 bytes, uldiv.o(.text))
<BR><BR>[Stack]<UL><LI>Max Depth = 40<LI>Call Chain = __aeabi_uldivmod
</UL>
<BR>[Calls]<UL><LI><a href="#[8e]">&gt;&gt;</a>&nbsp;&nbsp;&nbsp;__aeabi_llsr
<LI><a href="#[8f]">&gt;&gt;</a>&nbsp;&nbsp;&nbsp;__aeabi_llsl
</UL>
<BR>[Called By]<UL><LI><a href="#[10d]">&gt;&gt;</a>&nbsp;&nbsp;&nbsp;get_current_time_in_ms
<LI><a href="#[cc]">&gt;&gt;</a>&nbsp;&nbsp;&nbsp;_printf_core
<LI><a href="#[d6]">&gt;&gt;</a>&nbsp;&nbsp;&nbsp;_fp_digits
</UL>

<P><STRONG><a name="[1de]"></a>rand</STRONG> (Thumb, 20 bytes, Stack size 0 bytes, rand.o(.text), UNUSED)

<P><STRONG><a name="[db]"></a>srand</STRONG> (Thumb, 6 bytes, Stack size 0 bytes, rand.o(.text))
<BR><BR>[Called By]<UL><LI><a href="#[d8]">&gt;&gt;</a>&nbsp;&nbsp;&nbsp;_main_sys_random_init
</UL>

<P><STRONG><a name="[1df]"></a>___aeabi_memcpy8$move</STRONG> (Thumb, 0 bytes, Stack size 8 bytes, memmovea.o(.text), UNUSED)

<P><STRONG><a name="[61]"></a>__aeabi_memcpy</STRONG> (Thumb, 64 bytes, Stack size 8 bytes, memmovea.o(.text))
<BR><BR>[Stack]<UL><LI>Max Depth = 8<LI>Call Chain = __aeabi_memcpy
</UL>
<BR>[Called By]<UL><LI><a href="#[135]">&gt;&gt;</a>&nbsp;&nbsp;&nbsp;hal_flash_direct_read
<LI><a href="#[108]">&gt;&gt;</a>&nbsp;&nbsp;&nbsp;vdump_module_buffer
<LI><a href="#[7b]">&gt;&gt;</a>&nbsp;&nbsp;&nbsp;flash_erase_write (via Veneer)
<LI><a href="#[63]">&gt;&gt;</a>&nbsp;&nbsp;&nbsp;__sfc_write (via Veneer)
<LI><a href="#[62]">&gt;&gt;</a>&nbsp;&nbsp;&nbsp;sfc_security_write_crc (via Veneer)
<LI><a href="#[5f]">&gt;&gt;</a>&nbsp;&nbsp;&nbsp;sfc_write (via Veneer)
<LI><a href="#[19e]">&gt;&gt;</a>&nbsp;&nbsp;&nbsp;prvCopyDataToQueue
<LI><a href="#[19d]">&gt;&gt;</a>&nbsp;&nbsp;&nbsp;prvCopyDataFromQueue
</UL>

<P><STRONG><a name="[fe]"></a>__aeabi_memcpy4</STRONG> (Thumb, 0 bytes, Stack size 8 bytes, memmovea.o(.text))
<BR><BR>[Stack]<UL><LI>Max Depth = 8<LI>Call Chain = __aeabi_memcpy4
</UL>
<BR>[Called By]<UL><LI><a href="#[e0]">&gt;&gt;</a>&nbsp;&nbsp;&nbsp;gpio_mode_init
<LI><a href="#[12c]">&gt;&gt;</a>&nbsp;&nbsp;&nbsp;halUART_SetFormat
<LI><a href="#[15e]">&gt;&gt;</a>&nbsp;&nbsp;&nbsp;hal_uart_translate_baudrate
<LI><a href="#[fc]">&gt;&gt;</a>&nbsp;&nbsp;&nbsp;data_item_scan
</UL>

<P><STRONG><a name="[1e0]"></a>__aeabi_memmove</STRONG> (Thumb, 0 bytes, Stack size 8 bytes, memmovea.o(.text), UNUSED)

<P><STRONG><a name="[1e1]"></a>__aeabi_memmove4</STRONG> (Thumb, 0 bytes, Stack size 8 bytes, memmovea.o(.text), UNUSED)

<P><STRONG><a name="[1e2]"></a>__aeabi_memmove8</STRONG> (Thumb, 0 bytes, Stack size 8 bytes, memmovea.o(.text), UNUSED)

<P><STRONG><a name="[91]"></a>__aeabi_memset</STRONG> (Thumb, 14 bytes, Stack size 0 bytes, memseta.o(.text))
<BR><BR>[Called By]<UL><LI><a href="#[192]">&gt;&gt;</a>&nbsp;&nbsp;&nbsp;prvAllocateTCBAndStack
<LI><a href="#[92]">&gt;&gt;</a>&nbsp;&nbsp;&nbsp;_memset$wrapper
<LI><a href="#[90]">&gt;&gt;</a>&nbsp;&nbsp;&nbsp;__aeabi_memclr
</UL>

<P><STRONG><a name="[1e3]"></a>__aeabi_memset4</STRONG> (Thumb, 0 bytes, Stack size 0 bytes, memseta.o(.text), UNUSED)

<P><STRONG><a name="[1e4]"></a>__aeabi_memset8</STRONG> (Thumb, 0 bytes, Stack size 0 bytes, memseta.o(.text), UNUSED)

<P><STRONG><a name="[90]"></a>__aeabi_memclr</STRONG> (Thumb, 4 bytes, Stack size 0 bytes, memseta.o(.text))
<BR><BR>[Calls]<UL><LI><a href="#[91]">&gt;&gt;</a>&nbsp;&nbsp;&nbsp;__aeabi_memset
</UL>
<BR>[Called By]<UL><LI><a href="#[182]">&gt;&gt;</a>&nbsp;&nbsp;&nbsp;peb_io_write
<LI><a href="#[102]">&gt;&gt;</a>&nbsp;&nbsp;&nbsp;data_migration
<LI><a href="#[f0]">&gt;&gt;</a>&nbsp;&nbsp;&nbsp;calculate_data_item_checksum
</UL>

<P><STRONG><a name="[e7]"></a>__aeabi_memclr4</STRONG> (Thumb, 0 bytes, Stack size 0 bytes, memseta.o(.text))
<BR><BR>[Called By]<UL><LI><a href="#[131]">&gt;&gt;</a>&nbsp;&nbsp;&nbsp;hal_adc_init
<LI><a href="#[155]">&gt;&gt;</a>&nbsp;&nbsp;&nbsp;hal_uart_init
<LI><a href="#[e6]">&gt;&gt;</a>&nbsp;&nbsp;&nbsp;buffer_pool_init
<LI><a href="#[172]">&gt;&gt;</a>&nbsp;&nbsp;&nbsp;nvdm_init
<LI><a href="#[f8]">&gt;&gt;</a>&nbsp;&nbsp;&nbsp;data_item_init
<LI><a href="#[175]">&gt;&gt;</a>&nbsp;&nbsp;&nbsp;peb_scan
</UL>

<P><STRONG><a name="[1e5]"></a>__aeabi_memclr8</STRONG> (Thumb, 0 bytes, Stack size 0 bytes, memseta.o(.text), UNUSED)

<P><STRONG><a name="[92]"></a>_memset$wrapper</STRONG> (Thumb, 18 bytes, Stack size 8 bytes, memseta.o(.text), UNUSED)
<BR><BR>[Calls]<UL><LI><a href="#[91]">&gt;&gt;</a>&nbsp;&nbsp;&nbsp;__aeabi_memset
</UL>

<P><STRONG><a name="[14b]"></a>strlen</STRONG> (Thumb, 14 bytes, Stack size 0 bytes, strlen.o(.text))
<BR><BR>[Called By]<UL><LI><a href="#[141]">&gt;&gt;</a>&nbsp;&nbsp;&nbsp;hal_sleep_manager_set_sleep_handle
</UL>

<P><STRONG><a name="[1c8]"></a>memcmp</STRONG> (Thumb, 26 bytes, Stack size 12 bytes, memcmp.o(.text))
<BR><BR>[Stack]<UL><LI>Max Depth = 12<LI>Call Chain = memcmp
</UL>
<BR>[Called By]<UL><LI><a href="#[88]">&gt;&gt;</a>&nbsp;&nbsp;&nbsp;vTaskSwitchContext
</UL>

<P><STRONG><a name="[93]"></a>__aeabi_dmul</STRONG> (Thumb, 228 bytes, Stack size 48 bytes, dmul.o(.text))
<BR><BR>[Stack]<UL><LI>Max Depth = 88<LI>Call Chain = __aeabi_dmul &rArr; _double_epilogue &rArr; _double_round
</UL>
<BR>[Calls]<UL><LI><a href="#[94]">&gt;&gt;</a>&nbsp;&nbsp;&nbsp;_double_epilogue
</UL>
<BR>[Called By]<UL><LI><a href="#[13]">&gt;&gt;</a>&nbsp;&nbsp;&nbsp;MPU_READ
<LI><a href="#[c3]">&gt;&gt;</a>&nbsp;&nbsp;&nbsp;__hardfp_atan
<LI><a href="#[d4]">&gt;&gt;</a>&nbsp;&nbsp;&nbsp;__kernel_poly
<LI><a href="#[d2]">&gt;&gt;</a>&nbsp;&nbsp;&nbsp;__mathlib_dbl_underflow
<LI><a href="#[d6]">&gt;&gt;</a>&nbsp;&nbsp;&nbsp;_fp_digits
</UL>

<P><STRONG><a name="[95]"></a>__aeabi_ddiv</STRONG> (Thumb, 222 bytes, Stack size 32 bytes, ddiv.o(.text))
<BR><BR>[Stack]<UL><LI>Max Depth = 40<LI>Call Chain = __aeabi_ddiv &rArr; _double_round
</UL>
<BR>[Calls]<UL><LI><a href="#[96]">&gt;&gt;</a>&nbsp;&nbsp;&nbsp;_double_round
</UL>
<BR>[Called By]<UL><LI><a href="#[13]">&gt;&gt;</a>&nbsp;&nbsp;&nbsp;MPU_READ
<LI><a href="#[c3]">&gt;&gt;</a>&nbsp;&nbsp;&nbsp;__hardfp_atan
<LI><a href="#[d6]">&gt;&gt;</a>&nbsp;&nbsp;&nbsp;_fp_digits
</UL>

<P><STRONG><a name="[97]"></a>__aeabi_i2d</STRONG> (Thumb, 34 bytes, Stack size 16 bytes, dflti.o(.text))
<BR><BR>[Stack]<UL><LI>Max Depth = 56<LI>Call Chain = __aeabi_i2d &rArr; _double_epilogue &rArr; _double_round
</UL>
<BR>[Calls]<UL><LI><a href="#[94]">&gt;&gt;</a>&nbsp;&nbsp;&nbsp;_double_epilogue
</UL>
<BR>[Called By]<UL><LI><a href="#[13]">&gt;&gt;</a>&nbsp;&nbsp;&nbsp;MPU_READ
</UL>

<P><STRONG><a name="[98]"></a>__aeabi_d2iz</STRONG> (Thumb, 62 bytes, Stack size 16 bytes, dfixi.o(.text))
<BR><BR>[Stack]<UL><LI>Max Depth = 16<LI>Call Chain = __aeabi_d2iz
</UL>
<BR>[Calls]<UL><LI><a href="#[8e]">&gt;&gt;</a>&nbsp;&nbsp;&nbsp;__aeabi_llsr
</UL>
<BR>[Called By]<UL><LI><a href="#[13]">&gt;&gt;</a>&nbsp;&nbsp;&nbsp;MPU_READ
</UL>

<P><STRONG><a name="[c1]"></a>__aeabi_f2d</STRONG> (Thumb, 38 bytes, Stack size 0 bytes, f2d.o(.text))
<BR><BR>[Called By]<UL><LI><a href="#[13]">&gt;&gt;</a>&nbsp;&nbsp;&nbsp;MPU_READ
</UL>

<P><STRONG><a name="[99]"></a>__aeabi_d2f</STRONG> (Thumb, 56 bytes, Stack size 8 bytes, d2f.o(.text))
<BR><BR>[Stack]<UL><LI>Max Depth = 8<LI>Call Chain = __aeabi_d2f
</UL>
<BR>[Calls]<UL><LI><a href="#[9a]">&gt;&gt;</a>&nbsp;&nbsp;&nbsp;_float_round
</UL>
<BR>[Called By]<UL><LI><a href="#[13]">&gt;&gt;</a>&nbsp;&nbsp;&nbsp;MPU_READ
</UL>

<P><STRONG><a name="[1e6]"></a>__aeabi_uidiv</STRONG> (Thumb, 0 bytes, Stack size 12 bytes, uidiv.o(.text), UNUSED)

<P><STRONG><a name="[de]"></a>__aeabi_uidivmod</STRONG> (Thumb, 44 bytes, Stack size 12 bytes, uidiv.o(.text), UNUSED)
<BR><BR>[Called By]<UL><LI><a href="#[cc]">&gt;&gt;</a>&nbsp;&nbsp;&nbsp;_printf_core
</UL>

<P><STRONG><a name="[8f]"></a>__aeabi_llsl</STRONG> (Thumb, 30 bytes, Stack size 0 bytes, llshl.o(.text))
<BR><BR>[Called By]<UL><LI><a href="#[8d]">&gt;&gt;</a>&nbsp;&nbsp;&nbsp;__aeabi_uldivmod
<LI><a href="#[9b]">&gt;&gt;</a>&nbsp;&nbsp;&nbsp;__aeabi_dadd
<LI><a href="#[94]">&gt;&gt;</a>&nbsp;&nbsp;&nbsp;_double_epilogue
<LI><a href="#[a0]">&gt;&gt;</a>&nbsp;&nbsp;&nbsp;__aeabi_d2ulz
</UL>

<P><STRONG><a name="[1e7]"></a>_ll_shift_l</STRONG> (Thumb, 0 bytes, Stack size 0 bytes, llshl.o(.text), UNUSED)

<P><STRONG><a name="[8e]"></a>__aeabi_llsr</STRONG> (Thumb, 32 bytes, Stack size 0 bytes, llushr.o(.text))
<BR><BR>[Called By]<UL><LI><a href="#[98]">&gt;&gt;</a>&nbsp;&nbsp;&nbsp;__aeabi_d2iz
<LI><a href="#[8d]">&gt;&gt;</a>&nbsp;&nbsp;&nbsp;__aeabi_uldivmod
<LI><a href="#[9f]">&gt;&gt;</a>&nbsp;&nbsp;&nbsp;_dsqrt
<LI><a href="#[94]">&gt;&gt;</a>&nbsp;&nbsp;&nbsp;_double_epilogue
<LI><a href="#[a0]">&gt;&gt;</a>&nbsp;&nbsp;&nbsp;__aeabi_d2ulz
</UL>

<P><STRONG><a name="[1e8]"></a>_ll_ushift_r</STRONG> (Thumb, 0 bytes, Stack size 0 bytes, llushr.o(.text), UNUSED)

<P><STRONG><a name="[1e9]"></a>__I$use$fp</STRONG> (Thumb, 0 bytes, Stack size 0 bytes, iusefp.o(.text), UNUSED)

<P><STRONG><a name="[9a]"></a>_float_round</STRONG> (Thumb, 18 bytes, Stack size 0 bytes, fepilogue.o(.text))
<BR><BR>[Called By]<UL><LI><a href="#[99]">&gt;&gt;</a>&nbsp;&nbsp;&nbsp;__aeabi_d2f
</UL>

<P><STRONG><a name="[1ea]"></a>_float_epilogue</STRONG> (Thumb, 92 bytes, Stack size 4 bytes, fepilogue.o(.text), UNUSED)

<P><STRONG><a name="[96]"></a>_double_round</STRONG> (Thumb, 30 bytes, Stack size 8 bytes, depilogue.o(.text))
<BR><BR>[Stack]<UL><LI>Max Depth = 8<LI>Call Chain = _double_round
</UL>
<BR>[Called By]<UL><LI><a href="#[95]">&gt;&gt;</a>&nbsp;&nbsp;&nbsp;__aeabi_ddiv
<LI><a href="#[9f]">&gt;&gt;</a>&nbsp;&nbsp;&nbsp;_dsqrt
<LI><a href="#[9b]">&gt;&gt;</a>&nbsp;&nbsp;&nbsp;__aeabi_dadd
<LI><a href="#[94]">&gt;&gt;</a>&nbsp;&nbsp;&nbsp;_double_epilogue
</UL>

<P><STRONG><a name="[94]"></a>_double_epilogue</STRONG> (Thumb, 156 bytes, Stack size 32 bytes, depilogue.o(.text))
<BR><BR>[Stack]<UL><LI>Max Depth = 40<LI>Call Chain = _double_epilogue &rArr; _double_round
</UL>
<BR>[Calls]<UL><LI><a href="#[8e]">&gt;&gt;</a>&nbsp;&nbsp;&nbsp;__aeabi_llsr
<LI><a href="#[8f]">&gt;&gt;</a>&nbsp;&nbsp;&nbsp;__aeabi_llsl
<LI><a href="#[96]">&gt;&gt;</a>&nbsp;&nbsp;&nbsp;_double_round
</UL>
<BR>[Called By]<UL><LI><a href="#[97]">&gt;&gt;</a>&nbsp;&nbsp;&nbsp;__aeabi_i2d
<LI><a href="#[93]">&gt;&gt;</a>&nbsp;&nbsp;&nbsp;__aeabi_dmul
<LI><a href="#[9b]">&gt;&gt;</a>&nbsp;&nbsp;&nbsp;__aeabi_dadd
</UL>

<P><STRONG><a name="[9b]"></a>__aeabi_dadd</STRONG> (Thumb, 322 bytes, Stack size 48 bytes, dadd.o(.text))
<BR><BR>[Stack]<UL><LI>Max Depth = 88<LI>Call Chain = __aeabi_dadd &rArr; _double_epilogue &rArr; _double_round
</UL>
<BR>[Calls]<UL><LI><a href="#[9c]">&gt;&gt;</a>&nbsp;&nbsp;&nbsp;__aeabi_lasr
<LI><a href="#[8f]">&gt;&gt;</a>&nbsp;&nbsp;&nbsp;__aeabi_llsl
<LI><a href="#[96]">&gt;&gt;</a>&nbsp;&nbsp;&nbsp;_double_round
<LI><a href="#[94]">&gt;&gt;</a>&nbsp;&nbsp;&nbsp;_double_epilogue
</UL>
<BR>[Called By]<UL><LI><a href="#[9d]">&gt;&gt;</a>&nbsp;&nbsp;&nbsp;__aeabi_dsub
<LI><a href="#[9e]">&gt;&gt;</a>&nbsp;&nbsp;&nbsp;__aeabi_drsub
<LI><a href="#[c3]">&gt;&gt;</a>&nbsp;&nbsp;&nbsp;__hardfp_atan
<LI><a href="#[d4]">&gt;&gt;</a>&nbsp;&nbsp;&nbsp;__kernel_poly
<LI><a href="#[d0]">&gt;&gt;</a>&nbsp;&nbsp;&nbsp;__mathlib_dbl_infnan
<LI><a href="#[d6]">&gt;&gt;</a>&nbsp;&nbsp;&nbsp;_fp_digits
</UL>

<P><STRONG><a name="[9d]"></a>__aeabi_dsub</STRONG> (Thumb, 6 bytes, Stack size 0 bytes, dadd.o(.text))
<BR><BR>[Stack]<UL><LI>Max Depth = 88<LI>Call Chain = __aeabi_dsub &rArr; __aeabi_dadd &rArr; _double_epilogue &rArr; _double_round
</UL>
<BR>[Calls]<UL><LI><a href="#[9b]">&gt;&gt;</a>&nbsp;&nbsp;&nbsp;__aeabi_dadd
</UL>
<BR>[Called By]<UL><LI><a href="#[c3]">&gt;&gt;</a>&nbsp;&nbsp;&nbsp;__hardfp_atan
</UL>

<P><STRONG><a name="[9e]"></a>__aeabi_drsub</STRONG> (Thumb, 6 bytes, Stack size 0 bytes, dadd.o(.text))
<BR><BR>[Stack]<UL><LI>Max Depth = 88<LI>Call Chain = __aeabi_drsub &rArr; __aeabi_dadd &rArr; _double_epilogue &rArr; _double_round
</UL>
<BR>[Calls]<UL><LI><a href="#[9b]">&gt;&gt;</a>&nbsp;&nbsp;&nbsp;__aeabi_dadd
</UL>
<BR>[Called By]<UL><LI><a href="#[c3]">&gt;&gt;</a>&nbsp;&nbsp;&nbsp;__hardfp_atan
</UL>

<P><STRONG><a name="[9f]"></a>_dsqrt</STRONG> (Thumb, 162 bytes, Stack size 32 bytes, dsqrt.o(.text))
<BR><BR>[Stack]<UL><LI>Max Depth = 40<LI>Call Chain = _dsqrt &rArr; _double_round
</UL>
<BR>[Calls]<UL><LI><a href="#[8e]">&gt;&gt;</a>&nbsp;&nbsp;&nbsp;__aeabi_llsr
<LI><a href="#[96]">&gt;&gt;</a>&nbsp;&nbsp;&nbsp;_double_round
</UL>
<BR>[Called By]<UL><LI><a href="#[c2]">&gt;&gt;</a>&nbsp;&nbsp;&nbsp;__hardfp_sqrt
</UL>

<P><STRONG><a name="[a0]"></a>__aeabi_d2ulz</STRONG> (Thumb, 48 bytes, Stack size 0 bytes, dfixul.o(.text), UNUSED)
<BR><BR>[Calls]<UL><LI><a href="#[8e]">&gt;&gt;</a>&nbsp;&nbsp;&nbsp;__aeabi_llsr
<LI><a href="#[8f]">&gt;&gt;</a>&nbsp;&nbsp;&nbsp;__aeabi_llsl
</UL>
<BR>[Called By]<UL><LI><a href="#[d6]">&gt;&gt;</a>&nbsp;&nbsp;&nbsp;_fp_digits
</UL>

<P><STRONG><a name="[d7]"></a>__aeabi_cdrcmple</STRONG> (Thumb, 48 bytes, Stack size 0 bytes, cdrcmple.o(.text), UNUSED)
<BR><BR>[Called By]<UL><LI><a href="#[d6]">&gt;&gt;</a>&nbsp;&nbsp;&nbsp;_fp_digits
</UL>

<P><STRONG><a name="[8c]"></a>__scatterload</STRONG> (Thumb, 28 bytes, Stack size 0 bytes, init.o(.text))
<BR><BR>[Calls]<UL><LI><a href="#[a1]">&gt;&gt;</a>&nbsp;&nbsp;&nbsp;__main_after_scatterload
</UL>
<BR>[Called By]<UL><LI><a href="#[8b]">&gt;&gt;</a>&nbsp;&nbsp;&nbsp;_main_scatterload
</UL>

<P><STRONG><a name="[1eb]"></a>__scatterload_rt2</STRONG> (Thumb, 0 bytes, Stack size 0 bytes, init.o(.text), UNUSED)

<P><STRONG><a name="[9c]"></a>__aeabi_lasr</STRONG> (Thumb, 36 bytes, Stack size 0 bytes, llsshr.o(.text))
<BR><BR>[Called By]<UL><LI><a href="#[9b]">&gt;&gt;</a>&nbsp;&nbsp;&nbsp;__aeabi_dadd
</UL>

<P><STRONG><a name="[1ec]"></a>_ll_sshift_r</STRONG> (Thumb, 0 bytes, Stack size 0 bytes, llsshr.o(.text), UNUSED)

<P><STRONG><a name="[1ed]"></a>__decompress</STRONG> (Thumb, 0 bytes, Stack size unknown bytes, __dczerorl2.o(.text), UNUSED)

<P><STRONG><a name="[1ee]"></a>__decompress1</STRONG> (Thumb, 86 bytes, Stack size unknown bytes, __dczerorl2.o(.text), UNUSED)

<P><STRONG><a name="[2c]"></a>Bus_Fault_Handler</STRONG> (Thumb, 50 bytes, Stack size 0 bytes, exception_handler.o(i.Bus_Fault_Handler))
<BR><BR>[Stack]<UL><LI>Max Depth = 48<LI>Call Chain = Bus_Fault_Handler &rArr; memoryDumpAll &rArr; __2printf
</UL>
<BR>[Calls]<UL><LI><a href="#[a3]">&gt;&gt;</a>&nbsp;&nbsp;&nbsp;stackDump
<LI><a href="#[a2]">&gt;&gt;</a>&nbsp;&nbsp;&nbsp;printBusFaultErrorMsg
<LI><a href="#[a4]">&gt;&gt;</a>&nbsp;&nbsp;&nbsp;memoryDumpAll
<LI><a href="#[60]">&gt;&gt;</a>&nbsp;&nbsp;&nbsp;__2printf
</UL>
<BR>[Called By]<UL><LI><a href="#[23]">&gt;&gt;</a>&nbsp;&nbsp;&nbsp;BusFault_Handler (via Veneer)
</UL>

<P><STRONG><a name="[15]"></a>Button_check</STRONG> (Thumb, 206 bytes, Stack size 16 bytes, main.o(i.Button_check))
<BR><BR>[Stack]<UL><LI>Max Depth = 152<LI>Call Chain = Button_check &rArr; xTimerGenericCommand &rArr; xQueueGenericSend &rArr; prvCopyDataToQueue &rArr; xTaskPriorityDisinherit
</UL>
<BR>[Calls]<UL><LI><a href="#[a7]">&gt;&gt;</a>&nbsp;&nbsp;&nbsp;hal_gpio_set_output
<LI><a href="#[a5]">&gt;&gt;</a>&nbsp;&nbsp;&nbsp;hal_gpio_get_input
<LI><a href="#[a6]">&gt;&gt;</a>&nbsp;&nbsp;&nbsp;hal_gpt_delay_ms
<LI><a href="#[a9]">&gt;&gt;</a>&nbsp;&nbsp;&nbsp;xTimerGenericCommand
<LI><a href="#[a8]">&gt;&gt;</a>&nbsp;&nbsp;&nbsp;xTaskGetTickCount
<LI><a href="#[60]">&gt;&gt;</a>&nbsp;&nbsp;&nbsp;__2printf
</UL>
<BR>[Address Reference Count : 1]<UL><LI> main.o(i.main)
</UL>
<P><STRONG><a name="[aa]"></a>CM4_GPT2Init</STRONG> (Thumb, 14 bytes, Stack size 8 bytes, gpt.o(i.CM4_GPT2Init))
<BR><BR>[Stack]<UL><LI>Max Depth = 48<LI>Call Chain = CM4_GPT2Init &rArr; GPT_init &rArr; __2printf
</UL>
<BR>[Calls]<UL><LI><a href="#[ab]">&gt;&gt;</a>&nbsp;&nbsp;&nbsp;GPT_init
</UL>
<BR>[Called By]<UL><LI><a href="#[32]">&gt;&gt;</a>&nbsp;&nbsp;&nbsp;hal_gpt_get_free_run_count
<LI><a href="#[a6]">&gt;&gt;</a>&nbsp;&nbsp;&nbsp;hal_gpt_delay_ms
</UL>

<P><STRONG><a name="[ac]"></a>CM4_GPT4Init</STRONG> (Thumb, 14 bytes, Stack size 8 bytes, gpt.o(i.CM4_GPT4Init))
<BR><BR>[Stack]<UL><LI>Max Depth = 48<LI>Call Chain = CM4_GPT4Init &rArr; GPT_init &rArr; __2printf
</UL>
<BR>[Calls]<UL><LI><a href="#[ab]">&gt;&gt;</a>&nbsp;&nbsp;&nbsp;GPT_init
</UL>
<BR>[Called By]<UL><LI><a href="#[32]">&gt;&gt;</a>&nbsp;&nbsp;&nbsp;hal_gpt_get_free_run_count
</UL>

<P><STRONG><a name="[6]"></a>CachePreInit</STRONG> (Thumb, 90 bytes, Stack size 0 bytes, system_mt7687.o(i.CachePreInit))
<BR>[Address Reference Count : 1]<UL><LI> startup_mt7687.o(.reset_handler)
</UL>
<P><STRONG><a name="[14]"></a>DATA_output</STRONG> (Thumb, 322 bytes, Stack size 0 bytes, main.o(i.DATA_output))
<BR><BR>[Stack]<UL><LI>Max Depth = 56<LI>Call Chain = DATA_output &rArr; vTaskDelay &rArr; xTaskResumeAll &rArr; xTaskIncrementTick
</UL>
<BR>[Calls]<UL><LI><a href="#[ad]">&gt;&gt;</a>&nbsp;&nbsp;&nbsp;vTaskDelay
<LI><a href="#[60]">&gt;&gt;</a>&nbsp;&nbsp;&nbsp;__2printf
</UL>
<BR>[Address Reference Count : 1]<UL><LI> main.o(i.main)
</UL>
<P><STRONG><a name="[b8]"></a>DMA_Clock_Disable</STRONG> (Thumb, 14 bytes, Stack size 0 bytes, dma.o(i.DMA_Clock_Disable))
<BR><BR>[Called By]<UL><LI><a href="#[a]">&gt;&gt;</a>&nbsp;&nbsp;&nbsp;DMA_LISR
</UL>

<P><STRONG><a name="[b2]"></a>DMA_Clock_Enable</STRONG> (Thumb, 14 bytes, Stack size 0 bytes, dma.o(i.DMA_Clock_Enable))
<BR><BR>[Called By]<UL><LI><a href="#[ba]">&gt;&gt;</a>&nbsp;&nbsp;&nbsp;DMA_Vfifo_init
<LI><a href="#[b1]">&gt;&gt;</a>&nbsp;&nbsp;&nbsp;DMA_Init
<LI><a href="#[140]">&gt;&gt;</a>&nbsp;&nbsp;&nbsp;i2c_enable
</UL>

<P><STRONG><a name="[3]"></a>DMA_ERROR_LISR</STRONG> (Thumb, 4 bytes, Stack size 0 bytes, dma.o(i.DMA_ERROR_LISR))
<BR>[Address Reference Count : 1]<UL><LI> dma.o(.data)
</UL>
<P><STRONG><a name="[ae]"></a>DMA_GetChannel</STRONG> (Thumb, 86 bytes, Stack size 24 bytes, dma.o(i.DMA_GetChannel))
<BR><BR>[Stack]<UL><LI>Max Depth = 24<LI>Call Chain = DMA_GetChannel
</UL>
<BR>[Calls]<UL><LI><a href="#[b0]">&gt;&gt;</a>&nbsp;&nbsp;&nbsp;__set_PRIMASK
<LI><a href="#[af]">&gt;&gt;</a>&nbsp;&nbsp;&nbsp;__get_PRIMASK
</UL>
<BR>[Called By]<UL><LI><a href="#[140]">&gt;&gt;</a>&nbsp;&nbsp;&nbsp;i2c_enable
</UL>

<P><STRONG><a name="[b1]"></a>DMA_Init</STRONG> (Thumb, 76 bytes, Stack size 8 bytes, dma.o(i.DMA_Init))
<BR><BR>[Stack]<UL><LI>Max Depth = 28<LI>Call Chain = DMA_Init &rArr; hal_nvic_set_priority
</UL>
<BR>[Calls]<UL><LI><a href="#[b4]">&gt;&gt;</a>&nbsp;&nbsp;&nbsp;hal_nvic_set_priority
<LI><a href="#[b3]">&gt;&gt;</a>&nbsp;&nbsp;&nbsp;hal_nvic_register_isr_handler
<LI><a href="#[b5]">&gt;&gt;</a>&nbsp;&nbsp;&nbsp;hal_nvic_enable_irq
<LI><a href="#[b2]">&gt;&gt;</a>&nbsp;&nbsp;&nbsp;DMA_Clock_Enable
</UL>
<BR>[Called By]<UL><LI><a href="#[117]">&gt;&gt;</a>&nbsp;&nbsp;&nbsp;halADC_Fsm_Param_Set
</UL>

<P><STRONG><a name="[a]"></a>DMA_LISR</STRONG> (Thumb, 720 bytes, Stack size 16 bytes, dma.o(i.DMA_LISR))
<BR><BR>[Stack]<UL><LI>Max Depth = 24<LI>Call Chain = DMA_LISR &rArr; hal_nvic_disable_irq
</UL>
<BR>[Calls]<UL><LI><a href="#[b5]">&gt;&gt;</a>&nbsp;&nbsp;&nbsp;hal_nvic_enable_irq
<LI><a href="#[b6]">&gt;&gt;</a>&nbsp;&nbsp;&nbsp;hal_nvic_disable_irq
<LI><a href="#[b7]">&gt;&gt;</a>&nbsp;&nbsp;&nbsp;DMA_Stop
<LI><a href="#[b8]">&gt;&gt;</a>&nbsp;&nbsp;&nbsp;DMA_Clock_Disable
</UL>
<BR>[Address Reference Count : 1]<UL><LI> dma.o(i.DMA_Init)
</UL>
<P><STRONG><a name="[b7]"></a>DMA_Stop</STRONG> (Thumb, 22 bytes, Stack size 0 bytes, dma.o(i.DMA_Stop))
<BR><BR>[Called By]<UL><LI><a href="#[b9]">&gt;&gt;</a>&nbsp;&nbsp;&nbsp;DMA_Vfifo_Flush
<LI><a href="#[a]">&gt;&gt;</a>&nbsp;&nbsp;&nbsp;DMA_LISR
</UL>

<P><STRONG><a name="[b9]"></a>DMA_Vfifo_Flush</STRONG> (Thumb, 24 bytes, Stack size 8 bytes, dma.o(i.DMA_Vfifo_Flush))
<BR><BR>[Stack]<UL><LI>Max Depth = 8<LI>Call Chain = DMA_Vfifo_Flush
</UL>
<BR>[Calls]<UL><LI><a href="#[b7]">&gt;&gt;</a>&nbsp;&nbsp;&nbsp;DMA_Stop
</UL>
<BR>[Called By]<UL><LI><a href="#[117]">&gt;&gt;</a>&nbsp;&nbsp;&nbsp;halADC_Fsm_Param_Set
</UL>

<P><STRONG><a name="[119]"></a>DMA_Vfifo_Register_Callback</STRONG> (Thumb, 12 bytes, Stack size 0 bytes, dma.o(i.DMA_Vfifo_Register_Callback))
<BR><BR>[Called By]<UL><LI><a href="#[117]">&gt;&gt;</a>&nbsp;&nbsp;&nbsp;halADC_Fsm_Param_Set
</UL>

<P><STRONG><a name="[118]"></a>DMA_Vfifo_SetAdrs</STRONG> (Thumb, 40 bytes, Stack size 20 bytes, dma.o(i.DMA_Vfifo_SetAdrs))
<BR><BR>[Stack]<UL><LI>Max Depth = 20<LI>Call Chain = DMA_Vfifo_SetAdrs
</UL>
<BR>[Called By]<UL><LI><a href="#[117]">&gt;&gt;</a>&nbsp;&nbsp;&nbsp;halADC_Fsm_Param_Set
</UL>

<P><STRONG><a name="[151]"></a>DMA_Vfifo_disable_interrupt</STRONG> (Thumb, 22 bytes, Stack size 0 bytes, dma.o(i.DMA_Vfifo_disable_interrupt))
<BR><BR>[Called By]<UL><LI><a href="#[14e]">&gt;&gt;</a>&nbsp;&nbsp;&nbsp;hal_uart_check_irq_disable
</UL>

<P><STRONG><a name="[ba]"></a>DMA_Vfifo_init</STRONG> (Thumb, 180 bytes, Stack size 4 bytes, dma.o(i.DMA_Vfifo_init))
<BR><BR>[Stack]<UL><LI>Max Depth = 4<LI>Call Chain = DMA_Vfifo_init
</UL>
<BR>[Calls]<UL><LI><a href="#[b2]">&gt;&gt;</a>&nbsp;&nbsp;&nbsp;DMA_Clock_Enable
</UL>
<BR>[Called By]<UL><LI><a href="#[117]">&gt;&gt;</a>&nbsp;&nbsp;&nbsp;halADC_Fsm_Param_Set
</UL>

<P><STRONG><a name="[2d]"></a>Debug_Monitor_Handler</STRONG> (Thumb, 60 bytes, Stack size 0 bytes, exception_handler.o(i.Debug_Monitor_Handler))
<BR><BR>[Stack]<UL><LI>Max Depth = 48<LI>Call Chain = Debug_Monitor_Handler &rArr; memoryDumpAll &rArr; __2printf
</UL>
<BR>[Calls]<UL><LI><a href="#[a3]">&gt;&gt;</a>&nbsp;&nbsp;&nbsp;stackDump
<LI><a href="#[a4]">&gt;&gt;</a>&nbsp;&nbsp;&nbsp;memoryDumpAll
<LI><a href="#[60]">&gt;&gt;</a>&nbsp;&nbsp;&nbsp;__2printf
</UL>
<BR>[Called By]<UL><LI><a href="#[26]">&gt;&gt;</a>&nbsp;&nbsp;&nbsp;DebugMon_Handler (via Veneer)
</UL>

<P><STRONG><a name="[b]"></a>GPT_INT_Handler</STRONG> (Thumb, 56 bytes, Stack size 16 bytes, gpt.o(i.GPT_INT_Handler))
<BR><BR>[Stack]<UL><LI>Max Depth = 16<LI>Call Chain = GPT_INT_Handler
</UL>
<BR>[Calls]<UL><LI><a href="#[bb]">&gt;&gt;</a>&nbsp;&nbsp;&nbsp;clear_TMR_INT_status_bit
</UL>
<BR>[Address Reference Count : 1]<UL><LI> gpt.o(i.GPT_init)
</UL>
<P><STRONG><a name="[ab]"></a>GPT_init</STRONG> (Thumb, 182 bytes, Stack size 16 bytes, gpt.o(i.GPT_init))
<BR><BR>[Stack]<UL><LI>Max Depth = 40<LI>Call Chain = GPT_init &rArr; __2printf
</UL>
<BR>[Calls]<UL><LI><a href="#[b4]">&gt;&gt;</a>&nbsp;&nbsp;&nbsp;hal_nvic_set_priority
<LI><a href="#[b3]">&gt;&gt;</a>&nbsp;&nbsp;&nbsp;hal_nvic_register_isr_handler
<LI><a href="#[b5]">&gt;&gt;</a>&nbsp;&nbsp;&nbsp;hal_nvic_enable_irq
<LI><a href="#[60]">&gt;&gt;</a>&nbsp;&nbsp;&nbsp;__2printf
</UL>
<BR>[Called By]<UL><LI><a href="#[ac]">&gt;&gt;</a>&nbsp;&nbsp;&nbsp;CM4_GPT4Init
<LI><a href="#[aa]">&gt;&gt;</a>&nbsp;&nbsp;&nbsp;CM4_GPT2Init
</UL>

<P><STRONG><a name="[bc]"></a>GPT_return_current_count</STRONG> (Thumb, 80 bytes, Stack size 16 bytes, gpt.o(i.GPT_return_current_count))
<BR><BR>[Stack]<UL><LI>Max Depth = 40<LI>Call Chain = GPT_return_current_count &rArr; __2printf
</UL>
<BR>[Calls]<UL><LI><a href="#[60]">&gt;&gt;</a>&nbsp;&nbsp;&nbsp;__2printf
</UL>
<BR>[Called By]<UL><LI><a href="#[10c]">&gt;&gt;</a>&nbsp;&nbsp;&nbsp;get_current_gpt4_count
<LI><a href="#[107]">&gt;&gt;</a>&nbsp;&nbsp;&nbsp;get_current_count
</UL>

<P><STRONG><a name="[2e]"></a>Hard_Fault_Handler</STRONG> (Thumb, 126 bytes, Stack size 0 bytes, exception_handler.o(i.Hard_Fault_Handler))
<BR><BR>[Stack]<UL><LI>Max Depth = 48<LI>Call Chain = Hard_Fault_Handler &rArr; memoryDumpAll &rArr; __2printf
</UL>
<BR>[Calls]<UL><LI><a href="#[a3]">&gt;&gt;</a>&nbsp;&nbsp;&nbsp;stackDump
<LI><a href="#[bd]">&gt;&gt;</a>&nbsp;&nbsp;&nbsp;printUsageErrorMsg
<LI><a href="#[be]">&gt;&gt;</a>&nbsp;&nbsp;&nbsp;printMemoryManagementErrorMsg
<LI><a href="#[a2]">&gt;&gt;</a>&nbsp;&nbsp;&nbsp;printBusFaultErrorMsg
<LI><a href="#[a4]">&gt;&gt;</a>&nbsp;&nbsp;&nbsp;memoryDumpAll
<LI><a href="#[60]">&gt;&gt;</a>&nbsp;&nbsp;&nbsp;__2printf
</UL>
<BR>[Called By]<UL><LI><a href="#[21]">&gt;&gt;</a>&nbsp;&nbsp;&nbsp;HardFault_Handler (via Veneer)
</UL>

<P><STRONG><a name="[13]"></a>MPU_READ</STRONG> (Thumb, 1170 bytes, Stack size 88 bytes, main.o(i.MPU_READ))
<BR><BR>[Stack]<UL><LI>Max Depth = 440<LI>Call Chain = MPU_READ &rArr; hal_i2c_master_send_polling &rArr; i2c_write_via_mcu &rArr; halI2CNormalWrite &rArr; i2c_master_wait_transaction_finish &rArr; log_hal_error_internal &rArr; vprint_module_log &rArr; log_queue_send &rArr; xQueueGenericSend &rArr; prvCopyDataToQueue &rArr; xTaskPriorityDisinherit
</UL>
<BR>[Calls]<UL><LI><a href="#[bf]">&gt;&gt;</a>&nbsp;&nbsp;&nbsp;hal_i2c_master_send_polling
<LI><a href="#[c0]">&gt;&gt;</a>&nbsp;&nbsp;&nbsp;hal_i2c_master_receive_polling
<LI><a href="#[a9]">&gt;&gt;</a>&nbsp;&nbsp;&nbsp;xTimerGenericCommand
<LI><a href="#[a8]">&gt;&gt;</a>&nbsp;&nbsp;&nbsp;xTaskGetTickCount
<LI><a href="#[97]">&gt;&gt;</a>&nbsp;&nbsp;&nbsp;__aeabi_i2d
<LI><a href="#[c1]">&gt;&gt;</a>&nbsp;&nbsp;&nbsp;__aeabi_f2d
<LI><a href="#[93]">&gt;&gt;</a>&nbsp;&nbsp;&nbsp;__aeabi_dmul
[...]
</UL>
<BR>[Calls]<UL><LI><a href="#[1a9]">&gt;&gt;</a>&nbsp;&nbsp;&nbsp;prvProcessTimerOrBlockTask
<LI><a href="#[1a7]">&gt;&gt;</a>&nbsp;&nbsp;&nbsp;prvProcessReceivedCommands
<LI><a href="#[1ad]">&gt;&gt;</a>&nbsp;&nbsp;&nbsp;prvGetNextExpireTime
</UL>
<BR>[Address Reference Count : 1]<UL><LI> timers.o(i.xTimerCreateTimerTask)
</UL>
<P><STRONG><a name="[16]"></a>prvTaskExitError</STRONG> (Thumb, 50 bytes, Stack size 0 bytes, port.o(i.prvTaskExitError))
<BR><BR>[Calls]<UL><LI><a href="#[cf]">&gt;&gt;</a>&nbsp;&nbsp;&nbsp;platform_assert
</UL>
<BR>[Address Reference Count : 1]<UL><LI> port.o(i.pxPortInitialiseStack)
</UL>
<P><STRONG><a name="[1b1]"></a>prvHeapInit</STRONG> (Thumb, 98 bytes, Stack size 12 bytes, heap_4.o(i.prvHeapInit))
<BR><BR>[Stack]<UL><LI>Max Depth = 12<LI>Call Chain = prvHeapInit
</UL>
<BR>[Called By]<UL><LI><a href="#[17c]">&gt;&gt;</a>&nbsp;&nbsp;&nbsp;pvPortMalloc
</UL>

<P><STRONG><a name="[1b2]"></a>prvInsertBlockIntoFreeList</STRONG> (Thumb, 96 bytes, Stack size 8 bytes, heap_4.o(i.prvInsertBlockIntoFreeList))
<BR><BR>[Stack]<UL><LI>Max Depth = 8<LI>Call Chain = prvInsertBlockIntoFreeList
</UL>
<BR>[Called By]<UL><LI><a href="#[e9]">&gt;&gt;</a>&nbsp;&nbsp;&nbsp;vPortFree
<LI><a href="#[17c]">&gt;&gt;</a>&nbsp;&nbsp;&nbsp;pvPortMalloc
</UL>

<P><STRONG><a name="[1b6]"></a>reboot_check</STRONG> (Thumb, 18 bytes, Stack size 0 bytes, exception_handler.o(i.reboot_check))
<BR><BR>[Called By]<UL><LI><a href="#[a3]">&gt;&gt;</a>&nbsp;&nbsp;&nbsp;stackDump
</UL>

<P><STRONG><a name="[10d]"></a>get_current_time_in_ms</STRONG> (Thumb, 44 bytes, Stack size 24 bytes, syslog.o(i.get_current_time_in_ms))
<BR><BR>[Stack]<UL><LI>Max Depth = 88<LI>Call Chain = get_current_time_in_ms &rArr; hal_gpt_get_free_run_count &rArr;  log_hal_error_internal (Cycle)
</UL>
<BR>[Calls]<UL><LI><a href="#[32]">&gt;&gt;</a>&nbsp;&nbsp;&nbsp;hal_gpt_get_free_run_count
<LI><a href="#[8d]">&gt;&gt;</a>&nbsp;&nbsp;&nbsp;__aeabi_uldivmod
</UL>
<BR>[Called By]<UL><LI><a href="#[163]">&gt;&gt;</a>&nbsp;&nbsp;&nbsp;vprint_module_log
<LI><a href="#[108]">&gt;&gt;</a>&nbsp;&nbsp;&nbsp;vdump_module_buffer
<LI><a href="#[164]">&gt;&gt;</a>&nbsp;&nbsp;&nbsp;log_init
</UL>

<P><STRONG><a name="[1b9]"></a>sort_syslog_buffer</STRONG> (Thumb, 80 bytes, Stack size 12 bytes, syslog.o(i.sort_syslog_buffer))
<BR><BR>[Stack]<UL><LI>Max Depth = 12<LI>Call Chain = sort_syslog_buffer
</UL>
<BR>[Called By]<UL><LI><a href="#[1b8]">&gt;&gt;</a>&nbsp;&nbsp;&nbsp;syslog_buffer_dump
</UL>

<P><STRONG><a name="[1b8]"></a>syslog_buffer_dump</STRONG> (Thumb, 90 bytes, Stack size 16 bytes, syslog.o(i.syslog_buffer_dump))
<BR><BR>[Stack]<UL><LI>Max Depth = 96<LI>Call Chain = syslog_buffer_dump &rArr; process_log_message &rArr; print_hex_dump &rArr; hex_dump_data &rArr; __2printf
</UL>
<BR>[Calls]<UL><LI><a href="#[18f]">&gt;&gt;</a>&nbsp;&nbsp;&nbsp;process_log_message
<LI><a href="#[1b9]">&gt;&gt;</a>&nbsp;&nbsp;&nbsp;sort_syslog_buffer
<LI><a href="#[60]">&gt;&gt;</a>&nbsp;&nbsp;&nbsp;__2printf
</UL>
<BR>[Called By]<UL><LI><a href="#[10]">&gt;&gt;</a>&nbsp;&nbsp;&nbsp;syslog_exception_cb
</UL>

<P><STRONG><a name="[10]"></a>syslog_exception_cb</STRONG> (Thumb, 8 bytes, Stack size 8 bytes, syslog.o(i.syslog_exception_cb))
<BR><BR>[Stack]<UL><LI>Max Depth = 104<LI>Call Chain = syslog_exception_cb &rArr; syslog_buffer_dump &rArr; process_log_message &rArr; print_hex_dump &rArr; hex_dump_data &rArr; __2printf
</UL>
<BR>[Calls]<UL><LI><a href="#[1b8]">&gt;&gt;</a>&nbsp;&nbsp;&nbsp;syslog_buffer_dump
</UL>
<BR>[Address Reference Count : 1]<UL><LI> syslog.o(i.log_init)
</UL>
<P><STRONG><a name="[c6]"></a>SystemClock_Config</STRONG> (Thumb, 16 bytes, Stack size 8 bytes, sys_init.o(i.SystemClock_Config))
<BR><BR>[Stack]<UL><LI>Max Depth = 32<LI>Call Chain = SystemClock_Config &rArr; top_xtal_init &rArr; SystemCoreClockUpdate
</UL>
<BR>[Calls]<UL><LI><a href="#[c7]">&gt;&gt;</a>&nbsp;&nbsp;&nbsp;top_xtal_init
<LI><a href="#[c8]">&gt;&gt;</a>&nbsp;&nbsp;&nbsp;cmnCpuClkConfigureTo192M
<LI><a href="#[7c]">&gt;&gt;</a>&nbsp;&nbsp;&nbsp;cmnSerialFlashClkConfTo64M (via Veneer)
</UL>
<BR>[Called By]<UL><LI><a href="#[16f]">&gt;&gt;</a>&nbsp;&nbsp;&nbsp;system_init
</UL>

<P><STRONG><a name="[d8]"></a>_main_sys_random_init</STRONG> (Thumb, 50 bytes, Stack size 24 bytes, sys_init.o(i._main_sys_random_init))
<BR><BR>[Stack]<UL><LI>Max Depth = 104<LI>Call Chain = _main_sys_random_init &rArr; hal_trng_get_generated_random_number &rArr; delay_time &rArr; get_current_count &rArr; GPT_return_current_count &rArr; __2printf
</UL>
<BR>[Calls]<UL><LI><a href="#[d9]">&gt;&gt;</a>&nbsp;&nbsp;&nbsp;hal_trng_init
<LI><a href="#[da]">&gt;&gt;</a>&nbsp;&nbsp;&nbsp;hal_trng_get_generated_random_number
<LI><a href="#[db]">&gt;&gt;</a>&nbsp;&nbsp;&nbsp;srand
</UL>
<BR>[Called By]<UL><LI><a href="#[16f]">&gt;&gt;</a>&nbsp;&nbsp;&nbsp;system_init
</UL>

<P><STRONG><a name="[ea]"></a>cache_enable</STRONG> (Thumb, 86 bytes, Stack size 24 bytes, sys_init.o(i.cache_enable))
<BR><BR>[Stack]<UL><LI>Max Depth = 48<LI>Call Chain = cache_enable &rArr; hal_cache_init &rArr; hal_cache_invalidate_all_cache_lines
</UL>
<BR>[Calls]<UL><LI><a href="#[42]">&gt;&gt;</a>&nbsp;&nbsp;&nbsp;hal_cache_enable
<LI><a href="#[ec]">&gt;&gt;</a>&nbsp;&nbsp;&nbsp;hal_cache_set_size
<LI><a href="#[ee]">&gt;&gt;</a>&nbsp;&nbsp;&nbsp;hal_cache_region_enable
<LI><a href="#[ef]">&gt;&gt;</a>&nbsp;&nbsp;&nbsp;hal_cache_region_disable
<LI><a href="#[ed]">&gt;&gt;</a>&nbsp;&nbsp;&nbsp;hal_cache_region_config
<LI><a href="#[eb]">&gt;&gt;</a>&nbsp;&nbsp;&nbsp;hal_cache_init
</UL>
<BR>[Called By]<UL><LI><a href="#[1ac]">&gt;&gt;</a>&nbsp;&nbsp;&nbsp;prvSetupHardware
</UL>

<P><STRONG><a name="[1ac]"></a>prvSetupHardware</STRONG> (Thumb, 24 bytes, Stack size 8 bytes, sys_init.o(i.prvSetupHardware))
<BR><BR>[Stack]<UL><LI>Max Depth = 272<LI>Call Chain = prvSetupHardware &rArr; hal_flash_init &rArr; flash_sfc_config &rArr; flash_check_device &rArr; log_hal_info_internal &rArr; vprint_module_log &rArr; log_queue_send &rArr; xQueueGenericSend &rArr; prvCopyDataToQueue &rArr; xTaskPriorityDisinherit
</UL>
<BR>[Calls]<UL><LI><a href="#[df]">&gt;&gt;</a>&nbsp;&nbsp;&nbsp;bsp_ept_gpio_setting_init
<LI><a href="#[137]">&gt;&gt;</a>&nbsp;&nbsp;&nbsp;hal_flash_init
<LI><a href="#[16e]">&gt;&gt;</a>&nbsp;&nbsp;&nbsp;log_uart_init
<LI><a href="#[ea]">&gt;&gt;</a>&nbsp;&nbsp;&nbsp;cache_enable
</UL>
<BR>[Called By]<UL><LI><a href="#[16f]">&gt;&gt;</a>&nbsp;&nbsp;&nbsp;system_init
</UL>

<P><STRONG><a name="[1bb]"></a>adc_raw_to_voltage</STRONG> (Thumb, 38 bytes, Stack size 0 bytes, main.o(i.adc_raw_to_voltage))
<BR><BR>[Called By]<UL><LI><a href="#[12]">&gt;&gt;</a>&nbsp;&nbsp;&nbsp;vADCTimerCallback
</UL>

<P><STRONG><a name="[f3]"></a>calculate_total_avail_space</STRONG> (Thumb, 68 bytes, Stack size 8 bytes, nvdm_main.o(i.calculate_total_avail_space))
<BR><BR>[Stack]<UL><LI>Max Depth = 32<LI>Call Chain = calculate_total_avail_space &rArr; nvdm_port_log_info
</UL>
<BR>[Calls]<UL><LI><a href="#[f4]">&gt;&gt;</a>&nbsp;&nbsp;&nbsp;nvdm_port_log_info
</UL>
<BR>[Called By]<UL><LI><a href="#[172]">&gt;&gt;</a>&nbsp;&nbsp;&nbsp;nvdm_init
</UL>

<P><STRONG><a name="[18a]"></a>peb_header_is_validate</STRONG> (Thumb, 50 bytes, Stack size 0 bytes, nvdm_main.o(i.peb_header_is_validate))
<BR><BR>[Called By]<UL><LI><a href="#[ff]">&gt;&gt;</a>&nbsp;&nbsp;&nbsp;peb_write_data
<LI><a href="#[175]">&gt;&gt;</a>&nbsp;&nbsp;&nbsp;peb_scan
</UL>

<P><STRONG><a name="[180]"></a>peb_header_print_info</STRONG> (Thumb, 56 bytes, Stack size 8 bytes, nvdm_main.o(i.peb_header_print_info))
<BR><BR>[Stack]<UL><LI>Max Depth = 32<LI>Call Chain = peb_header_print_info &rArr; nvdm_port_log_info
</UL>
<BR>[Calls]<UL><LI><a href="#[f4]">&gt;&gt;</a>&nbsp;&nbsp;&nbsp;nvdm_port_log_info
</UL>
<BR>[Called By]<UL><LI><a href="#[175]">&gt;&gt;</a>&nbsp;&nbsp;&nbsp;peb_scan
</UL>

<P><STRONG><a name="[176]"></a>peb_print_info</STRONG> (Thumb, 72 bytes, Stack size 24 bytes, nvdm_main.o(i.peb_print_info))
<BR><BR>[Stack]<UL><LI>Max Depth = 48<LI>Call Chain = peb_print_info &rArr; nvdm_port_log_info
</UL>
<BR>[Calls]<UL><LI><a href="#[f4]">&gt;&gt;</a>&nbsp;&nbsp;&nbsp;nvdm_port_log_info
</UL>
<BR>[Called By]<UL><LI><a href="#[172]">&gt;&gt;</a>&nbsp;&nbsp;&nbsp;nvdm_init
<LI><a href="#[175]">&gt;&gt;</a>&nbsp;&nbsp;&nbsp;peb_scan
</UL>

<P><STRONG><a name="[185]"></a>peb_reclaim</STRONG> (Thumb, 96 bytes, Stack size 16 bytes, nvdm_main.o(i.peb_reclaim))
<BR><BR>[Stack]<UL><LI>Max Depth = 480<LI>Call Chain = peb_reclaim &rArr; peb_update_status &rArr; peb_io_write &rArr; nvdm_port_flash_write &rArr; hal_flash_write &rArr; flash_sfc_write &rArr; flash_write &rArr; flash_write_enable &rArr; sfc_write &rArr; sfc_transfer &rArr; sfc_MacWaitReady
</UL>
<BR>[Calls]<UL><LI><a href="#[100]">&gt;&gt;</a>&nbsp;&nbsp;&nbsp;nvdm_port_poweroff
<LI><a href="#[17e]">&gt;&gt;</a>&nbsp;&nbsp;&nbsp;peb_erase
<LI><a href="#[186]">&gt;&gt;</a>&nbsp;&nbsp;&nbsp;peb_update_status
<LI><a href="#[189]">&gt;&gt;</a>&nbsp;&nbsp;&nbsp;peb_write_hdr_version
<LI><a href="#[187]">&gt;&gt;</a>&nbsp;&nbsp;&nbsp;peb_write_hdr_magic_number
<LI><a href="#[188]">&gt;&gt;</a>&nbsp;&nbsp;&nbsp;peb_write_hdr_erase_count
</UL>
<BR>[Called By]<UL><LI><a href="#[18b]">&gt;&gt;</a>&nbsp;&nbsp;&nbsp;relocate_pebs
<LI><a href="#[175]">&gt;&gt;</a>&nbsp;&nbsp;&nbsp;peb_scan
</UL>

<P><STRONG><a name="[175]"></a>peb_scan</STRONG> (Thumb, 864 bytes, Stack size 48 bytes, nvdm_main.o(i.peb_scan))
<BR><BR>[Stack]<UL><LI>Max Depth = 688<LI>Call Chain = peb_scan &rArr; relocate_pebs &rArr; date_item_migration &rArr; data_migration &rArr; peb_write_data &rArr; peb_io_write &rArr; nvdm_port_flash_write &rArr; hal_flash_write &rArr; flash_sfc_write &rArr; flash_write &rArr; flash_write_enable &rArr; sfc_write &rArr; sfc_transfer &rArr; sfc_MacWaitReady
</UL>
<BR>[Calls]<UL><LI><a href="#[100]">&gt;&gt;</a>&nbsp;&nbsp;&nbsp;nvdm_port_poweroff
<LI><a href="#[fa]">&gt;&gt;</a>&nbsp;&nbsp;&nbsp;nvdm_port_malloc
<LI><a href="#[f4]">&gt;&gt;</a>&nbsp;&nbsp;&nbsp;nvdm_port_log_info
<LI><a href="#[fb]">&gt;&gt;</a>&nbsp;&nbsp;&nbsp;nvdm_port_log_error
<LI><a href="#[17b]">&gt;&gt;</a>&nbsp;&nbsp;&nbsp;nvdm_port_free
<LI><a href="#[17e]">&gt;&gt;</a>&nbsp;&nbsp;&nbsp;peb_erase
<LI><a href="#[fc]">&gt;&gt;</a>&nbsp;&nbsp;&nbsp;data_item_scan
<LI><a href="#[186]">&gt;&gt;</a>&nbsp;&nbsp;&nbsp;peb_update_status
<LI><a href="#[184]">&gt;&gt;</a>&nbsp;&nbsp;&nbsp;peb_read_header
<LI><a href="#[18b]">&gt;&gt;</a>&nbsp;&nbsp;&nbsp;relocate_pebs
<LI><a href="#[189]">&gt;&gt;</a>&nbsp;&nbsp;&nbsp;peb_write_hdr_version
<LI><a href="#[187]">&gt;&gt;</a>&nbsp;&nbsp;&nbsp;peb_write_hdr_magic_number
<LI><a href="#[188]">&gt;&gt;</a>&nbsp;&nbsp;&nbsp;peb_write_hdr_erase_count
<LI><a href="#[185]">&gt;&gt;</a>&nbsp;&nbsp;&nbsp;peb_reclaim
<LI><a href="#[176]">&gt;&gt;</a>&nbsp;&nbsp;&nbsp;peb_print_info
<LI><a href="#[180]">&gt;&gt;</a>&nbsp;&nbsp;&nbsp;peb_header_print_info
<LI><a href="#[18a]">&gt;&gt;</a>&nbsp;&nbsp;&nbsp;peb_header_is_validate
<LI><a href="#[e7]">&gt;&gt;</a>&nbsp;&nbsp;&nbsp;__aeabi_memclr4
</UL>
<BR>[Called By]<UL><LI><a href="#[172]">&gt;&gt;</a>&nbsp;&nbsp;&nbsp;nvdm_init
</UL>

<P><STRONG><a name="[188]"></a>peb_write_hdr_erase_count</STRONG> (Thumb, 32 bytes, Stack size 16 bytes, nvdm_main.o(i.peb_write_hdr_erase_count))
<BR><BR>[Stack]<UL><LI>Max Depth = 464<LI>Call Chain = peb_write_hdr_erase_count &rArr; peb_io_write &rArr; nvdm_port_flash_write &rArr; hal_flash_write &rArr; flash_sfc_write &rArr; flash_write &rArr; flash_write_enable &rArr; sfc_write &rArr; sfc_transfer &rArr; sfc_MacWaitReady
</UL>
<BR>[Calls]<UL><LI><a href="#[fb]">&gt;&gt;</a>&nbsp;&nbsp;&nbsp;nvdm_port_log_error
<LI><a href="#[182]">&gt;&gt;</a>&nbsp;&nbsp;&nbsp;peb_io_write
</UL>
<BR>[Called By]<UL><LI><a href="#[175]">&gt;&gt;</a>&nbsp;&nbsp;&nbsp;peb_scan
<LI><a href="#[185]">&gt;&gt;</a>&nbsp;&nbsp;&nbsp;peb_reclaim
</UL>

<P><STRONG><a name="[187]"></a>peb_write_hdr_magic_number</STRONG> (Thumb, 36 bytes, Stack size 8 bytes, nvdm_main.o(i.peb_write_hdr_magic_number))
<BR><BR>[Stack]<UL><LI>Max Depth = 456<LI>Call Chain = peb_write_hdr_magic_number &rArr; peb_io_write &rArr; nvdm_port_flash_write &rArr; hal_flash_write &rArr; flash_sfc_write &rArr; flash_write &rArr; flash_write_enable &rArr; sfc_write &rArr; sfc_transfer &rArr; sfc_MacWaitReady
</UL>
<BR>[Calls]<UL><LI><a href="#[fb]">&gt;&gt;</a>&nbsp;&nbsp;&nbsp;nvdm_port_log_error
<LI><a href="#[182]">&gt;&gt;</a>&nbsp;&nbsp;&nbsp;peb_io_write
</UL>
<BR>[Called By]<UL><LI><a href="#[175]">&gt;&gt;</a>&nbsp;&nbsp;&nbsp;peb_scan
<LI><a href="#[185]">&gt;&gt;</a>&nbsp;&nbsp;&nbsp;peb_reclaim
</UL>

<P><STRONG><a name="[18c]"></a>peb_write_hdr_peb_reserved</STRONG> (Thumb, 38 bytes, Stack size 8 bytes, nvdm_main.o(i.peb_write_hdr_peb_reserved))
<BR><BR>[Stack]<UL><LI>Max Depth = 456<LI>Call Chain = peb_write_hdr_peb_reserved &rArr; peb_io_write &rArr; nvdm_port_flash_write &rArr; hal_flash_write &rArr; flash_sfc_write &rArr; flash_write &rArr; flash_write_enable &rArr; sfc_write &rArr; sfc_transfer &rArr; sfc_MacWaitReady
</UL>
<BR>[Calls]<UL><LI><a href="#[fb]">&gt;&gt;</a>&nbsp;&nbsp;&nbsp;nvdm_port_log_error
<LI><a href="#[182]">&gt;&gt;</a>&nbsp;&nbsp;&nbsp;peb_io_write
</UL>
<BR>[Called By]<UL><LI><a href="#[18b]">&gt;&gt;</a>&nbsp;&nbsp;&nbsp;relocate_pebs
</UL>

<P><STRONG><a name="[189]"></a>peb_write_hdr_version</STRONG> (Thumb, 38 bytes, Stack size 8 bytes, nvdm_main.o(i.peb_write_hdr_version))
<BR><BR>[Stack]<UL><LI>Max Depth = 456<LI>Call Chain = peb_write_hdr_version &rArr; peb_io_write &rArr; nvdm_port_flash_write &rArr; hal_flash_write &rArr; flash_sfc_write &rArr; flash_write &rArr; flash_write_enable &rArr; sfc_write &rArr; sfc_transfer &rArr; sfc_MacWaitReady
</UL>
<BR>[Calls]<UL><LI><a href="#[fb]">&gt;&gt;</a>&nbsp;&nbsp;&nbsp;nvdm_port_log_error
<LI><a href="#[182]">&gt;&gt;</a>&nbsp;&nbsp;&nbsp;peb_io_write
</UL>
<BR>[Called By]<UL><LI><a href="#[175]">&gt;&gt;</a>&nbsp;&nbsp;&nbsp;peb_scan
<LI><a href="#[185]">&gt;&gt;</a>&nbsp;&nbsp;&nbsp;peb_reclaim
</UL>

<P><STRONG><a name="[18b]"></a>relocate_pebs</STRONG> (Thumb, 326 bytes, Stack size 32 bytes, nvdm_main.o(i.relocate_pebs))
<BR><BR>[Stack]<UL><LI>Max Depth = 640<LI>Call Chain = relocate_pebs &rArr; date_item_migration &rArr; data_migration &rArr; peb_write_data &rArr; peb_io_write &rArr; nvdm_port_flash_write &rArr; hal_flash_write &rArr; flash_sfc_write &rArr; flash_write &rArr; flash_write_enable &rArr; sfc_write &rArr; sfc_transfer &rArr; sfc_MacWaitReady
</UL>
<BR>[Calls]<UL><LI><a href="#[100]">&gt;&gt;</a>&nbsp;&nbsp;&nbsp;nvdm_port_poweroff
<LI><a href="#[f4]">&gt;&gt;</a>&nbsp;&nbsp;&nbsp;nvdm_port_log_info
<LI><a href="#[fb]">&gt;&gt;</a>&nbsp;&nbsp;&nbsp;nvdm_port_log_error
<LI><a href="#[103]">&gt;&gt;</a>&nbsp;&nbsp;&nbsp;date_item_migration
<LI><a href="#[186]">&gt;&gt;</a>&nbsp;&nbsp;&nbsp;peb_update_status
<LI><a href="#[18c]">&gt;&gt;</a>&nbsp;&nbsp;&nbsp;peb_write_hdr_peb_reserved
<LI><a href="#[185]">&gt;&gt;</a>&nbsp;&nbsp;&nbsp;peb_reclaim
</UL>
<BR>[Called By]<UL><LI><a href="#[175]">&gt;&gt;</a>&nbsp;&nbsp;&nbsp;peb_scan
</UL>

<P><STRONG><a name="[f1]"></a>calculate_checksum</STRONG> (Thumb, 42 bytes, Stack size 24 bytes, nvdm_data.o(i.calculate_checksum))
<BR><BR>[Stack]<UL><LI>Max Depth = 24<LI>Call Chain = calculate_checksum
</UL>
<BR>[Called By]<UL><LI><a href="#[f0]">&gt;&gt;</a>&nbsp;&nbsp;&nbsp;calculate_data_item_checksum
</UL>

<P><STRONG><a name="[f0]"></a>calculate_data_item_checksum</STRONG> (Thumb, 168 bytes, Stack size 32 bytes, nvdm_data.o(i.calculate_data_item_checksum))
<BR><BR>[Stack]<UL><LI>Max Depth = 272<LI>Call Chain = calculate_data_item_checksum &rArr; peb_read_data &rArr; peb_io_read &rArr; nvdm_port_flash_read &rArr; nvdm_port_log_error &rArr; vprint_module_log &rArr; log_queue_send &rArr; xQueueGenericSend &rArr; prvCopyDataToQueue &rArr; xTaskPriorityDisinherit
</UL>
<BR>[Calls]<UL><LI><a href="#[f2]">&gt;&gt;</a>&nbsp;&nbsp;&nbsp;peb_read_data
<LI><a href="#[f1]">&gt;&gt;</a>&nbsp;&nbsp;&nbsp;calculate_checksum
<LI><a href="#[90]">&gt;&gt;</a>&nbsp;&nbsp;&nbsp;__aeabi_memclr
</UL>
<BR>[Called By]<UL><LI><a href="#[103]">&gt;&gt;</a>&nbsp;&nbsp;&nbsp;date_item_migration
<LI><a href="#[fc]">&gt;&gt;</a>&nbsp;&nbsp;&nbsp;data_item_scan
</UL>

<P><STRONG><a name="[f7]"></a>data_item_header_print_info</STRONG> (Thumb, 94 bytes, Stack size 8 bytes, nvdm_data.o(i.data_item_header_print_info))
<BR><BR>[Stack]<UL><LI>Max Depth = 32<LI>Call Chain = data_item_header_print_info &rArr; nvdm_port_log_info
</UL>
<BR>[Calls]<UL><LI><a href="#[f4]">&gt;&gt;</a>&nbsp;&nbsp;&nbsp;nvdm_port_log_info
</UL>
<BR>[Called By]<UL><LI><a href="#[fc]">&gt;&gt;</a>&nbsp;&nbsp;&nbsp;data_item_scan
</UL>

<P><STRONG><a name="[102]"></a>data_migration</STRONG> (Thumb, 126 bytes, Stack size 56 bytes, nvdm_data.o(i.data_migration))
<BR><BR>[Stack]<UL><LI>Max Depth = 544<LI>Call Chain = data_migration &rArr; peb_write_data &rArr; peb_io_write &rArr; nvdm_port_flash_write &rArr; hal_flash_write &rArr; flash_sfc_write &rArr; flash_write &rArr; flash_write_enable &rArr; sfc_write &rArr; sfc_transfer &rArr; sfc_MacWaitReady
</UL>
<BR>[Calls]<UL><LI><a href="#[ff]">&gt;&gt;</a>&nbsp;&nbsp;&nbsp;peb_write_data
<LI><a href="#[f2]">&gt;&gt;</a>&nbsp;&nbsp;&nbsp;peb_read_data
<LI><a href="#[90]">&gt;&gt;</a>&nbsp;&nbsp;&nbsp;__aeabi_memclr
</UL>
<BR>[Called By]<UL><LI><a href="#[103]">&gt;&gt;</a>&nbsp;&nbsp;&nbsp;date_item_migration
</UL>

<P><STRONG><a name="[183]"></a>compare_buffer</STRONG> (Thumb, 30 bytes, Stack size 12 bytes, nvdm_io.o(i.compare_buffer))
<BR><BR>[Stack]<UL><LI>Max Depth = 12<LI>Call Chain = compare_buffer
</UL>
<BR>[Called By]<UL><LI><a href="#[182]">&gt;&gt;</a>&nbsp;&nbsp;&nbsp;peb_io_write
</UL>

<P><STRONG><a name="[d6]"></a>_fp_digits</STRONG> (Thumb, 366 bytes, Stack size 64 bytes, printfa.o(i._fp_digits), UNUSED)
<BR><BR>[Calls]<UL><LI><a href="#[93]">&gt;&gt;</a>&nbsp;&nbsp;&nbsp;__aeabi_dmul
<LI><a href="#[95]">&gt;&gt;</a>&nbsp;&nbsp;&nbsp;__aeabi_ddiv
<LI><a href="#[8d]">&gt;&gt;</a>&nbsp;&nbsp;&nbsp;__aeabi_uldivmod
<LI><a href="#[9b]">&gt;&gt;</a>&nbsp;&nbsp;&nbsp;__aeabi_dadd
<LI><a href="#[a0]">&gt;&gt;</a>&nbsp;&nbsp;&nbsp;__aeabi_d2ulz
<LI><a href="#[d7]">&gt;&gt;</a>&nbsp;&nbsp;&nbsp;__aeabi_cdrcmple
</UL>
<BR>[Called By]<UL><LI><a href="#[cc]">&gt;&gt;</a>&nbsp;&nbsp;&nbsp;_printf_core
</UL>

<P><STRONG><a name="[cc]"></a>_printf_core</STRONG> (Thumb, 1744 bytes, Stack size 136 bytes, printfa.o(i._printf_core), UNUSED)
<BR><BR>[Calls]<UL><LI><a href="#[8d]">&gt;&gt;</a>&nbsp;&nbsp;&nbsp;__aeabi_uldivmod
<LI><a href="#[de]">&gt;&gt;</a>&nbsp;&nbsp;&nbsp;__aeabi_uidivmod
<LI><a href="#[dc]">&gt;&gt;</a>&nbsp;&nbsp;&nbsp;_printf_pre_padding
<LI><a href="#[dd]">&gt;&gt;</a>&nbsp;&nbsp;&nbsp;_printf_post_padding
<LI><a href="#[d6]">&gt;&gt;</a>&nbsp;&nbsp;&nbsp;_fp_digits
</UL>
<BR>[Called By]<UL><LI><a href="#[ce]">&gt;&gt;</a>&nbsp;&nbsp;&nbsp;__0vsnprintf
<LI><a href="#[cd]">&gt;&gt;</a>&nbsp;&nbsp;&nbsp;__0vprintf
<LI><a href="#[cb]">&gt;&gt;</a>&nbsp;&nbsp;&nbsp;__0printf
</UL>

<P><STRONG><a name="[dd]"></a>_printf_post_padding</STRONG> (Thumb, 36 bytes, Stack size 24 bytes, printfa.o(i._printf_post_padding), UNUSED)
<BR><BR>[Called By]<UL><LI><a href="#[cc]">&gt;&gt;</a>&nbsp;&nbsp;&nbsp;_printf_core
</UL>

<P><STRONG><a name="[dc]"></a>_printf_pre_padding</STRONG> (Thumb, 46 bytes, Stack size 24 bytes, printfa.o(i._printf_pre_padding), UNUSED)
<BR><BR>[Called By]<UL><LI><a href="#[cc]">&gt;&gt;</a>&nbsp;&nbsp;&nbsp;_printf_core
</UL>

<P><STRONG><a name="[d]"></a>_snputc</STRONG> (Thumb, 22 bytes, Stack size 0 bytes, printfa.o(i._snputc))
<BR>[Address Reference Count : 1]<UL><LI> printfa.o(i.__0vsnprintf)
</UL><P>
<H3>
Undefined Global Symbols
</H3><HR></body></html>
