Component: ARM Compiler 5.06 update 5 (build 528) Tool: armlink [4d35e2]

==============================================================================

Section Cross References

    bsp_flash_config.o(i.customer_switch_spi_mode_command) refers to bsp_flash_config.o(.constdata) for cmdlist_switchspi_default
    bsp_flash_config.o(i.customer_switch_spiq_mode_command) refers to bsp_flash_config.o(.constdata) for cmdlist_switchspiq_default
    bsp_gpio_ept_config.o(i.bsp_ept_gpio_setting_init) refers to bsp_gpio_ept_config.o(i.gpio_mode_init) for gpio_mode_init
    bsp_gpio_ept_config.o(i.bsp_ept_gpio_setting_init) refers to bsp_gpio_ept_config.o(i.gpio_oe_init) for gpio_oe_init
    bsp_gpio_ept_config.o(i.bsp_ept_gpio_setting_init) refers to bsp_gpio_ept_config.o(i.gpio_ies_init) for gpio_ies_init
    bsp_gpio_ept_config.o(i.bsp_ept_gpio_setting_init) refers to bsp_gpio_ept_config.o(i.gpio_pull_up_init) for gpio_pull_up_init
    bsp_gpio_ept_config.o(i.bsp_ept_gpio_setting_init) refers to bsp_gpio_ept_config.o(i.gpio_pull_down_init) for gpio_pull_down_init
    bsp_gpio_ept_config.o(i.bsp_ept_gpio_setting_init) refers to bsp_gpio_ept_config.o(i.gpio_output_init) for gpio_output_init
    bsp_gpio_ept_config.o(i.gpio_ies_init) refers to bsp_gpio_ept_config.o(.constdata) for .constdata
    bsp_gpio_ept_config.o(i.gpio_mode_init) refers to memcpya.o(.text) for __aeabi_memcpy4
    bsp_gpio_ept_config.o(i.gpio_mode_init) refers to bsp_gpio_ept_config.o(.constdata) for .constdata
    bsp_gpio_ept_config.o(i.gpio_oe_init) refers to bsp_gpio_ept_config.o(.constdata) for .constdata
    bsp_gpio_ept_config.o(i.gpio_output_init) refers to bsp_gpio_ept_config.o(.constdata) for .constdata
    bsp_gpio_ept_config.o(i.gpio_pull_down_init) refers to bsp_gpio_ept_config.o(.constdata) for .constdata
    bsp_gpio_ept_config.o(i.gpio_pull_up_init) refers to bsp_gpio_ept_config.o(.constdata) for .constdata
    cos_api.o(i.SYSrand_Get_Rand) refers to cos_api.o(.data) for randomseed
    cos_api.o(i.cos_control_force_pwm_mode) refers to cos_api.o(i.cos_delay_time) for cos_delay_time
    cos_api.o(i.cos_delay_100us) refers to cos_api.o(i.cos_delay_time) for cos_delay_time
    cos_api.o(i.cos_delay_ms) refers to cos_api.o(i.cos_delay_time) for cos_delay_time
    cos_api.o(i.cos_delay_time) refers to timer.o(i.delay_time) for delay_time
    cos_api.o(i.cos_get_systime) refers to gpt.o(i.GPT_return_current_count) for GPT_return_current_count
    dma.o(i.DMA_Config_Internal) refers to dma.o(i.DMA_Clock_Enable) for DMA_Clock_Enable
    dma.o(i.DMA_Config_Internal) refers to printfa.o(i.__0printf) for __2printf
    dma.o(i.DMA_Config_Internal) refers to dma.o(i.DMA_Stop) for DMA_Stop
    dma.o(i.DMA_Config_Internal) refers to dma.o(.bss) for DMA_Owner
    dma.o(i.DMA_Config_Internal) refers to dma.o(.data) for DMA_LISR_FUNC
    dma.o(i.DMA_FreeChannel) refers to dma.o(i.__get_PRIMASK) for __get_PRIMASK
    dma.o(i.DMA_FreeChannel) refers to dma.o(i.DMA_Stop) for DMA_Stop
    dma.o(i.DMA_FreeChannel) refers to dma.o(i.__set_PRIMASK) for __set_PRIMASK
    dma.o(i.DMA_FreeChannel) refers to dma.o(.data) for DMA_Channel_Status
    dma.o(i.DMA_FreeChannel) refers to dma.o(.bss) for DMA_Owner
    dma.o(i.DMA_FullSize_CheckIdleChannel) refers to dma.o(i.__get_PRIMASK) for __get_PRIMASK
    dma.o(i.DMA_FullSize_CheckIdleChannel) refers to dma.o(i.__set_PRIMASK) for __set_PRIMASK
    dma.o(i.DMA_FullSize_CheckIdleChannel) refers to dma.o(.data) for DMA_Channel_Status
    dma.o(i.DMA_FullSize_CheckIdleChannel) refers to dma.o(.bss) for DMA_Owner
    dma.o(i.DMA_FullSize_FreeChannel) refers to dma.o(i.__get_PRIMASK) for __get_PRIMASK
    dma.o(i.DMA_FullSize_FreeChannel) refers to dma.o(i.DMA_Stop) for DMA_Stop
    dma.o(i.DMA_FullSize_FreeChannel) refers to dma.o(i.__set_PRIMASK) for __set_PRIMASK
    dma.o(i.DMA_FullSize_FreeChannel) refers to dma.o(.data) for DMA_Channel_Status
    dma.o(i.DMA_FullSize_FreeChannel) refers to dma.o(.bss) for DMA_Owner
    dma.o(i.DMA_GetChannel) refers to dma.o(i.__get_PRIMASK) for __get_PRIMASK
    dma.o(i.DMA_GetChannel) refers to dma.o(i.__set_PRIMASK) for __set_PRIMASK
    dma.o(i.DMA_GetChannel) refers to dma.o(.data) for DMA_Channel_Status
    dma.o(i.DMA_GetChannel) refers to dma.o(.bss) for DMA_Owner
    dma.o(i.DMA_Init) refers to dma.o(i.DMA_Clock_Enable) for DMA_Clock_Enable
    dma.o(i.DMA_Init) refers to hal_nvic.o(i.hal_nvic_register_isr_handler) for hal_nvic_register_isr_handler
    dma.o(i.DMA_Init) refers to hal_nvic.o(i.hal_nvic_set_priority) for hal_nvic_set_priority
    dma.o(i.DMA_Init) refers to hal_nvic.o(i.hal_nvic_enable_irq) for hal_nvic_enable_irq
    dma.o(i.DMA_Init) refers to dma.o(.data) for DMA_Channel_Status
    dma.o(i.DMA_Init) refers to dma.o(.bss) for DMA_Owner
    dma.o(i.DMA_Init) refers to dma.o(i.DMA_LISR) for DMA_LISR
    dma.o(i.DMA_LISR) refers to hal_nvic.o(i.hal_nvic_disable_irq) for hal_nvic_disable_irq
    dma.o(i.DMA_LISR) refers to dma.o(i.DMA_Stop) for DMA_Stop
[...]
    nvdm_data.o(i.calculate_data_item_checksum) refers to memseta.o(.text) for __aeabi_memclr
    nvdm_data.o(i.calculate_data_item_checksum) refers to nvdm_data.o(.bss) for .bss
    nvdm_data.o(i.data_item_delete) refers to nvdm_main.o(i.peb_write_data) for peb_write_data
    nvdm_data.o(i.data_item_delete) refers to nvdm_main.o(i.peb_add_drity) for peb_add_drity
    nvdm_data.o(i.data_item_delete) refers to nvdm_main.o(i.space_sub_valid) for space_sub_valid
    nvdm_data.o(i.data_item_delete) refers to nvdm_data.o(.data) for .data
    nvdm_data.o(i.data_item_init) refers to memseta.o(.text) for __aeabi_memclr4
    nvdm_data.o(i.data_item_init) refers to nvdm_data.o(.data) for .data
    nvdm_data.o(i.data_item_scan) refers to nvdm_main.o(i.peb_read_data) for peb_read_data
    nvdm_data.o(i.data_item_scan) refers to nvdm_data.o(i.data_item_header_print_info) for data_item_header_print_info
    nvdm_data.o(i.data_item_scan) refers to nvdm_main.o(i.peb_add_drity) for peb_add_drity
    nvdm_data.o(i.data_item_scan) refers to nvdm_data.o(i.calculate_data_item_checksum) for calculate_data_item_checksum
    nvdm_data.o(i.data_item_scan) refers to memcpya.o(.text) for __aeabi_memcpy4
    nvdm_data.o(i.data_item_scan) refers to nvdm_main.o(i.peb_write_data) for peb_write_data
    nvdm_data.o(i.data_item_scan) refers to nvdm_main.o(i.peb_add_free) for peb_add_free
    nvdm_data.o(i.data_item_scan) refers to nvdm_data.o(.data) for .data
    nvdm_data.o(i.data_item_scan) refers to nvdm_main.o(.data) for g_nvdm_peb_size
    nvdm_data.o(i.data_migration) refers to memseta.o(.text) for __aeabi_memclr
    nvdm_data.o(i.data_migration) refers to nvdm_main.o(i.peb_read_data) for peb_read_data
    nvdm_data.o(i.data_migration) refers to nvdm_main.o(i.peb_write_data) for peb_write_data
    nvdm_data.o(i.data_migration) refers to nvdm_data.o(.bss) for .bss
    nvdm_data.o(i.date_item_migration) refers to nvdm_main.o(i.peb_read_data) for peb_read_data
    nvdm_data.o(i.date_item_migration) refers to nvdm_data.o(i.calculate_data_item_checksum) for calculate_data_item_checksum
    nvdm_data.o(i.date_item_migration) refers to nvdm_main.o(i.peb_write_data) for peb_write_data
    nvdm_data.o(i.date_item_migration) refers to nvdm_data.o(i.data_migration) for data_migration
    nvdm_data.o(i.date_item_migration) refers to nvdm_main.o(i.peb_sub_free) for peb_sub_free
    nvdm_data.o(i.date_item_migration) refers to nvdm_data.o(.data) for .data
    nvdm_data.o(i.date_item_migration) refers to nvdm_main.o(.data) for g_nvdm_peb_size
    nvdm_data.o(i.nvdm_delete_all) refers to nvdm_data.o(i.data_item_delete) for data_item_delete
    nvdm_data.o(i.nvdm_delete_all) refers to nvdm_main.o(.data) for nvdm_init_status
    nvdm_data.o(i.nvdm_delete_all) refers to nvdm_data.o(.data) for .data
    nvdm_data.o(i.nvdm_delete_data_item) refers to strlen.o(.text) for strlen
    nvdm_data.o(i.nvdm_delete_data_item) refers to nvdm_data.o(i.search_data_item_by_name) for search_data_item_by_name
    nvdm_data.o(i.nvdm_delete_data_item) refers to nvdm_data.o(i.data_item_delete) for data_item_delete
    nvdm_data.o(i.nvdm_delete_data_item) refers to nvdm_data.o(.data) for .data
    nvdm_data.o(i.nvdm_delete_data_item) refers to nvdm_main.o(.data) for nvdm_init_status
    nvdm_data.o(i.nvdm_delete_group) refers to strlen.o(.text) for strlen
    nvdm_data.o(i.nvdm_delete_group) refers to nvdm_main.o(i.peb_read_data) for peb_read_data
    nvdm_data.o(i.nvdm_delete_group) refers to strcmp.o(.text) for strcmp
    nvdm_data.o(i.nvdm_delete_group) refers to nvdm_data.o(i.data_item_delete) for data_item_delete
    nvdm_data.o(i.nvdm_delete_group) refers to nvdm_data.o(.data) for .data
    nvdm_data.o(i.nvdm_delete_group) refers to nvdm_main.o(.data) for nvdm_init_status
    nvdm_data.o(i.nvdm_query_begin) refers to memseta.o(.text) for __aeabi_memclr4
    nvdm_data.o(i.nvdm_query_begin) refers to nvdm_main.o(i.peb_read_data) for peb_read_data
    nvdm_data.o(i.nvdm_query_begin) refers to strcmp.o(.text) for strcmp
    nvdm_data.o(i.nvdm_query_begin) refers to nvdm_main.o(.data) for nvdm_init_status
    nvdm_data.o(i.nvdm_query_begin) refers to nvdm_data.o(.data) for .data
    nvdm_data.o(i.nvdm_query_end) refers to nvdm_data.o(.data) for .data
    nvdm_data.o(i.nvdm_query_next_data_item_name) refers to nvdm_main.o(i.peb_read_data) for peb_read_data
    nvdm_data.o(i.nvdm_query_next_data_item_name) refers to nvdm_data.o(.data) for .data
    nvdm_data.o(i.nvdm_query_next_group_name) refers to nvdm_main.o(i.peb_read_data) for peb_read_data
    nvdm_data.o(i.nvdm_query_next_group_name) refers to nvdm_data.o(.data) for .data
    nvdm_data.o(i.nvdm_read_data_item) refers to strlen.o(.text) for strlen
    nvdm_data.o(i.nvdm_read_data_item) refers to nvdm_data.o(i.search_data_item_by_name) for search_data_item_by_name
    nvdm_data.o(i.nvdm_read_data_item) refers to nvdm_data.o(i.calculate_data_item_checksum) for calculate_data_item_checksum
    nvdm_data.o(i.nvdm_read_data_item) refers to nvdm_main.o(i.peb_read_data) for peb_read_data
    nvdm_data.o(i.nvdm_read_data_item) refers to memseta.o(.text) for __aeabi_memclr
    nvdm_data.o(i.nvdm_read_data_item) refers to nvdm_data.o(.data) for .data
    nvdm_data.o(i.nvdm_read_data_item) refers to nvdm_main.o(.data) for nvdm_init_status
    nvdm_data.o(i.nvdm_write_data_item) refers to strlen.o(.text) for strlen
    nvdm_data.o(i.nvdm_write_data_item) refers to nvdm_data.o(i.search_data_item_by_name) for search_data_item_by_name
    nvdm_data.o(i.nvdm_write_data_item) refers to nvdm_main.o(i.space_is_enough) for space_is_enough
    nvdm_data.o(i.nvdm_write_data_item) refers to nvdm_main.o(i.space_allocation) for space_allocation
    nvdm_data.o(i.nvdm_write_data_item) refers to nvdm_data.o(i.data_item_header_print_info) for data_item_header_print_info
    nvdm_data.o(i.nvdm_write_data_item) refers to nvdm_data.o(i.calculate_checksum) for calculate_checksum
    nvdm_data.o(i.nvdm_write_data_item) refers to memcpya.o(.text) for __aeabi_memcpy
    nvdm_data.o(i.nvdm_write_data_item) refers to nvdm_main.o(i.peb_activing) for peb_activing
    nvdm_data.o(i.nvdm_write_data_item) refers to nvdm_main.o(i.peb_sub_free) for peb_sub_free
    nvdm_data.o(i.nvdm_write_data_item) refers to nvdm_main.o(i.peb_write_data) for peb_write_data
    nvdm_data.o(i.nvdm_write_data_item) refers to nvdm_main.o(i.peb_update_status) for peb_update_status
    nvdm_data.o(i.nvdm_write_data_item) refers to nvdm_main.o(i.peb_read_data) for peb_read_data
    nvdm_data.o(i.nvdm_write_data_item) refers to nvdm_main.o(i.peb_add_drity) for peb_add_drity
    nvdm_data.o(i.nvdm_write_data_item) refers to nvdm_data.o(.data) for .data
    nvdm_data.o(i.nvdm_write_data_item) refers to nvdm_main.o(.data) for nvdm_init_status
    nvdm_data.o(i.nvdm_write_data_item) refers to nvdm_data.o(.bss) for .bss
    nvdm_data.o(i.search_data_item_by_name) refers to printfa.o(i.__0snprintf) for __2snprintf
    nvdm_data.o(i.search_data_item_by_name) refers to nvdm_main.o(i.peb_read_data) for peb_read_data
    nvdm_data.o(i.search_data_item_by_name) refers to strcmp.o(.text) for strcmp
    nvdm_data.o(i.search_data_item_by_name) refers to nvdm_data.o(.data) for .data
    nvdm_io.o(i.peb_erase) refers to nvdm_io.o(.bss) for .bss
    nvdm_io.o(i.peb_erase) refers to nvdm_main.o(.data) for g_nvdm_peb_size
    nvdm_io.o(i.peb_io_write) refers to memseta.o(.text) for __aeabi_memclr
    nvdm_io.o(i.peb_io_write) refers to nvdm_io.o(i.compare_buffer) for compare_buffer
    nvdm_io.o(i.peb_io_write) refers to nvdm_io.o(.bss) for .bss
    atan.o(i.__hardfp_atan) refers (Special) to iusefp.o(.text) for __I$use$fp
    atan.o(i.__hardfp_atan) refers to dunder.o(i.__mathlib_dbl_infnan) for __mathlib_dbl_infnan
    atan.o(i.__hardfp_atan) refers to fpclassify.o(i.__ARM_fpclassify) for __ARM_fpclassify
    atan.o(i.__hardfp_atan) refers to dunder.o(i.__mathlib_dbl_underflow) for __mathlib_dbl_underflow
    atan.o(i.__hardfp_atan) refers to fabs.o(i.fabs) for fabs
    atan.o(i.__hardfp_atan) refers to dadd.o(.text) for __aeabi_dadd
    atan.o(i.__hardfp_atan) refers to dmul.o(.text) for __aeabi_dmul
    atan.o(i.__hardfp_atan) refers to ddiv.o(.text) for __aeabi_ddiv
    atan.o(i.__hardfp_atan) refers to poly.o(i.__kernel_poly) for __kernel_poly
    atan.o(i.__hardfp_atan) refers to atan.o(.constdata) for .constdata
    atan.o(i.__softfp_atan) refers (Special) to iusefp.o(.text) for __I$use$fp
    atan.o(i.__softfp_atan) refers to atan.o(i.__hardfp_atan) for __hardfp_atan
    atan.o(i.atan) refers (Special) to iusefp.o(.text) for __I$use$fp
    atan.o(i.atan) refers to atan.o(i.__hardfp_atan) for __hardfp_atan
    atan.o(.constdata) refers (Special) to iusefp.o(.text) for __I$use$fp
    atan_x.o(i.____hardfp_atan$lsc) refers (Special) to iusefp.o(.text) for __I$use$fp
    atan_x.o(i.____hardfp_atan$lsc) refers to dunder.o(i.__mathlib_dbl_infnan) for __mathlib_dbl_infnan
    atan_x.o(i.____hardfp_atan$lsc) refers to fabs.o(i.fabs) for fabs
    atan_x.o(i.____hardfp_atan$lsc) refers to dadd.o(.text) for __aeabi_dadd
    atan_x.o(i.____hardfp_atan$lsc) refers to dmul.o(.text) for __aeabi_dmul
    atan_x.o(i.____hardfp_atan$lsc) refers to ddiv.o(.text) for __aeabi_ddiv
    atan_x.o(i.____hardfp_atan$lsc) refers to poly.o(i.__kernel_poly) for __kernel_poly
    atan_x.o(i.____hardfp_atan$lsc) refers to atan_x.o(.constdata) for .constdata
    atan_x.o(i.____softfp_atan$lsc) refers (Special) to iusefp.o(.text) for __I$use$fp
    atan_x.o(i.____softfp_atan$lsc) refers to atan_x.o(i.____hardfp_atan$lsc) for ____hardfp_atan$lsc
    atan_x.o(i.__atan$lsc) refers (Special) to iusefp.o(.text) for __I$use$fp
    atan_x.o(i.__atan$lsc) refers to atan_x.o(i.____hardfp_atan$lsc) for ____hardfp_atan$lsc
    atan_x.o(.constdata) refers (Special) to iusefp.o(.text) for __I$use$fp
    sqrt.o(i.__hardfp_sqrt) refers (Special) to iusefp.o(.text) for __I$use$fp
    sqrt.o(i.__hardfp_sqrt) refers to dsqrt.o(.text) for _dsqrt
    sqrt.o(i.__hardfp_sqrt) refers to errno.o(i.__set_errno) for __set_errno
    sqrt.o(i.__softfp_sqrt) refers (Special) to iusefp.o(.text) for __I$use$fp
    sqrt.o(i.__softfp_sqrt) refers to dsqrt.o(.text) for _dsqrt
    sqrt.o(i.__softfp_sqrt) refers to errno.o(i.__set_errno) for __set_errno
    sqrt.o(i.sqrt) refers (Special) to iusefp.o(.text) for __I$use$fp
    sqrt.o(i.sqrt) refers to dsqrt.o(.text) for _dsqrt
    sqrt.o(i.sqrt) refers to errno.o(i.__set_errno) for __set_errno
    sqrt_x.o(i.____hardfp_sqrt$lsc) refers (Special) to iusefp.o(.text) for __I$use$fp
    sqrt_x.o(i.____hardfp_sqrt$lsc) refers to cdcmple.o(.text) for __aeabi_cdcmple
    sqrt_x.o(i.____hardfp_sqrt$lsc) refers to errno.o(i.__set_errno) for __set_errno
    sqrt_x.o(i.____hardfp_sqrt$lsc) refers to dsqrt.o(.text) for _dsqrt
    sqrt_x.o(i.____softfp_sqrt$lsc) refers (Special) to iusefp.o(.text) for __I$use$fp
    sqrt_x.o(i.____softfp_sqrt$lsc) refers to cdcmple.o(.text) for __aeabi_cdcmple
    sqrt_x.o(i.____softfp_sqrt$lsc) refers to errno.o(i.__set_errno) for __set_errno
    sqrt_x.o(i.____softfp_sqrt$lsc) refers to dsqrt.o(.text) for _dsqrt
    sqrt_x.o(i.__sqrt$lsc) refers (Special) to iusefp.o(.text) for __I$use$fp
    sqrt_x.o(i.__sqrt$lsc) refers to cdcmple.o(.text) for __aeabi_cdcmple
    sqrt_x.o(i.__sqrt$lsc) refers to errno.o(i.__set_errno) for __set_errno
    sqrt_x.o(i.__sqrt$lsc) refers to dsqrt.o(.text) for _dsqrt
    entry.o(.ARM.Collect$$$$00000000) refers (Special) to entry10a.o(.ARM.Collect$$$$0000000D) for __rt_final_cpp
    entry.o(.ARM.Collect$$$$00000000) refers (Special) to entry11a.o(.ARM.Collect$$$$0000000F) for __rt_final_exit
    entry.o(.ARM.Collect$$$$00000000) refers (Special) to entry7b.o(.ARM.Collect$$$$00000008) for _main_clock
    entry.o(.ARM.Collect$$$$00000000) refers (Special) to entry8b.o(.ARM.Collect$$$$0000000A) for _main_cpp_init
    entry.o(.ARM.Collect$$$$00000000) refers (Special) to entry9a.o(.ARM.Collect$$$$0000000B) for _main_init
    entry.o(.ARM.Collect$$$$00000000) refers (Special) to entry5.o(.ARM.Collect$$$$00000004) for _main_scatterload
    entry.o(.ARM.Collect$$$$00000000) refers (Special) to entry2.o(.ARM.Collect$$$$00000001) for _main_stk
    uldiv.o(.text) refers to llushr.o(.text) for __aeabi_llsr
    uldiv.o(.text) refers to llshl.o(.text) for __aeabi_llsl
    rand.o(.text) refers to rand.o(.data) for .data
    printfb.o(i.__0fprintf$bare) refers to printfb.o(i._printf_core) for _printf_core
    printfb.o(i.__0fprintf$bare) refers to sys_init.o(i.fputc) for fputc
    printfb.o(i.__0printf$bare) refers to printfb.o(i._printf_core) for _printf_core
    printfb.o(i.__0printf$bare) refers to sys_init.o(i.fputc) for fputc
    printfb.o(i.__0printf$bare) refers to stdout.o(.data) for __stdout
    printfb.o(i.__0snprintf$bare) refers to printfb.o(i._printf_core) for _printf_core
    printfb.o(i.__0snprintf$bare) refers to printfb.o(i._snputc) for _snputc
    printfb.o(i.__0sprintf$bare) refers to printfb.o(i._printf_core) for _printf_core
    printfb.o(i.__0sprintf$bare) refers to printfb.o(i._sputc) for _sputc
    printfb.o(i.__0vfprintf$bare) refers to printfb.o(i._printf_core) for _printf_core
    printfb.o(i.__0vfprintf$bare) refers to sys_init.o(i.fputc) for fputc
    printfb.o(i.__0vprintf$bare) refers to printfb.o(i._printf_core) for _printf_core
    printfb.o(i.__0vprintf$bare) refers to sys_init.o(i.fputc) for fputc
    printfb.o(i.__0vprintf$bare) refers to stdout.o(.data) for __stdout
    printfb.o(i.__0vsnprintf$bare) refers to printfb.o(i._printf_core) for _printf_core
    printfb.o(i.__0vsnprintf$bare) refers to printfb.o(i._snputc) for _snputc
    printfb.o(i.__0vsprintf$bare) refers to printfb.o(i._printf_core) for _printf_core
    printfb.o(i.__0vsprintf$bare) refers to printfb.o(i._sputc) for _sputc
    printf0.o(i.__0fprintf$0) refers to printf0.o(i._printf_core) for _printf_core
    printf0.o(i.__0fprintf$0) refers to sys_init.o(i.fputc) for fputc
    printf0.o(i.__0printf$0) refers to printf0.o(i._printf_core) for _printf_core
    printf0.o(i.__0printf$0) refers to sys_init.o(i.fputc) for fputc
    printf0.o(i.__0printf$0) refers to stdout.o(.data) for __stdout
    printf0.o(i.__0snprintf$0) refers to printf0.o(i._printf_core) for _printf_core
    printf0.o(i.__0snprintf$0) refers to printf0.o(i._snputc) for _snputc
    printf0.o(i.__0sprintf$0) refers to printf0.o(i._printf_core) for _printf_core
    printf0.o(i.__0sprintf$0) refers to printf0.o(i._sputc) for _sputc
    printf0.o(i.__0vfprintf$0) refers to printf0.o(i._printf_core) for _printf_core
    printf0.o(i.__0vfprintf$0) refers to sys_init.o(i.fputc) for fputc
    printf0.o(i.__0vprintf$0) refers to printf0.o(i._printf_core) for _printf_core
    printf0.o(i.__0vprintf$0) refers to sys_init.o(i.fputc) for fputc
    printf0.o(i.__0vprintf$0) refers to stdout.o(.data) for __stdout
    printf0.o(i.__0vsnprintf$0) refers to printf0.o(i._printf_core) for _printf_core
    printf0.o(i.__0vsnprintf$0) refers to printf0.o(i._snputc) for _snputc
    printf0.o(i.__0vsprintf$0) refers to printf0.o(i._printf_core) for _printf_core
    printf0.o(i.__0vsprintf$0) refers to printf0.o(i._sputc) for _sputc
    printf1.o(i.__0fprintf$1) refers to printf1.o(i._printf_core) for _printf_core
    printf1.o(i.__0fprintf$1) refers to sys_init.o(i.fputc) for fputc
    printf1.o(i.__0printf$1) refers to printf1.o(i._printf_core) for _printf_core
    printf1.o(i.__0printf$1) refers to sys_init.o(i.fputc) for fputc
    printf1.o(i.__0printf$1) refers to stdout.o(.data) for __stdout
    printf1.o(i.__0snprintf$1) refers to printf1.o(i._printf_core) for _printf_core
    printf1.o(i.__0snprintf$1) refers to printf1.o(i._snputc) for _snputc
    printf1.o(i.__0sprintf$1) refers to printf1.o(i._printf_core) for _printf_core
    printf1.o(i.__0sprintf$1) refers to printf1.o(i._sputc) for _sputc
    printf1.o(i.__0vfprintf$1) refers to printf1.o(i._printf_core) for _printf_core
    printf1.o(i.__0vfprintf$1) refers to sys_init.o(i.fputc) for fputc
    printf1.o(i.__0vprintf$1) refers to printf1.o(i._printf_core) for _printf_core
    printf1.o(i.__0vprintf$1) refers to sys_init.o(i.fputc) for fputc
    printf1.o(i.__0vprintf$1) refers to stdout.o(.data) for __stdout
    printf1.o(i.__0vsnprintf$1) refers to printf1.o(i._printf_core) for _printf_core
    printf1.o(i.__0vsnprintf$1) refers to printf1.o(i._snputc) for _snputc
    printf1.o(i.__0vsprintf$1) refers to printf1.o(i._printf_core) for _printf_core
    printf1.o(i.__0vsprintf$1) refers to printf1.o(i._sputc) for _sputc
    printf1.o(i._printf_core) refers to uidiv.o(.text) for __aeabi_uidivmod
    printf2.o(i.__0fprintf$2) refers to printf2.o(i._printf_core) for _printf_core
    printf2.o(i.__0fprintf$2) refers to sys_init.o(i.fputc) for fputc
    printf2.o(i.__0printf$2) refers to printf2.o(i._printf_core) for _printf_core
    printf2.o(i.__0printf$2) refers to sys_init.o(i.fputc) for fputc
    printf2.o(i.__0printf$2) refers to stdout.o(.data) for __stdout
    printf2.o(i.__0snprintf$2) refers to printf2.o(i._printf_core) for _printf_core
    printf2.o(i.__0snprintf$2) refers to printf2.o(i._snputc) for _snputc
    printf2.o(i.__0sprintf$2) refers to printf2.o(i._printf_core) for _printf_core
    printf2.o(i.__0sprintf$2) refers to printf2.o(i._sputc) for _sputc
    printf2.o(i.__0vfprintf$2) refers to printf2.o(i._printf_core) for _printf_core
    printf2.o(i.__0vfprintf$2) refers to sys_init.o(i.fputc) for fputc
    printf2.o(i.__0vprintf$2) refers to printf2.o(i._printf_core) for _printf_core
    printf2.o(i.__0vprintf$2) refers to sys_init.o(i.fputc) for fputc
    printf2.o(i.__0vprintf$2) refers to stdout.o(.data) for __stdout
    printf2.o(i.__0vsnprintf$2) refers to printf2.o(i._printf_core) for _printf_core
    printf2.o(i.__0vsnprintf$2) refers to printf2.o(i._snputc) for _snputc
    printf2.o(i.__0vsprintf$2) refers to printf2.o(i._printf_core) for _printf_core
    printf2.o(i.__0vsprintf$2) refers to printf2.o(i._sputc) for _sputc
    printf3.o(i.__0fprintf$3) refers to printf3.o(i._printf_core) for _printf_core
    printf3.o(i.__0fprintf$3) refers to sys_init.o(i.fputc) for fputc
    printf3.o(i.__0printf$3) refers to printf3.o(i._printf_core) for _printf_core
    printf3.o(i.__0printf$3) refers to sys_init.o(i.fputc) for fputc
    printf3.o(i.__0printf$3) refers to stdout.o(.data) for __stdout
    printf3.o(i.__0snprintf$3) refers to printf3.o(i._printf_core) for _printf_core
    printf3.o(i.__0snprintf$3) refers to printf3.o(i._snputc) for _snputc
    printf3.o(i.__0sprintf$3) refers to printf3.o(i._printf_core) for _printf_core
    printf3.o(i.__0sprintf$3) refers to printf3.o(i._sputc) for _sputc
    printf3.o(i.__0vfprintf$3) refers to printf3.o(i._printf_core) for _printf_core
    printf3.o(i.__0vfprintf$3) refers to sys_init.o(i.fputc) for fputc
    printf3.o(i.__0vprintf$3) refers to printf3.o(i._printf_core) for _printf_core
    printf3.o(i.__0vprintf$3) refers to sys_init.o(i.fputc) for fputc
    printf3.o(i.__0vprintf$3) refers to stdout.o(.data) for __stdout
    printf3.o(i.__0vsnprintf$3) refers to printf3.o(i._printf_core) for _printf_core
    printf3.o(i.__0vsnprintf$3) refers to printf3.o(i._snputc) for _snputc
    printf3.o(i.__0vsprintf$3) refers to printf3.o(i._printf_core) for _printf_core
    printf3.o(i.__0vsprintf$3) refers to printf3.o(i._sputc) for _sputc
    printf3.o(i._printf_core) refers to uidiv.o(.text) for __aeabi_uidivmod
    printf4.o(i.__0fprintf$4) refers to printf4.o(i._printf_core) for _printf_core
    printf4.o(i.__0fprintf$4) refers to sys_init.o(i.fputc) for fputc
    printf4.o(i.__0printf$4) refers to printf4.o(i._printf_core) for _printf_core
    printf4.o(i.__0printf$4) refers to sys_init.o(i.fputc) for fputc
    printf4.o(i.__0printf$4) refers to stdout.o(.data) for __stdout
    printf4.o(i.__0snprintf$4) refers to printf4.o(i._printf_core) for _printf_core
    printf4.o(i.__0snprintf$4) refers to printf4.o(i._snputc) for _snputc
    printf4.o(i.__0sprintf$4) refers to printf4.o(i._printf_core) for _printf_core
    printf4.o(i.__0sprintf$4) refers to printf4.o(i._sputc) for _sputc
    printf4.o(i.__0vfprintf$4) refers to printf4.o(i._printf_core) for _printf_core
    printf4.o(i.__0vfprintf$4) refers to sys_init.o(i.fputc) for fputc
    printf4.o(i.__0vprintf$4) refers to printf4.o(i._printf_core) for _printf_core
    printf4.o(i.__0vprintf$4) refers to sys_init.o(i.fputc) for fputc
    printf4.o(i.__0vprintf$4) refers to stdout.o(.data) for __stdout
    printf4.o(i.__0vsnprintf$4) refers to printf4.o(i._printf_core) for _printf_core
    printf4.o(i.__0vsnprintf$4) refers to printf4.o(i._snputc) for _snputc
    printf4.o(i.__0vsprintf$4) refers to printf4.o(i._printf_core) for _printf_core
    printf4.o(i.__0vsprintf$4) refers to printf4.o(i._sputc) for _sputc
    printf4.o(i._printf_core) refers to uldiv.o(.text) for __aeabi_uldivmod
    printf5.o(i.__0fprintf$5) refers to printf5.o(i._printf_core) for _printf_core
    printf5.o(i.__0fprintf$5) refers to sys_init.o(i.fputc) for fputc
    printf5.o(i.__0printf$5) refers to printf5.o(i._printf_core) for _printf_core
    printf5.o(i.__0printf$5) refers to sys_init.o(i.fputc) for fputc
    printf5.o(i.__0printf$5) refers to stdout.o(.data) for __stdout
    printf5.o(i.__0snprintf$5) refers to printf5.o(i._printf_core) for _printf_core
    printf5.o(i.__0snprintf$5) refers to printf5.o(i._snputc) for _snputc
    printf5.o(i.__0sprintf$5) refers to printf5.o(i._printf_core) for _printf_core
    printf5.o(i.__0sprintf$5) refers to printf5.o(i._sputc) for _sputc
    printf5.o(i.__0vfprintf$5) refers to printf5.o(i._printf_core) for _printf_core
    printf5.o(i.__0vfprintf$5) refers to sys_init.o(i.fputc) for fputc
    printf5.o(i.__0vprintf$5) refers to printf5.o(i._printf_core) for _printf_core
    printf5.o(i.__0vprintf$5) refers to sys_init.o(i.fputc) for fputc
    printf5.o(i.__0vprintf$5) refers to stdout.o(.data) for __stdout
    printf5.o(i.__0vsnprintf$5) refers to printf5.o(i._printf_core) for _printf_core
    printf5.o(i.__0vsnprintf$5) refers to printf5.o(i._snputc) for _snputc
    printf5.o(i.__0vsprintf$5) refers to printf5.o(i._printf_core) for _printf_core
    printf5.o(i.__0vsprintf$5) refers to printf5.o(i._sputc) for _sputc
    printf5.o(i._printf_core) refers to uldiv.o(.text) for __aeabi_uldivmod
    printf6.o(i.__0fprintf$6) refers to printf6.o(i._printf_core) for _printf_core
    printf6.o(i.__0fprintf$6) refers to sys_init.o(i.fputc) for fputc
    printf6.o(i.__0printf$6) refers to printf6.o(i._printf_core) for _printf_core
    printf6.o(i.__0printf$6) refers to sys_init.o(i.fputc) for fputc
    printf6.o(i.__0printf$6) refers to stdout.o(.data) for __stdout
    printf6.o(i.__0snprintf$6) refers to printf6.o(i._printf_core) for _printf_core
    printf6.o(i.__0snprintf$6) refers to printf6.o(i._snputc) for _snputc
    printf6.o(i.__0sprintf$6) refers to printf6.o(i._printf_core) for _printf_core
    printf6.o(i.__0sprintf$6) refers to printf6.o(i._sputc) for _sputc
    printf6.o(i.__0vfprintf$6) refers to printf6.o(i._printf_core) for _printf_core
    printf6.o(i.__0vfprintf$6) refers to sys_init.o(i.fputc) for fputc
    printf6.o(i.__0vprintf$6) refers to printf6.o(i._printf_core) for _printf_core
    printf6.o(i.__0vprintf$6) refers to sys_init.o(i.fputc) for fputc
    printf6.o(i.__0vprintf$6) refers to stdout.o(.data) for __stdout
    printf6.o(i.__0vsnprintf$6) refers to printf6.o(i._printf_core) for _printf_core
    printf6.o(i.__0vsnprintf$6) refers to printf6.o(i._snputc) for _snputc
    printf6.o(i.__0vsprintf$6) refers to printf6.o(i._printf_core) for _printf_core
    printf6.o(i.__0vsprintf$6) refers to printf6.o(i._sputc) for _sputc
    printf6.o(i._printf_core) refers to printf6.o(i._printf_pre_padding) for _printf_pre_padding
    printf6.o(i._printf_core) refers to uidiv.o(.text) for __aeabi_uidivmod
    printf6.o(i._printf_core) refers to printf6.o(i._printf_post_padding) for _printf_post_padding
    printf7.o(i.__0fprintf$7) refers to printf7.o(i._printf_core) for _printf_core
    printf7.o(i.__0fprintf$7) refers to sys_init.o(i.fputc) for fputc
    printf7.o(i.__0printf$7) refers to printf7.o(i._printf_core) for _printf_core
    printf7.o(i.__0printf$7) refers to sys_init.o(i.fputc) for fputc
    printf7.o(i.__0printf$7) refers to stdout.o(.data) for __stdout
    printf7.o(i.__0snprintf$7) refers to printf7.o(i._printf_core) for _printf_core
    printf7.o(i.__0snprintf$7) refers to printf7.o(i._snputc) for _snputc
    printf7.o(i.__0sprintf$7) refers to printf7.o(i._printf_core) for _printf_core
    printf7.o(i.__0sprintf$7) refers to printf7.o(i._sputc) for _sputc
    printf7.o(i.__0vfprintf$7) refers to printf7.o(i._printf_core) for _printf_core
    printf7.o(i.__0vfprintf$7) refers to sys_init.o(i.fputc) for fputc
    printf7.o(i.__0vprintf$7) refers to printf7.o(i._printf_core) for _printf_core
    printf7.o(i.__0vprintf$7) refers to sys_init.o(i.fputc) for fputc
    printf7.o(i.__0vprintf$7) refers to stdout.o(.data) for __stdout
    printf7.o(i.__0vsnprintf$7) refers to printf7.o(i._printf_core) for _printf_core
    printf7.o(i.__0vsnprintf$7) refers to printf7.o(i._snputc) for _snputc
    printf7.o(i.__0vsprintf$7) refers to printf7.o(i._printf_core) for _printf_core
    printf7.o(i.__0vsprintf$7) refers to printf7.o(i._sputc) for _sputc
    printf7.o(i._printf_core) refers to printf7.o(i._printf_pre_padding) for _printf_pre_padding
    printf7.o(i._printf_core) refers to uldiv.o(.text) for __aeabi_uldivmod
    printf7.o(i._printf_core) refers to printf7.o(i._printf_post_padding) for _printf_post_padding
    printf8.o(i.__0fprintf$8) refers to printf8.o(i._printf_core) for _printf_core
    printf8.o(i.__0fprintf$8) refers to sys_init.o(i.fputc) for fputc
    printf8.o(i.__0printf$8) refers to printf8.o(i._printf_core) for _printf_core
    printf8.o(i.__0printf$8) refers to sys_init.o(i.fputc) for fputc
    printf8.o(i.__0printf$8) refers to stdout.o(.data) for __stdout
    printf8.o(i.__0snprintf$8) refers to printf8.o(i._printf_core) for _printf_core
    printf8.o(i.__0snprintf$8) refers to printf8.o(i._snputc) for _snputc
    printf8.o(i.__0sprintf$8) refers to printf8.o(i._printf_core) for _printf_core
    printf8.o(i.__0sprintf$8) refers to printf8.o(i._sputc) for _sputc
    printf8.o(i.__0vfprintf$8) refers to printf8.o(i._printf_core) for _printf_core
    printf8.o(i.__0vfprintf$8) refers to sys_init.o(i.fputc) for fputc
    printf8.o(i.__0vprintf$8) refers to printf8.o(i._printf_core) for _printf_core
    printf8.o(i.__0vprintf$8) refers to sys_init.o(i.fputc) for fputc
    printf8.o(i.__0vprintf$8) refers to stdout.o(.data) for __stdout
    printf8.o(i.__0vsnprintf$8) refers to printf8.o(i._printf_core) for _printf_core
    printf8.o(i.__0vsnprintf$8) refers to printf8.o(i._snputc) for _snputc
    printf8.o(i.__0vsprintf$8) refers to printf8.o(i._printf_core) for _printf_core
    printf8.o(i.__0vsprintf$8) refers to printf8.o(i._sputc) for _sputc
    printf8.o(i._printf_core) refers to printf8.o(i._printf_pre_padding) for _printf_pre_padding
    printf8.o(i._printf_core) refers to uldiv.o(.text) for __aeabi_uldivmod
    printf8.o(i._printf_core) refers to printf8.o(i._printf_post_padding) for _printf_post_padding
    printfa.o(i.__0fprintf) refers (Special) to iusefp.o(.text) for __I$use$fp
    printfa.o(i.__0fprintf) refers to printfa.o(i._printf_core) for _printf_core
    printfa.o(i.__0fprintf) refers to sys_init.o(i.fputc) for fputc
    printfa.o(i.__0printf) refers (Special) to iusefp.o(.text) for __I$use$fp
    printfa.o(i.__0printf) refers to printfa.o(i._printf_core) for _printf_core
    printfa.o(i.__0printf) refers to sys_init.o(i.fputc) for fputc
    printfa.o(i.__0printf) refers to stdout.o(.data) for __stdout
    printfa.o(i.__0snprintf) refers (Special) to iusefp.o(.text) for __I$use$fp
    printfa.o(i.__0snprintf) refers to printfa.o(i._printf_core) for _printf_core
    printfa.o(i.__0snprintf) refers to printfa.o(i._snputc) for _snputc
    printfa.o(i.__0sprintf) refers (Special) to iusefp.o(.text) for __I$use$fp
    printfa.o(i.__0sprintf) refers to printfa.o(i._printf_core) for _printf_core
    printfa.o(i.__0sprintf) refers to printfa.o(i._sputc) for _sputc
    printfa.o(i.__0vfprintf) refers (Special) to iusefp.o(.text) for __I$use$fp
    printfa.o(i.__0vfprintf) refers to printfa.o(i._printf_core) for _printf_core
    printfa.o(i.__0vfprintf) refers to sys_init.o(i.fputc) for fputc
    printfa.o(i.__0vprintf) refers (Special) to iusefp.o(.text) for __I$use$fp
    printfa.o(i.__0vprintf) refers to printfa.o(i._printf_core) for _printf_core
    printfa.o(i.__0vprintf) refers to sys_init.o(i.fputc) for fputc
    printfa.o(i.__0vprintf) refers to stdout.o(.data) for __stdout
    printfa.o(i.__0vsnprintf) refers (Special) to iusefp.o(.text) for __I$use$fp
    printfa.o(i.__0vsnprintf) refers to printfa.o(i._printf_core) for _printf_core
    printfa.o(i.__0vsnprintf) refers to printfa.o(i._snputc) for _snputc
    printfa.o(i.__0vsprintf) refers (Special) to iusefp.o(.text) for __I$use$fp
    printfa.o(i.__0vsprintf) refers to printfa.o(i._printf_core) for _printf_core
    printfa.o(i.__0vsprintf) refers to printfa.o(i._sputc) for _sputc
    printfa.o(i._fp_digits) refers (Special) to iusefp.o(.text) for __I$use$fp
    printfa.o(i._fp_digits) refers to dmul.o(.text) for __aeabi_dmul
    printfa.o(i._fp_digits) refers to ddiv.o(.text) for __aeabi_ddiv
    printfa.o(i._fp_digits) refers to cdrcmple.o(.text) for __aeabi_cdrcmple
    printfa.o(i._fp_digits) refers to dadd.o(.text) for __aeabi_dadd
    printfa.o(i._fp_digits) refers to dfixul.o(.text) for __aeabi_d2ulz
    printfa.o(i._fp_digits) refers to uldiv.o(.text) for __aeabi_uldivmod
    printfa.o(i._printf_core) refers (Special) to iusefp.o(.text) for __I$use$fp
    printfa.o(i._printf_core) refers to printfa.o(i._printf_pre_padding) for _printf_pre_padding
    printfa.o(i._printf_core) refers to uldiv.o(.text) for __aeabi_uldivmod
    printfa.o(i._printf_core) refers to printfa.o(i._printf_post_padding) for _printf_post_padding
    printfa.o(i._printf_core) refers to printfa.o(i._fp_digits) for _fp_digits
    printfa.o(i._printf_core) refers to uidiv.o(.text) for __aeabi_uidivmod
    printfa.o(i._printf_post_padding) refers (Special) to iusefp.o(.text) for __I$use$fp
    printfa.o(i._printf_pre_padding) refers (Special) to iusefp.o(.text) for __I$use$fp
    printfa.o(i._snputc) refers (Special) to iusefp.o(.text) for __I$use$fp
    printfa.o(i._sputc) refers (Special) to iusefp.o(.text) for __I$use$fp
    dmul.o(.text) refers (Special) to iusefp.o(.text) for __I$use$fp
    dmul.o(.text) refers to depilogue.o(.text) for _double_epilogue
    ddiv.o(.text) refers (Special) to iusefp.o(.text) for __I$use$fp
    ddiv.o(.text) refers to depilogue.o(.text) for _double_round
    dflti.o(.text) refers (Special) to iusefp.o(.text) for __I$use$fp
    dflti.o(.text) refers to depilogue.o(.text) for _double_epilogue
    f2d.o(.text) refers (Special) to iusefp.o(.text) for __I$use$fp
    d2f.o(.text) refers (Special) to iusefp.o(.text) for __I$use$fp
    d2f.o(.text) refers to fepilogue.o(.text) for _float_round
    dunder.o(i.__mathlib_dbl_divzero) refers to ddiv.o(.text) for __aeabi_ddiv
    dunder.o(i.__mathlib_dbl_infnan) refers to dadd.o(.text) for __aeabi_dadd
    dunder.o(i.__mathlib_dbl_infnan2) refers to dadd.o(.text) for __aeabi_dadd
    dunder.o(i.__mathlib_dbl_invalid) refers to ddiv.o(.text) for __aeabi_ddiv
    dunder.o(i.__mathlib_dbl_overflow) refers to dmul.o(.text) for __aeabi_dmul
    dunder.o(i.__mathlib_dbl_posinfnan) refers to dmul.o(.text) for __aeabi_dmul
    dunder.o(i.__mathlib_dbl_underflow) refers to dmul.o(.text) for __aeabi_dmul
    fabs.o(i.__hardfp_fabs) refers (Special) to iusefp.o(.text) for __I$use$fp
    fabs.o(i.__softfp_fabs) refers (Special) to iusefp.o(.text) for __I$use$fp
    fabs.o(i.fabs) refers (Special) to iusefp.o(.text) for __I$use$fp
    fpclassify.o(i.__ARM_fpclassify) refers (Special) to iusefp.o(.text) for __I$use$fp
    poly.o(i.__kernel_poly) refers (Special) to iusefp.o(.text) for __I$use$fp
    poly.o(i.__kernel_poly) refers to dmul.o(.text) for __aeabi_dmul
    poly.o(i.__kernel_poly) refers to dadd.o(.text) for __aeabi_dadd
    entry2.o(.ARM.Collect$$$$00000001) refers to entry2.o(.ARM.Collect$$$$00002712) for __lit__00000000
    entry2.o(.ARM.Collect$$$$00002712) refers to startup_mt7687.o(STACK) for __initial_sp
    entry2.o(__vectab_stack_and_reset_area) refers to startup_mt7687.o(STACK) for __initial_sp
    entry2.o(__vectab_stack_and_reset_area) refers to entry.o(.ARM.Collect$$$$00000000) for __main
    entry5.o(.ARM.Collect$$$$00000004) refers to init.o(.text) for __scatterload
    entry9a.o(.ARM.Collect$$$$0000000B) refers to main.o(i.main) for main
    entry9b.o(.ARM.Collect$$$$0000000C) refers to main.o(i.main) for main
    errno.o(i.__aeabi_errno_addr) refers to errno.o(.data) for .data
    errno.o(i.__read_errno) refers to errno.o(.data) for .data
    errno.o(i.__set_errno) refers to errno.o(.data) for .data
    depilogue.o(.text) refers to llshl.o(.text) for __aeabi_llsl
    depilogue.o(.text) refers to llushr.o(.text) for __aeabi_llsr
    dadd.o(.text) refers to llshl.o(.text) for __aeabi_llsl
    dadd.o(.text) refers to llsshr.o(.text) for __aeabi_lasr
    dadd.o(.text) refers to depilogue.o(.text) for _double_epilogue
    dsqrt.o(.text) refers to llushr.o(.text) for __aeabi_llsr
    dsqrt.o(.text) refers to depilogue.o(.text) for _double_round
    dfixul.o(.text) refers to llushr.o(.text) for __aeabi_llsr
    dfixul.o(.text) refers to llshl.o(.text) for __aeabi_llsl
    init.o(.text) refers to entry5.o(.ARM.Collect$$$$00000004) for __main_after_scatterload


==============================================================================

Removing Unused input sections from the image.

    Removing bsp_flash_config.o(.rev16_text), (4 bytes).
    Removing bsp_flash_config.o(.revsh_text), (4 bytes).
    Removing bsp_flash_config.o(.rrx_text), (6 bytes).
    Removing bsp_gpio_ept_config.o(.rev16_text), (4 bytes).
    Removing bsp_gpio_ept_config.o(.revsh_text), (4 bytes).
    Removing bsp_gpio_ept_config.o(.rrx_text), (6 bytes).
    Removing bsp_gpio_ept_config.o(i.bsp_ept_gpio_setting_init), (28 bytes).
    Removing bsp_gpio_ept_config.o(i.gpio_ies_init), (216 bytes).
    Removing bsp_gpio_ept_config.o(i.gpio_mode_init), (48 bytes).
    Removing bsp_gpio_ept_config.o(i.gpio_oe_init), (44 bytes).
    Removing bsp_gpio_ept_config.o(i.gpio_output_init), (44 bytes).
    Removing bsp_gpio_ept_config.o(i.gpio_pull_down_init), (44 bytes).
    Removing bsp_gpio_ept_config.o(i.gpio_pull_up_init), (108 bytes).
    Removing bsp_gpio_ept_config.o(.constdata), (100 bytes).
    Removing cos_api.o(.rev16_text), (4 bytes).
    Removing cos_api.o(.revsh_text), (4 bytes).
    Removing cos_api.o(.rrx_text), (6 bytes).
    Removing cos_api.o(i.SYSrand_Get_Rand), (60 bytes).
    Removing cos_api.o(i.cos_control_force_pwm_mode), (76 bytes).
    Removing cos_api.o(i.cos_control_force_pwm_mode_exit), (92 bytes).
    Removing cos_api.o(i.cos_delay_100us), (12 bytes).
    Removing cos_api.o(i.cos_delay_ms), (12 bytes).
    Removing cos_api.o(i.cos_delay_time), (12 bytes).
    Removing cos_api.o(i.cos_get_systime), (10 bytes).
    Removing cos_api.o(.data), (4 bytes).
    Removing dma.o(.rev16_text), (4 bytes).
    Removing dma.o(.revsh_text), (4 bytes).
    Removing dma.o(.rrx_text), (6 bytes).
    Removing dma.o(i.DMA_Clock_Disable), (14 bytes).
    Removing dma.o(i.DMA_Config_Internal), (1160 bytes).
    Removing dma.o(i.DMA_FreeChannel), (64 bytes).
    Removing dma.o(i.DMA_FullSize_CheckIdleChannel), (92 bytes).
    Removing dma.o(i.DMA_FullSize_FreeChannel), (64 bytes).
    Removing dma.o(i.DMA_Init), (88 bytes).
    Removing dma.o(i.DMA_LISR), (736 bytes).
    Removing dma.o(i.DMA_Register), (92 bytes).
    Removing dma.o(i.DMA_Run), (28 bytes).
    Removing dma.o(i.DMA_Stop), (28 bytes).
    Removing dma.o(i.DMA_UnRegister), (100 bytes).
    Removing dma.o(i.DMA_Vfifo_Flush), (28 bytes).
    Removing dma.o(i.DMA_Vfifo_Register_Callback), (16 bytes).
    Removing dma.o(i.DMA_Vfifo_Register_TO_Callback), (16 bytes).
    Removing dma.o(i.DMA_Vfifo_SetAdrs), (44 bytes).
    Removing dma.o(i.DMA_Vfifo_Set_timeout), (16 bytes).
    Removing dma.o(i.DMA_Vfifo_enable_interrupt), (28 bytes).
    Removing dma.o(i.DMA_Vfifo_init), (284 bytes).
    Removing dma.o(i.dma_set_channel_busy), (96 bytes).
    Removing dma.o(i.dma_set_channel_idle), (80 bytes).
    Removing dma.o(.constdata), (28 bytes).
    Removing flash_sfc.o(.rev16_text), (4 bytes).
    Removing flash_sfc.o(.revsh_text), (4 bytes).
    Removing flash_sfc.o(.rrx_text), (6 bytes).
    Removing flash_sfc.o(i.flash_sfc_write), (60 bytes).
    Removing flash_sfc.o(i.hal_flash_direct_read), (28 bytes).
    Removing gpt.o(.rev16_text), (4 bytes).
    Removing gpt.o(.revsh_text), (4 bytes).
    Removing gpt.o(.rrx_text), (6 bytes).
    Removing gpt.o(i.GPT_ResetTimer), (208 bytes).
    Removing gpt.o(i.GPT_Start), (196 bytes).
    Removing gpt.o(i.GPT_Stop), (104 bytes).
    Removing gpt.o(.data), (4 bytes).
    Removing hal_i2c.o(.rev16_text), (4 bytes).
    Removing hal_i2c.o(.revsh_text), (4 bytes).
    Removing hal_i2c.o(.rrx_text), (6 bytes).
    Removing hal_i2c.o(i.halI2CGDMACtrl), (232 bytes).
    Removing hal_i2c.o(i.halI2CGDMAGeneralRW), (364 bytes).
    Removing hal_i2c.o(i.halI2CGDMANormalRead), (176 bytes).
    Removing hal_i2c.o(i.halI2CGDMANormalWrite), (164 bytes).
    Removing hal_i2c.o(i.halI2CGeneralRW), (564 bytes).
    Removing hal_i2s_internal.o(.rev16_text), (4 bytes).
    Removing hal_i2s_internal.o(.revsh_text), (4 bytes).
    Removing hal_i2s_internal.o(.rrx_text), (6 bytes).
    Removing hal_i2s_internal.o(i.I2sCfgInitialSetting), (328 bytes).
    Removing hal_i2s_internal.o(i.I2sClkFifoEn), (72 bytes).
    Removing hal_i2s_internal.o(i.I2sDlEn), (40 bytes).
    Removing hal_i2s_internal.o(i.I2sGetVdmaRxFifoCnt), (12 bytes).
    Removing hal_i2s_internal.o(i.I2sGetVdmaTxFifoCnt), (12 bytes).
    Removing hal_i2s_internal.o(i.I2sReadVdmaRxFifo), (16 bytes).
    Removing hal_i2s_internal.o(i.I2sReset), (32 bytes).
    Removing hal_i2s_internal.o(i.I2sSetDlCfg), (304 bytes).
    Removing hal_i2s_internal.o(i.I2sSetGblCfg), (328 bytes).
    Removing hal_i2s_internal.o(i.I2sSetUlCfg), (336 bytes).
    Removing hal_i2s_internal.o(i.I2sSetVdmaRxIntrEn), (64 bytes).
    Removing hal_i2s_internal.o(i.I2sSetVdmaRxThreshold), (16 bytes).
    Removing hal_i2s_internal.o(i.I2sSetVdmaTxIntrEn), (64 bytes).
    Removing hal_i2s_internal.o(i.I2sSetVdmaTxThreshold), (16 bytes).
    Removing hal_i2s_internal.o(i.I2sUlEn), (40 bytes).
    Removing hal_i2s_internal.o(i.I2sVdmaRxStart), (88 bytes).
    Removing hal_i2s_internal.o(i.I2sVdmaRxStop), (12 bytes).
    Removing hal_i2s_internal.o(i.I2sVdmaTxStart), (88 bytes).
    Removing hal_i2s_internal.o(i.I2sVdmaTxStop), (12 bytes).
    Removing hal_i2s_internal.o(i.I2sWriteVdmaTxFifo), (12 bytes).
    Removing hal_i2s_internal.o(i.xpllClose), (84 bytes).
    Removing hal_i2s_internal.o(i.xpllMicroDelay), (22 bytes).
    Removing hal_i2s_internal.o(i.xpllOpen), (496 bytes).
    Removing hal_i2s_internal.o(.data), (4 bytes).
    Removing low_hal_irtx.o(.rev16_text), (4 bytes).
    Removing low_hal_irtx.o(.revsh_text), (4 bytes).
    Removing low_hal_irtx.o(.rrx_text), (6 bytes).
    Removing low_hal_irtx.o(i.halIrTxClearInterrupt), (16 bytes).
    Removing low_hal_irtx.o(i.halIrTxConfig), (412 bytes).
    Removing low_hal_irtx.o(i.halIrTxInit), (60 bytes).
    Removing low_hal_irtx.o(i.halIrTxPWSend), (184 bytes).
    Removing low_hal_irtx.o(i.halIrTxRound), (20 bytes).
    Removing low_hal_irtx.o(i.halIrTxSend), (120 bytes).
    Removing low_hal_pwm.o(.rev16_text), (4 bytes).
    Removing low_hal_pwm.o(.revsh_text), (4 bytes).
    Removing low_hal_pwm.o(.rrx_text), (6 bytes).
    Removing low_hal_pwm.o(i.halPWMClockSelect), (36 bytes).
    Removing low_hal_pwm.o(i.halPWMConfig), (236 bytes).
    Removing low_hal_pwm.o(i.halPWMDisable), (32 bytes).
    Removing low_hal_pwm.o(i.halPWMEnable), (72 bytes).
    Removing low_hal_pwm.o(i.halPWMKick), (40 bytes).
    Removing low_hal_pwm.o(i.halPWMQuery), (236 bytes).
    Removing low_hal_pwm.o(i.halPWMResetAll), (32 bytes).
    Removing low_hal_pwm.o(i.halPWMStateConfig), (84 bytes).
    Removing hal_gpc.o(.rev16_text), (4 bytes).
    Removing hal_gpc.o(.revsh_text), (4 bytes).
    Removing hal_gpc.o(.rrx_text), (6 bytes).
    Removing hal_gpc.o(i.hal_gpc_deinit), (56 bytes).
    Removing hal_gpc.o(i.hal_gpc_disable), (60 bytes).
    Removing hal_gpc.o(i.hal_gpc_enable), (60 bytes).
    Removing hal_gpc.o(i.hal_gpc_get_and_clear_count), (44 bytes).
    Removing hal_gpc.o(i.hal_gpc_get_running_status), (36 bytes).
    Removing hal_gpc.o(i.hal_gpc_init), (124 bytes).
    Removing hal_gpc.o(.constdata), (13 bytes).
    Removing hal_gpc.o(.data), (3 bytes).
    Removing hal_gpio_7687.o(.rev16_text), (4 bytes).
    Removing hal_gpio_7687.o(.revsh_text), (4 bytes).
    Removing hal_gpio_7687.o(.rrx_text), (6 bytes).
    Removing hal_gpio_7687.o(i.NVIC_ClearPendingIRQ), (24 bytes).
    Removing hal_gpio_7687.o(i.NVIC_DisableIRQ), (24 bytes).
    Removing hal_gpio_7687.o(i.NVIC_EnableIRQ), (22 bytes).
    Removing hal_gpio_7687.o(i.drvGPIO_IDX_EINT_WIC_LISR), (240 bytes).
    Removing hal_gpio_7687.o(i.halGPIO_GetDriving), (316 bytes).
    Removing hal_gpio_7687.o(i.halGPIO_PullDown_RESET), (232 bytes).
    Removing hal_gpio_7687.o(i.halGPIO_PullDown_SET), (260 bytes).
    Removing hal_gpio_7687.o(i.halGPIO_PullUp_RESET), (232 bytes).
    Removing hal_gpio_7687.o(i.halGPIO_PullUp_SET), (260 bytes).
    Removing hal_gpio_7687.o(i.halGPIO_SetDriving), (596 bytes).
    Removing hal_gpio_7687.o(i.halGPO_Write), (84 bytes).
    Removing hal_gpio_7687.o(i.halRegGPInterrupt), (360 bytes).
    Removing hal_gpio_7687.o(i.halRegGPInterrupt_mask), (160 bytes).
    Removing hal_gpio_7687.o(i.halRegGPInterrupt_set_debounce), (212 bytes).
    Removing hal_gpio_7687.o(i.halRegGPInterrupt_set_triggermode), (260 bytes).
    Removing hal_gpio_7687.o(i.halRegGPInterrupt_unmask), (160 bytes).
    Removing hal_gpio_7687.o(i.halRegGP_clear_software_trigger), (168 bytes).
    Removing hal_gpio_7687.o(i.halRegGP_set_software_trigger), (164 bytes).
    Removing hal_gpio_7687.o(i.software_trigger_irq), (16 bytes).
    Removing hal_gpio_7687.o(i.topPAD_Control_GPIO), (132 bytes).
    Removing hal_gpio_7687.o(.constdata), (219 bytes).
    Removing hal_gpio_7687.o(.data), (12 bytes).
    Removing hal_irrx.o(.rev16_text), (4 bytes).
    Removing hal_irrx.o(.revsh_text), (4 bytes).
    Removing hal_irrx.o(.rrx_text), (6 bytes).
    Removing hal_irrx.o(i.hal_irrx_deinit), (32 bytes).
    Removing hal_irrx.o(i.hal_irrx_get_running_status), (16 bytes).
    Removing hal_irrx.o(i.hal_irrx_init), (124 bytes).
    Removing hal_irrx.o(i.hal_irrx_receive_pwd), (48 bytes).
    Removing hal_irrx.o(i.hal_irrx_receive_pwd_start), (68 bytes).
    Removing hal_irrx.o(i.hal_irrx_receive_rc5), (44 bytes).
    Removing hal_irrx.o(i.hal_irrx_receive_rc5_start), (84 bytes).
    Removing hal_irrx.o(.constdata), (14 bytes).
    Removing hal_irrx.o(.data), (2 bytes).
    Removing hal_pcnt.o(.rev16_text), (4 bytes).
    Removing hal_pcnt.o(.revsh_text), (4 bytes).
    Removing hal_pcnt.o(.rrx_text), (6 bytes).
    Removing hal_pcnt.o(i.hal_pcnt_config), (92 bytes).
    Removing hal_pcnt.o(i.hal_pcnt_read_and_clear), (36 bytes).
    Removing hal_pinmux.o(.rev16_text), (4 bytes).
    Removing hal_pinmux.o(.revsh_text), (4 bytes).
    Removing hal_pinmux.o(.rrx_text), (6 bytes).
    Removing hal_spim.o(.rev16_text), (4 bytes).
    Removing hal_spim.o(.revsh_text), (4 bytes).
    Removing hal_spim.o(.rrx_text), (6 bytes).
    Removing hal_spim.o(i.halSpim_init), (124 bytes).
    Removing hal_spim.o(i.spim_busy_wait), (34 bytes).
    Removing hal_spim.o(i.spim_irqhandler), (28 bytes).
    Removing hal_spim.o(i.spim_isr_Register), (12 bytes).
    Removing hal_spim.o(i.spim_more_buf_trans_gpio), (320 bytes).
    Removing hal_spim.o(.data), (4 bytes).
    Removing hal_sys.o(i.hal_sys_reboot), (64 bytes).
    Removing hal_sys.o(i.hal_sys_reboot_register_callback), (16 bytes).
    Removing hal_sys.o(.data), (4 bytes).
    Removing hal_trng.o(.rev16_text), (4 bytes).
    Removing hal_trng.o(.revsh_text), (4 bytes).
    Removing hal_trng.o(.rrx_text), (6 bytes).
    Removing hal_trng.o(i.hal_trng_deinit), (4 bytes).
    Removing hal_trng.o(i.hal_trng_get_generated_random_number), (92 bytes).
    Removing hal_trng.o(i.hal_trng_init), (4 bytes).
    Removing hal_uid.o(.rev16_text), (4 bytes).
    Removing hal_uid.o(.revsh_text), (4 bytes).
    Removing hal_uid.o(.rrx_text), (6 bytes).
    Removing hal_uid.o(i.hal_uid_read), (58 bytes).
    Removing i2c.o(.rev16_text), (4 bytes).
    Removing i2c.o(.revsh_text), (4 bytes).
    Removing i2c.o(.rrx_text), (6 bytes).
    Removing i2c.o(i.i2c_disable), (140 bytes).
    Removing i2c.o(i.i2c_read), (144 bytes).
    Removing i2c.o(i.i2c_read_write), (192 bytes).
    Removing i2c.o(i.i2c_read_write_via_mcu), (136 bytes).
    Removing i2c.o(i.i2c_write), (148 bytes).
    Removing ir_tx.o(.rev16_text), (4 bytes).
    Removing ir_tx.o(.revsh_text), (4 bytes).
    Removing ir_tx.o(.rrx_text), (6 bytes).
    Removing ir_tx.o(i.ir_tx_configure), (108 bytes).
    Removing ir_tx.o(i.ir_tx_interrupt_clear), (10 bytes).
    Removing ir_tx.o(i.ir_tx_pulse_width_configure), (54 bytes).
    Removing ir_tx.o(i.ir_tx_pulse_width_send), (30 bytes).
    Removing ir_tx.o(i.ir_tx_send), (80 bytes).
    Removing ir_tx.o(.data), (1 bytes).
    Removing low_hal_gpio.o(.rev16_text), (4 bytes).
    Removing low_hal_gpio.o(.revsh_text), (4 bytes).
    Removing low_hal_gpio.o(.rrx_text), (6 bytes).
    Removing low_hal_gpio.o(i.eint_clear_software_trigger), (12 bytes).
    Removing low_hal_gpio.o(i.eint_set_debounce), (28 bytes).
    Removing low_hal_gpio.o(i.eint_set_mask), (12 bytes).
    Removing low_hal_gpio.o(i.eint_set_software_trigger), (12 bytes).
    Removing low_hal_gpio.o(i.eint_set_trigger_mode), (28 bytes).
    Removing low_hal_gpio.o(i.eint_set_unmask), (12 bytes).
    Removing low_hal_gpio.o(i.gpio_GetDriving), (22 bytes).
    Removing low_hal_gpio.o(i.gpio_PullDisable), (34 bytes).
    Removing low_hal_gpio.o(i.gpio_PullDown), (26 bytes).
    Removing low_hal_gpio.o(i.gpio_PullUp), (26 bytes).
    Removing low_hal_gpio.o(i.gpio_SetDriving), (22 bytes).
    Removing low_hal_gpio.o(i.gpio_backup_all_registers), (32 bytes).
    Removing low_hal_gpio.o(i.gpio_int), (42 bytes).
    Removing low_hal_gpio.o(i.gpio_restore_all_registers), (32 bytes).
    Removing low_hal_gpio.o(i.gpio_write), (16 bytes).
    Removing low_hal_gpio.o(.data), (176 bytes).
    Removing low_hal_irrx.o(.rev16_text), (4 bytes).
    Removing low_hal_irrx.o(.revsh_text), (4 bytes).
    Removing low_hal_irrx.o(.rrx_text), (6 bytes).
    Removing low_hal_irrx.o(i.halIrRxClearInterrupt), (16 bytes).
    Removing low_hal_irrx.o(i.halIrRxIsr), (64 bytes).
    Removing low_hal_irrx.o(i.halIrRxPWDRead), (144 bytes).
    Removing low_hal_irrx.o(i.halIrRxPulseWidthDetect), (336 bytes).
    Removing low_hal_irrx.o(i.halIrRxPulseWidthDetect_DVT), (352 bytes).
    Removing low_hal_irrx.o(i.halIrRxRC5), (160 bytes).
    Removing low_hal_irrx.o(i.halIrRxRC5Read), (108 bytes).
    Removing low_hal_irrx.o(i.halIrRxRegisterCallback), (72 bytes).
    Removing low_hal_irrx.o(i.halIrRxReset), (16 bytes).
    Removing low_hal_irrx.o(.data), (16 bytes).
    Removing low_hal_rtc.o(.rev16_text), (4 bytes).
    Removing low_hal_rtc.o(.revsh_text), (4 bytes).
    Removing low_hal_rtc.o(.rrx_text), (6 bytes).
    Removing low_hal_rtc.o(i.halRTCCheckInhibit), (48 bytes).
    Removing low_hal_rtc.o(i.halRTCClearBackup), (24 bytes).
    Removing low_hal_rtc.o(i.halRTCDeInit), (32 bytes).
    Removing low_hal_rtc.o(i.halRTCEnableAlarm), (48 bytes).
    Removing low_hal_rtc.o(i.halRTCEnterMode), (48 bytes).
    Removing low_hal_rtc.o(i.halRTCGetAlarm), (84 bytes).
    Removing low_hal_rtc.o(i.halRTCGetBackup), (228 bytes).
    Removing low_hal_rtc.o(i.halRTCGetTime), (160 bytes).
    Removing low_hal_rtc.o(i.halRTCInit), (92 bytes).
    Removing low_hal_rtc.o(i.halRTCSetAlarm), (72 bytes).
    Removing low_hal_rtc.o(i.halRTCSetBackup), (30 bytes).
    Removing low_hal_rtc.o(i.halRTCSetTime), (84 bytes).
    Removing low_hal_rtc.o(i.halRTCUnlock), (132 bytes).
    Removing low_hal_rtc.o(i.halRTCWriteBackup), (308 bytes).
    Removing low_hal_wdt.o(.rev16_text), (4 bytes).
    Removing low_hal_wdt.o(.revsh_text), (4 bytes).
    Removing low_hal_wdt.o(.rrx_text), (6 bytes).
    Removing low_hal_wdt.o(i.WDT_LISR), (80 bytes).
    Removing low_hal_wdt.o(i.halWDTCRWrite), (20 bytes).
    Removing low_hal_wdt.o(i.halWDTConfig), (256 bytes).
    Removing low_hal_wdt.o(i.halWDTEnable), (48 bytes).
    Removing low_hal_wdt.o(i.halWDTReadInterruptStatus), (12 bytes).
    Removing low_hal_wdt.o(i.halWDTRestart), (24 bytes).
    Removing low_hal_wdt.o(i.halWDTSetTimeout), (48 bytes).
    Removing low_hal_wdt.o(i.halWDTSoftwareReset), (68 bytes).
    Removing nvic.o(.rev16_text), (4 bytes).
    Removing nvic.o(.revsh_text), (4 bytes).
    Removing nvic.o(.rrx_text), (6 bytes).
    Removing nvic.o(i.NVIC_SWInt), (12 bytes).
    Removing nvic.o(i.NVIC_SetupVectorTable), (20 bytes).
    Removing pinmux.o(.rev16_text), (4 bytes).
    Removing pinmux.o(.revsh_text), (4 bytes).
    Removing pinmux.o(.rrx_text), (6 bytes).
    Removing pwm.o(.rev16_text), (4 bytes).
    Removing pwm.o(.revsh_text), (4 bytes).
    Removing pwm.o(.rrx_text), (6 bytes).
    Removing pwm.o(i.pwm_get), (38 bytes).
    Removing pwm.o(i.pwm_init), (36 bytes).
    Removing pwm.o(i.pwm_set), (162 bytes).
    Removing sfc.o(.rev16_text), (4 bytes).
    Removing sfc.o(.revsh_text), (4 bytes).
    Removing sfc.o(.rrx_text), (6 bytes).
    Removing spi_flash.o(.rev16_text), (4 bytes).
    Removing spi_flash.o(.revsh_text), (4 bytes).
    Removing spi_flash.o(.rrx_text), (6 bytes).
    Removing spim.o(.rev16_text), (4 bytes).
    Removing spim.o(.revsh_text), (4 bytes).
    Removing spim.o(.rrx_text), (6 bytes).
    Removing spim.o(i.spim_Lisr), (56 bytes).
    Removing spim.o(i.spim_fill_in_data), (296 bytes).
    Removing spim.o(i.spim_init), (60 bytes).
    Removing spim.o(i.spim_read), (164 bytes).
    Removing spim.o(i.spim_write), (296 bytes).
    Removing spim.o(.data), (20 bytes).
    Removing timer.o(.rev16_text), (4 bytes).
    Removing timer.o(.revsh_text), (4 bytes).
    Removing timer.o(.rrx_text), (6 bytes).
    Removing timer.o(i.TMR_Start), (12 bytes).
    Removing timer.o(i.TMR_Stop), (12 bytes).
    Removing timer.o(i.delay_time_for_gpt4), (32 bytes).
    Removing timer.o(i.delay_us), (32 bytes).
    Removing timer.o(i.drvGPT2Init), (8 bytes).
    Removing timer.o(i.drvGPT4Init), (8 bytes).
    Removing timer.o(i.drvTMR_init), (72 bytes).
    Removing top.o(.rev16_text), (4 bytes).
    Removing top.o(.revsh_text), (4 bytes).
    Removing top.o(.rrx_text), (6 bytes).
    Removing top.o(.ramTEXT), (116 bytes).
    Removing top.o(i.cmnCpuClkConfigureTo160M), (152 bytes).
    Removing top.o(i.cmnCpuClkConfigureTo192M), (152 bytes).
    Removing top.o(i.cmnCpuClkConfigureTo64M), (120 bytes).
    Removing top.o(i.cmnCpuClkConfigureToXtal), (108 bytes).
    Removing top.o(i.cmnPLL1OFF_PLL2OFF), (76 bytes).
    Removing top.o(i.cmnPLL1ON), (80 bytes).
    Removing top.o(i.cmnPLL1ON_PLL2ON), (172 bytes).
    Removing uart.o(.rev16_text), (4 bytes).
    Removing uart.o(.revsh_text), (4 bytes).
    Removing uart.o(.rrx_text), (6 bytes).
    Removing uart.o(i.getc), (12 bytes).
    Removing uart.o(i.getc_nowait), (32 bytes).
    Removing uart.o(i.halUART_Read_VFIFO_Data), (48 bytes).
    Removing uart.o(i.halUART_Rx_VFIFO_Initialize), (72 bytes).
    Removing uart.o(i.halUART_Tx_VFIFO_Initialize), (72 bytes).
    Removing uart.o(i.halUART_VDMA_Rx_Register_Callback), (32 bytes).
    Removing uart.o(i.halUART_VDMA_Rx_Register_TO_Callback), (32 bytes).
    Removing uart.o(i.halUART_Write_VFIFO_Data), (48 bytes).
    Removing uart.o(i.uart_disable_flowcontrol), (40 bytes).
    Removing uart.o(i.uart_input_char), (40 bytes).
    Removing uart.o(i.uart_input_char_unblocking), (44 bytes).
    Removing uart.o(i.uart_interrupt_handler), (72 bytes).
    Removing uart.o(i.uart_mask_send_interrupt), (48 bytes).
    Removing uart.o(i.uart_query_empty), (32 bytes).
    Removing uart.o(i.uart_set_hardware_flowcontrol), (56 bytes).
    Removing uart.o(i.uart_set_software_flowcontrol), (60 bytes).
    Removing uart.o(i.uart_unmask_send_interrupt), (48 bytes).
    Removing hal_log.o(.rev16_text), (4 bytes).
    Removing hal_log.o(.revsh_text), (4 bytes).
    Removing hal_log.o(.rrx_text), (6 bytes).
    Removing hal_log.o(i.log_hal_dump_internal), (52 bytes).
    Removing hal_log.o(i.log_hal_fatal_internal), (48 bytes).
    Removing hal_log.o(i.log_hal_warning_internal), (48 bytes).
    Removing hal_adc.o(.rev16_text), (4 bytes).
    Removing hal_adc.o(.revsh_text), (4 bytes).
    Removing hal_adc.o(.rrx_text), (6 bytes).
    Removing hal_adc.o(i.halADC_COMP_LISR), (2 bytes).
    Removing hal_adc.o(i.halADC_Fifo_Get_Length), (92 bytes).
    Removing hal_adc.o(i.halADC_Fifo_Read_Data), (76 bytes).
    Removing hal_adc.o(i.halADC_Fsm_Disable), (64 bytes).
    Removing hal_adc.o(i.halADC_Fsm_Enable), (4 bytes).
    Removing hal_adc.o(i.halADC_Fsm_Param_Set), (300 bytes).
    Removing hal_adc.o(i.halADC_Get_ADC_Efuse), (72 bytes).
    Removing hal_adc.o(i.halADC_LISR), (2 bytes).
    Removing hal_adc.o(i.halADC_Remove_Data_Offset), (200 bytes).
    Removing hal_adc.o(i.halADC_VDMA_Callback), (2 bytes).
    Removing hal_adc.o(i.hal_adc_deinit), (36 bytes).
    Removing hal_adc.o(i.hal_adc_get_data_polling), (300 bytes).
    Removing hal_adc.o(i.hal_adc_init), (272 bytes).
    Removing hal_adc.o(.bss), (28 bytes).
    Removing hal_adc.o(.data), (3 bytes).
    Removing hal_aes.o(.rev16_text), (4 bytes).
    Removing hal_aes.o(.revsh_text), (4 bytes).
    Removing hal_aes.o(.rrx_text), (6 bytes).
    Removing hal_aes.o(i.aes_operation_done), (36 bytes).
    Removing hal_aes.o(i.do_aes_decrypt), (168 bytes).
    Removing hal_aes.o(i.do_aes_encrypt), (164 bytes).
    Removing hal_aes.o(i.hal_aes_cbc_decrypt), (28 bytes).
    Removing hal_aes.o(i.hal_aes_cbc_encrypt), (28 bytes).
    Removing hal_aes.o(i.hal_aes_decrypt), (464 bytes).
    Removing hal_aes.o(i.hal_aes_ecb_decrypt), (38 bytes).
    Removing hal_aes.o(i.hal_aes_ecb_encrypt), (38 bytes).
    Removing hal_aes.o(i.hal_aes_encrypt_with_padding), (468 bytes).
    Removing hal_aes.o(i.hal_crypt_lock_give), (12 bytes).
    Removing hal_aes.o(i.hal_crypt_lock_take), (48 bytes).
    Removing hal_aes.o(.constdata), (75 bytes).
    Removing hal_aes.o(.conststring), (69 bytes).
    Removing hal_aes.o(.data), (2 bytes).
    Removing hal_cache.o(.rev16_text), (4 bytes).
    Removing hal_cache.o(.revsh_text), (4 bytes).
    Removing hal_cache.o(.rrx_text), (6 bytes).
    Removing hal_cache.o(i.hal_cache_deinit), (96 bytes).
    Removing hal_cache.o(i.hal_cache_init), (132 bytes).
    Removing hal_cache.o(i.hal_cache_is_cacheable), (84 bytes).
    Removing hal_cache.o(i.hal_cache_region_config), (196 bytes).
    Removing hal_cache.o(i.hal_cache_region_disable), (64 bytes).
    Removing hal_cache.o(i.hal_cache_region_enable), (68 bytes).
    Removing hal_cache.o(i.hal_cache_set_size), (60 bytes).
    Removing hal_cache.o(.data), (1 bytes).
    Removing hal_cache_internal.o(.rev16_text), (4 bytes).
    Removing hal_cache_internal.o(.revsh_text), (4 bytes).
    Removing hal_cache_internal.o(.rrx_text), (6 bytes).
    Removing hal_cache_internal.o(.bss), (128 bytes).
    Removing hal_des.o(.rev16_text), (4 bytes).
    Removing hal_des.o(.revsh_text), (4 bytes).
    Removing hal_des.o(.rrx_text), (6 bytes).
    Removing hal_des.o(i.des_operation_done), (36 bytes).
    Removing hal_des.o(i.do_des_decrypt), (168 bytes).
    Removing hal_des.o(i.do_des_encrypt), (164 bytes).
    Removing hal_des.o(i.hal_des_cbc_decrypt), (28 bytes).
    Removing hal_des.o(i.hal_des_cbc_encrypt), (28 bytes).
    Removing hal_des.o(i.hal_des_decrypt), (364 bytes).
    Removing hal_des.o(i.hal_des_ecb_decrypt), (30 bytes).
    Removing hal_des.o(i.hal_des_ecb_encrypt), (30 bytes).
    Removing hal_des.o(i.hal_des_encrypt_with_padding), (468 bytes).
    Removing hal_des.o(.constdata), (75 bytes).
    Removing hal_des.o(.conststring), (69 bytes).
    Removing hal_des.o(.data), (4 bytes).
    Removing hal_eint.o(.rev16_text), (4 bytes).
    Removing hal_eint.o(.revsh_text), (4 bytes).
    Removing hal_eint.o(.rrx_text), (6 bytes).
    Removing hal_eint.o(i.get_index_from_gpio_pin), (44 bytes).
    Removing hal_eint.o(i.hal_eint_apply_config), (216 bytes).
    Removing hal_eint.o(i.hal_eint_calc_debounce_parameters), (118 bytes).
    Removing hal_eint.o(i.hal_eint_clear_software_trigger), (80 bytes).
    Removing hal_eint.o(i.hal_eint_convert_for_gpio), (60 bytes).
    Removing hal_eint.o(i.hal_eint_deinit), (128 bytes).
    Removing hal_eint.o(i.hal_eint_init), (228 bytes).
    Removing hal_eint.o(i.hal_eint_isr), (44 bytes).
    Removing hal_eint.o(i.hal_eint_mask), (92 bytes).
    Removing hal_eint.o(i.hal_eint_register_callback), (152 bytes).
    Removing hal_eint.o(i.hal_eint_set_debounce_count), (96 bytes).
    Removing hal_eint.o(i.hal_eint_set_debounce_time), (112 bytes).
    Removing hal_eint.o(i.hal_eint_set_software_trigger), (80 bytes).
    Removing hal_eint.o(i.hal_eint_set_trigger_mode), (156 bytes).
    Removing hal_eint.o(i.hal_eint_unmask), (92 bytes).
    Removing hal_eint.o(.bss), (460 bytes).
    Removing hal_eint.o(.constdata), (532 bytes).
    Removing hal_nvic.o(.rev16_text), (4 bytes).
    Removing hal_nvic.o(.revsh_text), (4 bytes).
    Removing hal_nvic.o(.rrx_text), (6 bytes).
    Removing hal_nvic.o(i.hal_nvic_clear_pending_irq), (36 bytes).
    Removing hal_nvic.o(i.hal_nvic_get_pending_irq), (56 bytes).
    Removing hal_nvic.o(i.hal_nvic_get_priority), (60 bytes).
    Removing hal_nvic.o(i.hal_nvic_init), (4 bytes).
    Removing hal_nvic.o(i.hal_nvic_restore_interrupt_mask), (14 bytes).
    Removing hal_nvic.o(i.hal_nvic_save_and_set_interrupt_mask), (14 bytes).
    Removing hal_nvic.o(i.hal_nvic_set_pending_irq), (52 bytes).
    Removing hal_dwt.o(.rev16_text), (4 bytes).
    Removing hal_dwt.o(.revsh_text), (4 bytes).
    Removing hal_dwt.o(.rrx_text), (6 bytes).
    Removing hal_nvic_internal.o(.rev16_text), (4 bytes).
    Removing hal_nvic_internal.o(.revsh_text), (4 bytes).
    Removing hal_nvic_internal.o(.rrx_text), (6 bytes).
    Removing hal_nvic_internal.o(i.nvic_clear_all_pending_interrupt), (40 bytes).
    Removing hal_nvic_internal.o(i.nvic_irq_software_trigger), (28 bytes).
    Removing hal_nvic_internal.o(i.nvic_mask_all_interrupt), (52 bytes).
    Removing hal_nvic_internal.o(i.nvic_unmask_all_interrupt), (52 bytes).
    Removing hal_nvic_internal.o(i.software_trigger_irq), (20 bytes).
    Removing hal_flash.o(.rev16_text), (4 bytes).
    Removing hal_flash.o(.revsh_text), (4 bytes).
    Removing hal_flash.o(.rrx_text), (6 bytes).
    Removing hal_flash.o(i.hal_flash_deinit), (4 bytes).
    Removing hal_flash.o(i.hal_flash_erase), (24 bytes).
    Removing hal_flash.o(i.hal_flash_init), (18 bytes).
    Removing hal_flash.o(i.hal_flash_read), (24 bytes).
    Removing hal_flash.o(i.hal_flash_write), (28 bytes).
    Removing hal_gpio.o(.rev16_text), (4 bytes).
    Removing hal_gpio.o(.revsh_text), (4 bytes).
    Removing hal_gpio.o(.rrx_text), (6 bytes).
    Removing hal_gpio.o(i.hal_gpio_deinit), (6 bytes).
    Removing hal_gpio.o(i.hal_gpio_disable_pull), (36 bytes).
    Removing hal_gpio.o(i.hal_gpio_get_direction), (60 bytes).
    Removing hal_gpio.o(i.hal_gpio_get_driving_current), (46 bytes).
    Removing hal_gpio.o(i.hal_gpio_get_output), (52 bytes).
    Removing hal_gpio.o(i.hal_gpio_pull_down), (54 bytes).
    Removing hal_gpio.o(i.hal_gpio_pull_up), (54 bytes).
    Removing hal_gpio.o(i.hal_gpio_set_driving_current), (40 bytes).
    Removing hal_gpio.o(i.hal_gpio_set_output), (40 bytes).
    Removing hal_gpio.o(i.hal_gpio_toggle_pin), (48 bytes).
    Removing hal_i2c_master.o(.rev16_text), (4 bytes).
    Removing hal_i2c_master.o(.revsh_text), (4 bytes).
    Removing hal_i2c_master.o(.rrx_text), (6 bytes).
    Removing hal_i2c_master.o(i.hal_i2c_callback), (316 bytes).
    Removing hal_i2c_master.o(i.hal_i2c_master_deinit), (124 bytes).
    Removing hal_i2c_master.o(i.hal_i2c_master_get_running_status), (34 bytes).
    Removing hal_i2c_master.o(i.hal_i2c_master_receive_dma), (220 bytes).
    Removing hal_i2c_master.o(i.hal_i2c_master_register_callback), (148 bytes).
    Removing hal_i2c_master.o(i.hal_i2c_master_send_dma), (220 bytes).
    Removing hal_i2c_master.o(i.hal_i2c_master_send_to_receive_dma), (268 bytes).
    Removing hal_i2c_master.o(i.hal_i2c_master_send_to_receive_polling), (352 bytes).
    Removing hal_i2c_master.o(i.hal_i2c_master_set_frequency), (168 bytes).
    Removing hal_i2s.o(.rev16_text), (4 bytes).
    Removing hal_i2s.o(.revsh_text), (4 bytes).
    Removing hal_i2s.o(.rrx_text), (6 bytes).
    Removing hal_i2s.o(i.hal_i2s_deinit), (56 bytes).
    Removing hal_i2s.o(i.hal_i2s_disable_audio_top), (28 bytes).
    Removing hal_i2s.o(i.hal_i2s_disable_rx), (132 bytes).
    Removing hal_i2s.o(i.hal_i2s_disable_rx_dma_interrupt), (24 bytes).
    Removing hal_i2s.o(i.hal_i2s_disable_tx), (136 bytes).
    Removing hal_i2s.o(i.hal_i2s_disable_tx_dma_interrupt), (24 bytes).
    Removing hal_i2s.o(i.hal_i2s_enable_audio_top), (28 bytes).
    Removing hal_i2s.o(i.hal_i2s_enable_rx), (196 bytes).
    Removing hal_i2s.o(i.hal_i2s_enable_rx_dma_interrupt), (40 bytes).
    Removing hal_i2s.o(i.hal_i2s_enable_tx), (196 bytes).
    Removing hal_i2s.o(i.hal_i2s_enable_tx_dma_interrupt), (36 bytes).
    Removing hal_i2s.o(i.hal_i2s_get_config), (24 bytes).
    Removing hal_i2s.o(i.hal_i2s_get_rx_sample_count), (14 bytes).
    Removing hal_i2s.o(i.hal_i2s_get_tx_sample_count), (36 bytes).
    Removing hal_i2s.o(i.hal_i2s_init), (128 bytes).
    Removing hal_i2s.o(i.hal_i2s_register_rx_vfifo_callback), (44 bytes).
    Removing hal_i2s.o(i.hal_i2s_register_tx_vfifo_callback), (44 bytes).
    Removing hal_i2s.o(i.hal_i2s_rx_read), (16 bytes).
    Removing hal_i2s.o(i.hal_i2s_set_config), (472 bytes).
    Removing hal_i2s.o(i.hal_i2s_setup_rx_vfifo), (144 bytes).
    Removing hal_i2s.o(i.hal_i2s_setup_tx_vfifo), (144 bytes).
    Removing hal_i2s.o(i.hal_i2s_stop_rx_vfifo), (24 bytes).
    Removing hal_i2s.o(i.hal_i2s_stop_tx_vfifo), (24 bytes).
    Removing hal_i2s.o(i.hal_i2s_tx_write), (12 bytes).
    Removing hal_i2s.o(i.i2s_dma_callback), (40 bytes).
    Removing hal_i2s.o(i.i2s_enter_resume), (76 bytes).
    Removing hal_i2s.o(i.i2s_enter_suspend), (2 bytes).
    Removing hal_i2s.o(i.i2s_is_sample_rate), (152 bytes).
    Removing hal_i2s.o(i.i2s_query_tx_vfifo_empty), (56 bytes).
    Removing hal_i2s.o(i.i2x_rx_handler), (10 bytes).
    Removing hal_i2s.o(i.i2x_tx_handler), (10 bytes).
    Removing hal_i2s.o(.bss), (140 bytes).
    Removing hal_i2s.o(.constdata), (139 bytes).
    Removing hal_i2s.o(.data), (1 bytes).
    Removing hal_irtx.o(.rev16_text), (4 bytes).
    Removing hal_irtx.o(.revsh_text), (4 bytes).
    Removing hal_irtx.o(.rrx_text), (6 bytes).
    Removing hal_irtx.o(i.hal_irtx_build_double_word), (112 bytes).
    Removing hal_irtx.o(i.hal_irtx_check_valid_data), (128 bytes).
    Removing hal_irtx.o(i.hal_irtx_configure_pulse_data_carrier), (20 bytes).
    Removing hal_irtx.o(i.hal_irtx_deinit), (28 bytes).
    Removing hal_irtx.o(i.hal_irtx_do_send_data), (164 bytes).
    Removing hal_irtx.o(i.hal_irtx_get_running_status), (28 bytes).
    Removing hal_irtx.o(i.hal_irtx_init), (124 bytes).
    Removing hal_irtx.o(i.hal_irtx_interrupt_handle), (48 bytes).
    Removing hal_irtx.o(i.hal_irtx_register_pulse_data_callback), (44 bytes).
    Removing hal_irtx.o(i.hal_irtx_revert_bit_order), (36 bytes).
    Removing hal_irtx.o(i.hal_irtx_send_nec_data), (42 bytes).
    Removing hal_irtx.o(i.hal_irtx_send_pulse_data), (52 bytes).
    Removing hal_irtx.o(i.hal_irtx_send_rc5_data), (42 bytes).
    Removing hal_irtx.o(i.hal_irtx_send_rc6_data), (42 bytes).
    Removing hal_irtx.o(i.hal_irtx_translate_repeat_code), (12 bytes).
    Removing hal_irtx.o(i.hal_irtx_translate_user_data), (34 bytes).
    Removing hal_irtx.o(.constdata), (62 bytes).
    Removing hal_irtx.o(.data), (13 bytes).
    Removing hal_gdma.o(.rev16_text), (4 bytes).
    Removing hal_gdma.o(.revsh_text), (4 bytes).
    Removing hal_gdma.o(.rrx_text), (6 bytes).
    Removing hal_gdma.o(i.hal_gdma1_callback), (24 bytes).
    Removing hal_gdma.o(i.hal_gdma2_callback), (24 bytes).
    Removing hal_gdma.o(i.hal_gdma_calc_size), (62 bytes).
    Removing hal_gdma.o(i.hal_gdma_deinit), (96 bytes).
    Removing hal_gdma.o(i.hal_gdma_get_running_status), (160 bytes).
    Removing hal_gdma.o(i.hal_gdma_init), (200 bytes).
    Removing hal_gdma.o(i.hal_gdma_is_channel_vaild), (14 bytes).
    Removing hal_gdma.o(i.hal_gdma_register_callback), (80 bytes).
    Removing hal_gdma.o(i.hal_gdma_start_interrupt), (272 bytes).
    Removing hal_gdma.o(i.hal_gdma_start_polling), (340 bytes).
    Removing hal_gdma.o(i.hal_gdma_stop), (84 bytes).
    Removing hal_gdma.o(.bss), (16 bytes).
    Removing hal_gdma.o(.constdata), (147 bytes).
    Removing hal_gdma.o(.conststring), (14 bytes).
    Removing hal_gdma.o(.data), (12 bytes).
    Removing hal_gpt.o(.rev16_text), (4 bytes).
    Removing hal_gpt.o(.revsh_text), (4 bytes).
    Removing hal_gpt.o(.rrx_text), (6 bytes).
    Removing hal_gpt.o(i.hal_gpt_callback0), (28 bytes).
    Removing hal_gpt.o(i.hal_gpt_callback1), (28 bytes).
    Removing hal_gpt.o(i.hal_gpt_deinit), (140 bytes).
    Removing hal_gpt.o(i.hal_gpt_delay_us), (40 bytes).
    Removing hal_gpt.o(i.hal_gpt_get_running_status), (100 bytes).
    Removing hal_gpt.o(i.hal_gpt_init), (104 bytes).
    Removing hal_gpt.o(i.hal_gpt_is_port_valid), (18 bytes).
    Removing hal_gpt.o(i.hal_gpt_map_callback), (20 bytes).
    Removing hal_gpt.o(i.hal_gpt_register_callback), (140 bytes).
    Removing hal_gpt.o(i.hal_gpt_start_timer_ms), (188 bytes).
    Removing hal_gpt.o(i.hal_gpt_stop_timer), (112 bytes).
    Removing hal_gpt.o(i.hal_gpt_translate_timeout_time), (44 bytes).
    Removing hal_gpt.o(i.hal_gpt_translate_type), (12 bytes).
    Removing hal_md5.o(.rev16_text), (4 bytes).
    Removing hal_md5.o(.revsh_text), (4 bytes).
    Removing hal_md5.o(.rrx_text), (6 bytes).
    Removing hal_md5.o(i.hal_md5_append), (108 bytes).
    Removing hal_md5.o(i.hal_md5_end), (112 bytes).
    Removing hal_md5.o(i.hal_md5_init), (64 bytes).
    Removing hal_md5.o(.constdata), (40 bytes).
    Removing hal_pwm.o(.rev16_text), (4 bytes).
    Removing hal_pwm.o(.revsh_text), (4 bytes).
    Removing hal_pwm.o(.rrx_text), (6 bytes).
    Removing hal_pwm.o(i.hal_pwm_calc_total_count), (120 bytes).
    Removing hal_pwm.o(i.hal_pwm_deinit), (24 bytes).
    Removing hal_pwm.o(i.hal_pwm_get_duty_cycle), (208 bytes).
    Removing hal_pwm.o(i.hal_pwm_get_frequency), (116 bytes).
    Removing hal_pwm.o(i.hal_pwm_get_running_status), (96 bytes).
    Removing hal_pwm.o(i.hal_pwm_init), (196 bytes).
    Removing hal_pwm.o(i.hal_pwm_is_channel_valid), (14 bytes).
    Removing hal_pwm.o(i.hal_pwm_set_duty_cycle), (292 bytes).
    Removing hal_pwm.o(i.hal_pwm_set_frequency), (304 bytes).
    Removing hal_pwm.o(i.hal_pwm_start), (176 bytes).
    Removing hal_pwm.o(i.hal_pwm_stop), (176 bytes).
    Removing hal_pwm.o(i.hal_pwm_translate_source_clock), (20 bytes).
    Removing hal_pwm.o(.constdata), (206 bytes).
    Removing hal_pwm.o(.data), (8 bytes).
    Removing hal_rtc.o(.rev16_text), (4 bytes).
    Removing hal_rtc.o(.revsh_text), (4 bytes).
    Removing hal_rtc.o(.rrx_text), (6 bytes).
    Removing hal_rtc.o(i.hal_rtc_clear_data), (30 bytes).
    Removing hal_rtc.o(i.hal_rtc_deinit), (22 bytes).
    Removing hal_rtc.o(i.hal_rtc_disable_alarm), (24 bytes).
    Removing hal_rtc.o(i.hal_rtc_enable_alarm), (24 bytes).
    Removing hal_rtc.o(i.hal_rtc_get_alarm), (42 bytes).
    Removing hal_rtc.o(i.hal_rtc_get_data), (38 bytes).
    Removing hal_rtc.o(i.hal_rtc_get_f32k_frequency), (128 bytes).
    Removing hal_rtc.o(i.hal_rtc_get_time), (42 bytes).
    Removing hal_rtc.o(i.hal_rtc_init), (22 bytes).
    Removing hal_rtc.o(i.hal_rtc_isr), (48 bytes).
    Removing hal_rtc.o(i.hal_rtc_set_alarm), (72 bytes).
    Removing hal_rtc.o(i.hal_rtc_set_alarm_callback), (52 bytes).
    Removing hal_rtc.o(i.hal_rtc_set_data), (38 bytes).
    Removing hal_rtc.o(i.hal_rtc_set_time), (62 bytes).
    Removing hal_rtc.o(i.hal_rtc_sleep), (64 bytes).
    Removing hal_rtc.o(i.hal_rtc_time_sanity), (66 bytes).
    Removing hal_rtc.o(.data), (12 bytes).
    Removing hal_sha.o(.rev16_text), (4 bytes).
    Removing hal_sha.o(.revsh_text), (4 bytes).
    Removing hal_sha.o(.rrx_text), (6 bytes).
    Removing hal_sha.o(i.hal_sha1_append), (148 bytes).
    Removing hal_sha.o(i.hal_sha1_end), (30 bytes).
    Removing hal_sha.o(i.hal_sha1_init), (26 bytes).
    Removing hal_sha.o(i.hal_sha224_append), (148 bytes).
    Removing hal_sha.o(i.hal_sha224_end), (30 bytes).
    Removing hal_sha.o(i.hal_sha224_init), (26 bytes).
    Removing hal_sha.o(i.hal_sha256_append), (148 bytes).
    Removing hal_sha.o(i.hal_sha256_end), (30 bytes).
    Removing hal_sha.o(i.hal_sha256_init), (26 bytes).
    Removing hal_sha.o(i.hal_sha384_append), (148 bytes).
    Removing hal_sha.o(i.hal_sha384_end), (30 bytes).
    Removing hal_sha.o(i.hal_sha384_init), (26 bytes).
    Removing hal_sha.o(i.hal_sha512_append), (152 bytes).
    Removing hal_sha.o(i.hal_sha512_end), (30 bytes).
    Removing hal_sha.o(i.hal_sha512_init), (26 bytes).
    Removing hal_sha.o(.constdata), (88 bytes).
    Removing hal_spi_master.o(.rev16_text), (4 bytes).
    Removing hal_spi_master.o(.revsh_text), (4 bytes).
    Removing hal_spi_master.o(.rrx_text), (6 bytes).
    Removing hal_spi_master.o(i.hal_spi_build_op_addr), (38 bytes).
    Removing hal_spi_master.o(i.hal_spi_master_build_settings), (48 bytes).
    Removing hal_spi_master.o(i.hal_spi_master_calc_divisor), (16 bytes).
    Removing hal_spi_master.o(i.hal_spi_master_deinit), (60 bytes).
    Removing hal_spi_master.o(i.hal_spi_master_get_running_status), (54 bytes).
    Removing hal_spi_master.o(i.hal_spi_master_init), (192 bytes).
    Removing hal_spi_master.o(i.hal_spi_master_is_master_port_valid), (14 bytes).
    Removing hal_spi_master.o(i.hal_spi_master_map_cs_pin), (212 bytes).
    Removing hal_spi_master.o(i.hal_spi_master_send_and_receive_polling), (180 bytes).
    Removing hal_spi_master.o(i.hal_spi_master_send_polling), (120 bytes).
    Removing hal_spi_master.o(.constdata), (26 bytes).
    Removing hal_spi_master.o(.conststring), (6 bytes).
    Removing hal_spi_master.o(.data), (18 bytes).
    Removing hal_spi_slave.o(.rev16_text), (4 bytes).
    Removing hal_spi_slave.o(.revsh_text), (4 bytes).
    Removing hal_spi_slave.o(.rrx_text), (6 bytes).
    Removing hal_spi_slave.o(i.hal_spi_slave_init), (132 bytes).
    Removing hal_spi_slave.o(i.hal_spi_slave_isr), (36 bytes).
    Removing hal_spi_slave.o(i.hal_spi_slave_register_callback), (72 bytes).
    Removing hal_spi_slave.o(i.is_slave_config), (42 bytes).
    Removing hal_spi_slave.o(.data), (8 bytes).
    Removing hal_uart.o(.rev16_text), (4 bytes).
    Removing hal_uart.o(.revsh_text), (4 bytes).
    Removing hal_uart.o(.rrx_text), (6 bytes).
    Removing hal_uart.o(i.hal_uart_deinit), (140 bytes).
    Removing hal_uart.o(i.hal_uart_disable_flowcontrol), (46 bytes).
    Removing hal_uart.o(i.hal_uart_get_available_send_space), (40 bytes).
    Removing hal_uart.o(i.hal_uart_get_char), (38 bytes).
    Removing hal_uart.o(i.hal_uart_get_char_unblocking), (38 bytes).
    Removing hal_uart.o(i.hal_uart_is_dma_config_valid), (76 bytes).
    Removing hal_uart.o(i.hal_uart_map_receive_callback), (16 bytes).
    Removing hal_uart.o(i.hal_uart_receive_dma), (108 bytes).
    Removing hal_uart.o(i.hal_uart_receive_polling), (68 bytes).
    Removing hal_uart.o(i.hal_uart_register_callback), (228 bytes).
    Removing hal_uart.o(i.hal_uart_send_callback0), (48 bytes).
    Removing hal_uart.o(i.hal_uart_send_callback1), (48 bytes).
    Removing hal_uart.o(i.hal_uart_send_dma), (172 bytes).
    Removing hal_uart.o(i.hal_uart_send_polling), (68 bytes).
    Removing hal_uart.o(i.hal_uart_set_baudrate), (60 bytes).
    Removing hal_uart.o(i.hal_uart_set_dma), (140 bytes).
    Removing hal_uart.o(i.hal_uart_set_dma_timeout), (60 bytes).
    Removing hal_uart.o(i.hal_uart_set_hardware_flowcontrol), (46 bytes).
    Removing hal_uart.o(i.hal_uart_set_software_flowcontrol), (62 bytes).
    Removing hal_uart.o(i.hal_uart_translate_timeout), (24 bytes).
    Removing hal_uart.o(i.uart_send_handler), (100 bytes).
    Removing hal_audio_internal_service.o(i.ring_buffer_get_data_byte_count), (26 bytes).
    Removing hal_audio_internal_service.o(i.ring_buffer_get_read_information), (72 bytes).
    Removing hal_audio_internal_service.o(i.ring_buffer_get_space_byte_count), (16 bytes).
    Removing hal_audio_internal_service.o(i.ring_buffer_get_write_information), (72 bytes).
    Removing hal_audio_internal_service.o(i.ring_buffer_read_done), (24 bytes).
    Removing hal_audio_internal_service.o(i.ring_buffer_write_done), (24 bytes).
    Removing hal_wdt.o(.rev16_text), (4 bytes).
    Removing hal_wdt.o(.revsh_text), (4 bytes).
    Removing hal_wdt.o(.rrx_text), (6 bytes).
    Removing hal_wdt.o(i.hal_wdt_deinit), (20 bytes).
    Removing hal_wdt.o(i.hal_wdt_disable), (44 bytes).
    Removing hal_wdt.o(i.hal_wdt_enable), (44 bytes).
    Removing hal_wdt.o(i.hal_wdt_feed), (40 bytes).
    Removing hal_wdt.o(i.hal_wdt_get_enable_status), (12 bytes).
    Removing hal_wdt.o(i.hal_wdt_get_mode), (12 bytes).
    Removing hal_wdt.o(i.hal_wdt_get_reset_status), (32 bytes).
    Removing hal_wdt.o(i.hal_wdt_init), (76 bytes).
    Removing hal_wdt.o(i.hal_wdt_isr), (24 bytes).
    Removing hal_wdt.o(i.hal_wdt_register_callback), (44 bytes).
    Removing hal_wdt.o(i.hal_wdt_software_reset), (10 bytes).
    Removing hal_wdt.o(.data), (6 bytes).
    Removing hal_misc.o(.rev16_text), (4 bytes).
    Removing hal_misc.o(.revsh_text), (4 bytes).
    Removing hal_misc.o(.rrx_text), (6 bytes).
    Removing hal_misc.o(i.default_bt_driver_restore_btif), (2 bytes).
    Removing hal_misc.o(i.hal_module_sleep_register_callback), (36 bytes).
    Removing tasks.o(.rev16_text), (4 bytes).
    Removing tasks.o(.revsh_text), (4 bytes).
    Removing tasks.o(.rrx_text), (6 bytes).
    Removing tasks.o(i.eTaskGetState), (180 bytes).
    Removing tasks.o(i.pcTaskGetTaskName), (100 bytes).
    Removing tasks.o(i.prvAllocateTCBAndStack), (66 bytes).
    Removing tasks.o(i.prvCheckTasksWaitingTermination), (100 bytes).
    Removing tasks.o(i.prvDeleteTCB), (18 bytes).
    Removing tasks.o(i.prvIdleTask), (40 bytes).
    Removing tasks.o(i.prvInitialiseTCBVariables), (98 bytes).
    Removing tasks.o(i.prvInitialiseTaskLists), (104 bytes).
    Removing tasks.o(i.prvListTaskWithinSingleList), (176 bytes).
    Removing tasks.o(i.prvTaskCheckFreeStackSpace), (22 bytes).
    Removing tasks.o(i.prvTaskIsTaskSuspended), (140 bytes).
    Removing tasks.o(i.prvWriteNameToBuffer), (42 bytes).
    Removing tasks.o(i.pvTaskIncrementMutexHeldCount), (32 bytes).
    Removing tasks.o(i.ulTaskNotifyTake), (196 bytes).
    Removing tasks.o(i.uxTaskGetNumberOfTasks), (12 bytes).
    Removing tasks.o(i.uxTaskGetStackHighWaterMark), (40 bytes).
    Removing tasks.o(i.uxTaskGetSystemState), (156 bytes).
    Removing tasks.o(i.uxTaskGetTaskNumber), (14 bytes).
    Removing tasks.o(i.uxTaskPriorityGet), (36 bytes).
    Removing tasks.o(i.uxTaskPriorityGetFromISR), (68 bytes).
    Removing tasks.o(i.uxTaskResetEventItemValue), (28 bytes).
    Removing tasks.o(i.vTaskDelay), (212 bytes).
    Removing tasks.o(i.vTaskDelayUntil), (344 bytes).
    Removing tasks.o(i.vTaskDelete), (296 bytes).
    Removing tasks.o(i.vTaskEndScheduler), (36 bytes).
    Removing tasks.o(i.vTaskList), (200 bytes).
    Removing tasks.o(i.vTaskNotifyGiveFromISR), (340 bytes).
    Removing tasks.o(i.vTaskPlaceOnEventListRestricted), (156 bytes).
    Removing tasks.o(i.vTaskPlaceOnUnorderedEventList), (252 bytes).
    Removing tasks.o(i.vTaskPriorityInherit), (176 bytes).
    Removing tasks.o(i.vTaskPrioritySet), (364 bytes).
    Removing tasks.o(i.vTaskResume), (204 bytes).
    Removing tasks.o(i.vTaskSetTaskNumber), (8 bytes).
    Removing tasks.o(i.vTaskStartScheduler), (176 bytes).
    Removing tasks.o(i.vTaskSuspend), (300 bytes).
    Removing tasks.o(i.xTaskGenericCreate), (412 bytes).
    Removing tasks.o(i.xTaskGetCurrentTaskHandle), (12 bytes).
    Removing tasks.o(i.xTaskGetTickCount), (12 bytes).
    Removing tasks.o(i.xTaskGetTickCountFromISR), (20 bytes).
    Removing tasks.o(i.xTaskNotify), (356 bytes).
    Removing tasks.o(i.xTaskNotifyFromISR), (408 bytes).
    Removing tasks.o(i.xTaskNotifyWait), (228 bytes).
    Removing tasks.o(i.xTaskRemoveFromUnorderedEventList), (256 bytes).
    Removing tasks.o(i.xTaskResumeFromISR), (240 bytes).
    Removing list.o(.rev16_text), (4 bytes).
    Removing list.o(.revsh_text), (4 bytes).
    Removing list.o(.rrx_text), (6 bytes).
    Removing list.o(i.vListInitialise), (26 bytes).
    Removing list.o(i.vListInitialiseItem), (6 bytes).
    Removing queue.o(.rev16_text), (4 bytes).
    Removing queue.o(.revsh_text), (4 bytes).
    Removing queue.o(.rrx_text), (6 bytes).
    Removing queue.o(i.prvCopyDataFromQueue), (42 bytes).
    Removing queue.o(i.prvIsQueueEmpty), (26 bytes).
    Removing queue.o(i.ucQueueGetQueueType), (8 bytes).
    Removing queue.o(i.uxQueueGetQueueNumber), (6 bytes).
    Removing queue.o(i.uxQueueMessagesWaiting), (92 bytes).
    Removing queue.o(i.uxQueueMessagesWaitingFromISR), (84 bytes).
    Removing queue.o(i.uxQueueSpacesAvailable), (100 bytes).
    Removing queue.o(i.vQueueAddToRegistry), (44 bytes).
    Removing queue.o(i.vQueueDelete), (96 bytes).
    Removing queue.o(i.vQueueSetQueueNumber), (4 bytes).
    Removing queue.o(i.vQueueUnregisterQueue), (44 bytes).
    Removing queue.o(i.vQueueWaitForMessageRestricted), (58 bytes).
    Removing queue.o(i.xQueueCreateCountingSemaphore), (196 bytes).
    Removing queue.o(i.xQueueCreateMutex), (156 bytes).
    Removing queue.o(i.xQueueGenericCreate), (216 bytes).
    Removing queue.o(i.xQueueGenericReceive), (468 bytes).
    Removing queue.o(i.xQueueGenericReset), (200 bytes).
    Removing queue.o(i.xQueueGiveFromISR), (244 bytes).
    Removing queue.o(i.xQueueGiveMutexRecursive), (124 bytes).
    Removing queue.o(i.xQueueIsQueueEmptyFromISR), (92 bytes).
    Removing queue.o(i.xQueueIsQueueFullFromISR), (96 bytes).
    Removing queue.o(i.xQueuePeekFromISR), (240 bytes).
    Removing queue.o(i.xQueueReceiveFromISR), (232 bytes).
    Removing queue.o(i.xQueueTakeMutexRecursive), (136 bytes).
    Removing queue.o(.bss), (64 bytes).
    Removing timers.o(.rev16_text), (4 bytes).
    Removing timers.o(.revsh_text), (4 bytes).
    Removing timers.o(.rrx_text), (6 bytes).
    Removing timers.o(i.pcTimerGetTimerName), (8 bytes).
    Removing timers.o(i.prvCheckForValidListAndQueue), (184 bytes).
    Removing timers.o(i.prvGetNextExpireTime), (40 bytes).
    Removing timers.o(i.prvInsertTimerInActiveList), (88 bytes).
    Removing timers.o(i.prvProcessExpiredTimer), (152 bytes).
    Removing timers.o(i.prvProcessReceivedCommands), (328 bytes).
    Removing timers.o(i.prvProcessTimerOrBlockTask), (92 bytes).
    Removing timers.o(i.prvSampleTimeNow), (44 bytes).
    Removing timers.o(i.prvSwitchTimerLists), (208 bytes).
    Removing timers.o(i.prvTimerTask), (26 bytes).
    Removing timers.o(i.pvTimerGetTimerID), (8 bytes).
    Removing timers.o(i.xTimerCreate), (164 bytes).
    Removing timers.o(i.xTimerCreateTimerTask), (140 bytes).
    Removing timers.o(i.xTimerGenericCommand), (108 bytes).
    Removing timers.o(i.xTimerIsTimerActive), (32 bytes).
    Removing timers.o(.bss), (40 bytes).
    Removing timers.o(.data), (16 bytes).
    Removing event_groups.o(.rev16_text), (4 bytes).
    Removing event_groups.o(.revsh_text), (4 bytes).
    Removing event_groups.o(.rrx_text), (6 bytes).
    Removing event_groups.o(i.prvTestWaitCondition), (30 bytes).
    Removing event_groups.o(i.uxEventGroupGetNumber), (14 bytes).
    Removing event_groups.o(i.vEventGroupClearBitsCallback), (16 bytes).
    Removing event_groups.o(i.vEventGroupDelete), (136 bytes).
    Removing event_groups.o(i.vEventGroupSetBitsCallback), (16 bytes).
    Removing event_groups.o(i.xEventGroupClearBits), (200 bytes).
    Removing event_groups.o(i.xEventGroupCreate), (26 bytes).
    Removing event_groups.o(i.xEventGroupGetBitsFromISR), (44 bytes).
    Removing event_groups.o(i.xEventGroupSetBits), (316 bytes).
    Removing event_groups.o(i.xEventGroupSync), (380 bytes).
    Removing event_groups.o(i.xEventGroupWaitBits), (460 bytes).
    Removing event_groups.o(.conststring), (184 bytes).
    Removing port.o(.rev16_text), (4 bytes).
    Removing port.o(.revsh_text), (4 bytes).
    Removing port.o(.rrx_text), (6 bytes).
    Removing port.o(i.prvTaskExitError), (88 bytes).
    Removing port.o(i.pxPortInitialiseStack), (40 bytes).
    Removing port.o(i.vPortEndScheduler), (72 bytes).
    Removing port.o(i.xPortStartScheduler), (180 bytes).
    Removing heap_4.o(.rev16_text), (4 bytes).
    Removing heap_4.o(.revsh_text), (4 bytes).
    Removing heap_4.o(.rrx_text), (6 bytes).
    Removing heap_4.o(i.$Sub$$calloc), (16 bytes).
    Removing heap_4.o(i.$Sub$$free), (12 bytes).
    Removing heap_4.o(i.$Sub$$malloc), (12 bytes).
    Removing heap_4.o(i.$Sub$$realloc), (16 bytes).
    Removing heap_4.o(i.pvPortCalloc), (32 bytes).
    Removing heap_4.o(i.pvPortMallocNC), (12 bytes).
    Removing heap_4.o(i.pvPortRealloc), (240 bytes).
    Removing heap_4.o(i.vPortFreeNC), (12 bytes).
    Removing heap_4.o(i.vPortInitialiseBlocks), (2 bytes).
    Removing heap_4.o(i.xPortGetFreeHeapSize), (12 bytes).
    Removing heap_4.o(i.xPortGetMinimumEverFreeHeapSize), (12 bytes).
    Removing port_tick.o(.rev16_text), (4 bytes).
    Removing port_tick.o(.revsh_text), (4 bytes).
    Removing port_tick.o(.rrx_text), (6 bytes).
    Removing port_tick.o(i.vPortSetupTimerInterrupt), (32 bytes).
    Removing context_info_save.o(i.context_info_save), (276 bytes).
    Removing context_info_save.o(i.nvdm_read_data_item), (10 bytes).
    Removing context_info_save.o(i.nvdm_write_data_item), (12 bytes).
    Removing context_info_save.o(.data), (1 bytes).
    Removing exception_handler.o(.rev16_text), (4 bytes).
    Removing exception_handler.o(.revsh_text), (4 bytes).
    Removing exception_handler.o(.rrx_text), (6 bytes).
    Removing exception_handler.o(i.abort), (32 bytes).
    Removing exception_handler.o(i.exception_dump_config), (12 bytes).
    Removing exception_handler.o(i.exception_register_callbacks), (108 bytes).
    Removing os_port_callback.o(.rev16_text), (4 bytes).
    Removing os_port_callback.o(.revsh_text), (4 bytes).
    Removing os_port_callback.o(.rrx_text), (6 bytes).
    Removing os_trace_callback.o(.rev16_text), (4 bytes).
    Removing os_trace_callback.o(.revsh_text), (4 bytes).
    Removing os_trace_callback.o(.rrx_text), (6 bytes).
    Removing os_trace_callback.o(i.vTraceTaskSwitchIn), (40 bytes).
    Removing syslog.o(.rev16_text), (4 bytes).
    Removing syslog.o(.revsh_text), (4 bytes).
    Removing syslog.o(.rrx_text), (6 bytes).
    Removing syslog.o(i.__wrap_printf), (76 bytes).
    Removing syslog.o(i.buffer_pool_init), (20 bytes).
    Removing syslog.o(i.log_init), (224 bytes).
    Removing syslog.o(i.log_putchar), (20 bytes).
    Removing syslog.o(i.log_queue_create), (84 bytes).
    Removing syslog.o(i.log_queue_receive), (40 bytes).
    Removing syslog.o(i.log_switch_to_str), (132 bytes).
    Removing syslog.o(i.log_uart_init), (64 bytes).
    Removing syslog.o(i.print_hex_dump), (160 bytes).
    Removing syslog.o(i.print_level_to_str), (144 bytes).
    Removing syslog.o(i.print_normal_log), (112 bytes).
    Removing syslog.o(i.process_log_message), (116 bytes).
    Removing syslog.o(i.sort_syslog_buffer), (80 bytes).
    Removing syslog.o(i.str_to_log_switch), (44 bytes).
    Removing syslog.o(i.str_to_print_level), (44 bytes).
    Removing syslog.o(i.syslog_at_set_filter), (144 bytes).
    Removing syslog.o(i.syslog_buffer_dump), (128 bytes).
    Removing syslog.o(i.syslog_convert_filter_str2val), (254 bytes).
    Removing syslog.o(i.syslog_convert_filter_val2str), (204 bytes).
    Removing syslog.o(i.syslog_exception_cb), (8 bytes).
    Removing syslog.o(i.syslog_get_a_string), (46 bytes).
    Removing syslog.o(i.syslog_get_config), (16 bytes).
    Removing syslog.o(i.syslog_get_index_from_module_name), (48 bytes).
    Removing syslog.o(i.syslog_set_filter), (180 bytes).
    Removing syslog.o(i.syslog_task_entry), (52 bytes).
    Removing syslog_cli.o(.rev16_text), (4 bytes).
    Removing syslog_cli.o(.revsh_text), (4 bytes).
    Removing syslog_cli.o(.rrx_text), (6 bytes).
    Removing syslog_cli.o(i.syslog_cli_set_filter), (292 bytes).
    Removing syslog_cli.o(i.syslog_cli_show_config), (164 bytes).
    Removing toi.o(i._toi_detect), (98 bytes).
    Removing toi.o(i.toi), (262 bytes).
    Removing toi.o(i.tov), (22 bytes).
    Removing sys_init.o(.rev16_text), (4 bytes).
    Removing sys_init.o(.revsh_text), (4 bytes).
    Removing sys_init.o(.rrx_text), (6 bytes).
    Removing sys_init.o(i.SystemClock_Config), (16 bytes).
    Removing sys_init.o(i._main_sys_random_init), (80 bytes).
    Removing sys_init.o(i.cache_enable), (92 bytes).
    Removing sys_init.o(i.prvSetupHardware), (24 bytes).
    Removing sys_init.o(i.system_init), (20 bytes).
    Removing sys_init.o(.constdata), (30 bytes).
    Removing system_mt7687.o(.rev16_text), (4 bytes).
    Removing system_mt7687.o(.revsh_text), (4 bytes).
    Removing system_mt7687.o(.rrx_text), (6 bytes).
    Removing regions_init.o(.rev16_text), (4 bytes).
    Removing regions_init.o(.revsh_text), (4 bytes).
    Removing regions_init.o(.rrx_text), (6 bytes).
    Removing ept_gpio_var.o(.constdata), (17 bytes).
    Removing ept_eint_var.o(.constdata), (4 bytes).
    Removing main.o(.rev16_text), (4 bytes).
    Removing main.o(.revsh_text), (4 bytes).
    Removing main.o(.rrx_text), (6 bytes).
    Removing hal_efuse.o(i.SYSefuse_Read16Bytes), (84 bytes).
    Removing hal_efuse.o(i.hal_efuse_read), (116 bytes).
    Removing hal_efuse.o(i.hal_efuse_write), (28 bytes).
    Removing hal_sleep_manager.o(.rev16_text), (4 bytes).
    Removing hal_sleep_manager.o(.revsh_text), (4 bytes).
    Removing hal_sleep_manager.o(.rrx_text), (6 bytes).
    Removing hal_sleep_manager.o(i.hal_sleep_manager_enter_sleep_mode), (256 bytes).
    Removing hal_sleep_manager.o(i.hal_sleep_manager_get_lock_status), (4 bytes).
    Removing hal_sleep_manager.o(i.hal_sleep_manager_init), (56 bytes).
    Removing hal_sleep_manager.o(i.hal_sleep_manager_is_sleep_handle_alive), (4 bytes).
    Removing hal_sleep_manager.o(i.hal_sleep_manager_is_sleep_locked), (4 bytes).
    Removing hal_sleep_manager.o(i.hal_sleep_manager_release_sleep_handle), (104 bytes).
    Removing hal_sleep_manager.o(i.hal_sleep_manager_set_sleep_time), (176 bytes).
    Removing hal_sleep_manager.o(i.hal_sleep_manager_sleep_driver_dump_handle_name), (4 bytes).
    Removing hal_sleep_manager.o(i.sleep_GPT_CB), (16 bytes).
    Removing hal_sleep_manager.o(.constdata), (39 bytes).
    Removing hal_sleep_manager.o(.data), (12 bytes).
    Removing hal_sleep_manager.o(.data), (1 bytes).
    Removing hal_sleep_driver.o(.rev16_text), (4 bytes).
    Removing hal_sleep_driver.o(.revsh_text), (4 bytes).
    Removing hal_sleep_driver.o(.rrx_text), (6 bytes).
    Removing hal_sleep_driver.o(i.sleep_driver_init), (44 bytes).
    Removing hal_sleep_driver.o(i.sleepdrv_check_sleep_locks), (32 bytes).
    Removing hal_sleep_driver.o(i.sleepdrv_get_handle_status), (24 bytes).
    Removing hal_sleep_driver.o(i.sleepdrv_get_lock_index), (12 bytes).
    Removing hal_sleep_driver.o(i.sleepdrv_get_lock_module), (84 bytes).
    Removing hal_sleep_driver.o(i.sleepdrv_get_sleep_mode), (12 bytes).
    Removing hal_sleep_driver.o(i.sleepdrv_register_callback), (2 bytes).
    Removing hal_sleep_driver.o(i.sleepdrv_register_resume_cb), (112 bytes).
    Removing hal_sleep_driver.o(i.sleepdrv_register_suspend_cb), (112 bytes).
    Removing hal_sleep_driver.o(i.sleepdrv_release_handle), (40 bytes).
    Removing hal_sleep_driver.o(i.sleepdrv_run_resume_cbs), (60 bytes).
    Removing hal_sleep_driver.o(i.sleepdrv_run_suspend_cbs), (60 bytes).
    Removing hal_sleep_driver.o(i.sleepdrv_set_sleep_mode), (12 bytes).
    Removing crypt_aes.o(.rev16_text), (4 bytes).
    Removing crypt_aes.o(.revsh_text), (4 bytes).
    Removing crypt_aes.o(.rrx_text), (6 bytes).
    Removing crypt_aes.o(i.aes_configure), (36 bytes).
    Removing crypt_aes.o(i.aes_iv_assign), (26 bytes).
    Removing crypt_aes.o(i.aes_key_assign), (52 bytes).
    Removing crypt_aes.o(i.aes_operate), (168 bytes).
    Removing crypt_aes.o(i.aes_set_key), (32 bytes).
    Removing crypt_aes.o(.bss), (56 bytes).
    Removing crypt_des.o(.rev16_text), (4 bytes).
    Removing crypt_des.o(.revsh_text), (4 bytes).
    Removing crypt_des.o(.rrx_text), (6 bytes).
    Removing crypt_des.o(i.des_configure), (36 bytes).
    Removing crypt_des.o(i.des_iv_assign), (26 bytes).
    Removing crypt_des.o(i.des_key_assign), (52 bytes).
    Removing crypt_des.o(i.des_operate), (168 bytes).
    Removing crypt_des.o(i.des_set_key), (32 bytes).
    Removing crypt_des.o(.bss), (52 bytes).
    Removing crypt_md5.o(.rev16_text), (4 bytes).
    Removing crypt_md5.o(.revsh_text), (4 bytes).
    Removing crypt_md5.o(.rrx_text), (6 bytes).
    Removing crypt_md5.o(i.crypt_md5), (50 bytes).
    Removing crypt_md5.o(i.crypt_md5_append), (142 bytes).
    Removing crypt_md5.o(i.crypt_md5_end), (82 bytes).
    Removing crypt_md5.o(i.crypt_md5_hash), (252 bytes).
    Removing crypt_md5.o(i.crypt_md5_init), (40 bytes).
    Removing crypt_md5.o(.bss), (272 bytes).
    Removing crypt_md5.o(.constdata), (16 bytes).
    Removing crypt_sha.o(.rev16_text), (4 bytes).
    Removing crypt_sha.o(.revsh_text), (4 bytes).
    Removing crypt_sha.o(.rrx_text), (6 bytes).
    Removing crypt_sha.o(i.crypt_sha_append), (182 bytes).
    Removing crypt_sha.o(i.crypt_sha_end), (254 bytes).
    Removing crypt_sha.o(i.crypt_sha_hash), (424 bytes).
    Removing crypt_sha.o(i.crypt_sha_init), (108 bytes).
    Removing crypt_sha.o(.bss), (320 bytes).
    Removing crypt_sha.o(.constdata), (212 bytes).
    Removing nvdm_main.o(i.calculate_total_avail_space), (108 bytes).
    Removing nvdm_main.o(i.find_free_peb), (128 bytes).
    Removing nvdm_main.o(i.garbage_collection_peb), (1008 bytes).
    Removing nvdm_main.o(i.garbage_reclaim_pebs), (168 bytes).
    Removing nvdm_main.o(i.nvdm_init), (220 bytes).
    Removing nvdm_main.o(i.peb_activing), (68 bytes).
    Removing nvdm_main.o(i.peb_add_drity), (24 bytes).
    Removing nvdm_main.o(i.peb_add_free), (24 bytes).
    Removing nvdm_main.o(i.peb_header_is_validate), (56 bytes).
    Removing nvdm_main.o(i.peb_header_print_info), (172 bytes).
    Removing nvdm_main.o(i.peb_print_info), (208 bytes).
    Removing nvdm_main.o(i.peb_read_data), (84 bytes).
    Removing nvdm_main.o(i.peb_read_header), (60 bytes).
    Removing nvdm_main.o(i.peb_reclaim), (100 bytes).
    Removing nvdm_main.o(i.peb_scan), (1392 bytes).
    Removing nvdm_main.o(i.peb_sub_free), (24 bytes).
    Removing nvdm_main.o(i.peb_update_status), (44 bytes).
    Removing nvdm_main.o(i.peb_write_data), (208 bytes).
    Removing nvdm_main.o(i.peb_write_hdr_erase_count), (40 bytes).
    Removing nvdm_main.o(i.peb_write_hdr_magic_number), (48 bytes).
    Removing nvdm_main.o(i.peb_write_hdr_peb_reserved), (48 bytes).
    Removing nvdm_main.o(i.peb_write_hdr_version), (48 bytes).
    Removing nvdm_main.o(i.relocate_pebs), (448 bytes).
    Removing nvdm_main.o(i.space_allocation), (64 bytes).
    Removing nvdm_main.o(i.space_is_enough), (100 bytes).
    Removing nvdm_main.o(i.space_sub_valid), (60 bytes).
    Removing nvdm_main.o(.conststring), (149 bytes).
    Removing nvdm_main.o(.data), (24 bytes).
    Removing hal_sec.o(i.halSecAES), (66 bytes).
    Removing hal_sec.o(i.halSecAESConfig), (312 bytes).
    Removing hal_sec.o(i.halSecAES_DMA_Buff), (90 bytes).
    Removing hal_sec.o(i.halSecAES_DMA_Buff_Dest), (90 bytes).
    Removing hal_sec.o(i.halSecCryptoKick), (16 bytes).
    Removing hal_sec.o(i.halSecDES), (66 bytes).
    Removing hal_sec.o(i.halSecDESConfig), (236 bytes).
    Removing hal_sec.o(i.halSecDMA1Config), (44 bytes).
    Removing hal_sec.o(i.halSecDMA2Config), (36 bytes).
    Removing hal_sec.o(i.halSecSetAESDESKeyBank), (40 bytes).
    Removing nvdm_data.o(i.calculate_checksum), (42 bytes).
    Removing nvdm_data.o(i.calculate_data_item_checksum), (172 bytes).
    Removing nvdm_data.o(i.data_item_delete), (92 bytes).
    Removing nvdm_data.o(i.data_item_header_print_info), (300 bytes).
    Removing nvdm_data.o(i.data_item_init), (196 bytes).
    Removing nvdm_data.o(i.data_item_scan), (812 bytes).
    Removing nvdm_data.o(i.data_migration), (132 bytes).
    Removing nvdm_data.o(i.date_item_migration), (480 bytes).
    Removing nvdm_data.o(i.nvdm_delete_all), (112 bytes).
    Removing nvdm_data.o(i.nvdm_delete_data_item), (148 bytes).
    Removing nvdm_data.o(i.nvdm_delete_group), (168 bytes).
    Removing nvdm_data.o(i.nvdm_query_begin), (328 bytes).
    Removing nvdm_data.o(i.nvdm_query_end), (76 bytes).
    Removing nvdm_data.o(i.nvdm_query_next_data_item_name), (160 bytes).
    Removing nvdm_data.o(i.nvdm_query_next_group_name), (140 bytes).
    Removing nvdm_data.o(i.nvdm_read_data_item), (396 bytes).
    Removing nvdm_data.o(i.nvdm_write_data_item), (1032 bytes).
    Removing nvdm_data.o(i.search_data_item_by_name), (264 bytes).
    Removing nvdm_data.o(.bss), (128 bytes).
    Removing nvdm_data.o(.data), (56 bytes).
    Removing nvdm_io.o(i.compare_buffer), (30 bytes).
    Removing nvdm_io.o(i.peb_erase), (116 bytes).
    Removing nvdm_io.o(i.peb_io_read), (22 bytes).
    Removing nvdm_io.o(i.peb_io_write), (244 bytes).
    Removing nvdm_io.o(.bss), (128 bytes).
    Removing dneg.o(.text), (6 bytes).
    Removing cdcmple.o(.text), (48 bytes).

1064 unused section(s) (total 84729 bytes) removed from the image.
