<!doctype html public "-//w3c//dtd html 4.0 transitional//en">
<html><head>
<title>Static Call Graph - [..\..\..\..\..\out_keil\mt7687_hdk\adc_get_data_polling\Objects\adc_get_data_polling.axf]</title></head>
<body><HR>
<H1>Static Call Graph for image ..\..\..\..\..\out_keil\mt7687_hdk\adc_get_data_polling\Objects\adc_get_data_polling.axf</H1><HR>
<BR><P>#&#060CALLGRAPH&#062# ARM Linker, 5060528: Last Updated: Wed Sep 26 14:11:28 2018
<BR><P>
<H3>Maximum Stack Usage =        200 bytes + Unknown(Cycles, Untraceable Function Pointers)</H3><H3>
Call chain for Maximum Stack Depth:</H3>
main &rArr; hal_uart_init &rArr; hal_uart_set_format &rArr; halUART_SetFormat
<P>
<H3>
Mutually Recursive functions
</H3> <LI><a href="#[d]">NMI_Handler</a>&nbsp;&nbsp;&nbsp;&rArr;&nbsp;&nbsp;&nbsp;<a href="#[d]">NMI_Handler</a><BR>
 <LI><a href="#[e]">HardFault_Handler</a>&nbsp;&nbsp;&nbsp;&rArr;&nbsp;&nbsp;&nbsp;<a href="#[e]">HardFault_Handler</a><BR>
 <LI><a href="#[f]">MemManage_Handler</a>&nbsp;&nbsp;&nbsp;&rArr;&nbsp;&nbsp;&nbsp;<a href="#[f]">MemManage_Handler</a><BR>
 <LI><a href="#[10]">BusFault_Handler</a>&nbsp;&nbsp;&nbsp;&rArr;&nbsp;&nbsp;&nbsp;<a href="#[10]">BusFault_Handler</a><BR>
 <LI><a href="#[11]">UsageFault_Handler</a>&nbsp;&nbsp;&nbsp;&rArr;&nbsp;&nbsp;&nbsp;<a href="#[11]">UsageFault_Handler</a><BR>
 <LI><a href="#[12]">SVC_Handler</a>&nbsp;&nbsp;&nbsp;&rArr;&nbsp;&nbsp;&nbsp;<a href="#[12]">SVC_Handler</a><BR>
 <LI><a href="#[13]">DebugMon_Handler</a>&nbsp;&nbsp;&nbsp;&rArr;&nbsp;&nbsp;&nbsp;<a href="#[13]">DebugMon_Handler</a><BR>
 <LI><a href="#[14]">PendSV_Handler</a>&nbsp;&nbsp;&nbsp;&rArr;&nbsp;&nbsp;&nbsp;<a href="#[14]">PendSV_Handler</a><BR>
 <LI><a href="#[15]">SysTick_Handler</a>&nbsp;&nbsp;&nbsp;&rArr;&nbsp;&nbsp;&nbsp;<a href="#[15]">SysTick_Handler</a><BR>
 <LI><a href="#[17]">DMA_ERROR_LISR</a>&nbsp;&nbsp;&nbsp;&rArr;&nbsp;&nbsp;&nbsp;<a href="#[17]">DMA_ERROR_LISR</a><BR>
</UL>
<P>
<H3>
Function Pointers
</H3><UL>
 <LI><a href="#[10]">BusFault_Handler</a> from startup_mt7687.o(.reset_handler) referenced from startup_mt7687.o(.isr_vector)
 <LI><a href="#[1]">CachePreInit</a> from system_mt7687.o(i.CachePreInit) referenced from startup_mt7687.o(.reset_handler)
 <LI><a href="#[17]">DMA_ERROR_LISR</a> from dma.o(i.DMA_ERROR_LISR) referenced 3 times from dma.o(.data)
 <LI><a href="#[5]">DMA_LISR</a> from dma.o(i.DMA_LISR) referenced from dma.o(i.DMA_Init)
 <LI><a href="#[13]">DebugMon_Handler</a> from startup_mt7687.o(.reset_handler) referenced from startup_mt7687.o(.isr_vector)
 <LI><a href="#[6]">GPT_INT_Handler</a> from gpt.o(i.GPT_INT_Handler) referenced from gpt.o(i.GPT_init)
 <LI><a href="#[e]">HardFault_Handler</a> from startup_mt7687.o(.reset_handler) referenced from startup_mt7687.o(.isr_vector)
 <LI><a href="#[f]">MemManage_Handler</a> from startup_mt7687.o(.reset_handler) referenced from startup_mt7687.o(.isr_vector)
 <LI><a href="#[d]">NMI_Handler</a> from startup_mt7687.o(.reset_handler) referenced from startup_mt7687.o(.isr_vector)
 <LI><a href="#[14]">PendSV_Handler</a> from startup_mt7687.o(.reset_handler) referenced from startup_mt7687.o(.isr_vector)
 <LI><a href="#[18]">Reset_Handler</a> from startup_mt7687.o(.reset_handler) referenced from startup_mt7687.o(.isr_vector)
 <LI><a href="#[12]">SVC_Handler</a> from startup_mt7687.o(.reset_handler) referenced from startup_mt7687.o(.isr_vector)
 <LI><a href="#[15]">SysTick_Handler</a> from startup_mt7687.o(.reset_handler) referenced from startup_mt7687.o(.isr_vector)
 <LI><a href="#[2]">SystemInit</a> from system_mt7687.o(i.SystemInit) referenced from startup_mt7687.o(.reset_handler)
 <LI><a href="#[11]">UsageFault_Handler</a> from startup_mt7687.o(.reset_handler) referenced from startup_mt7687.o(.isr_vector)
 <LI><a href="#[3]">__main</a> from entry.o(.ARM.Collect$$$$00000000) referenced from startup_mt7687.o(.reset_handler)
 <LI><a href="#[7]">fputc</a> from main.o(i.fputc) referenced from printfa.o(i.__0printf)
 <LI><a href="#[7]">fputc</a> from main.o(i.fputc) referenced from printfa.o(i.__0vprintf)
 <LI><a href="#[9]">halADC_LISR</a> from hal_adc.o(i.halADC_LISR) referenced from hal_adc.o(i.halADC_Fsm_Param_Set)
 <LI><a href="#[8]">halADC_VDMA_Callback</a> from hal_adc.o(i.halADC_VDMA_Callback) referenced from hal_adc.o(i.halADC_Fsm_Param_Set)
 <LI><a href="#[a]">hal_uart_receive_callback0</a> from hal_uart.o(i.hal_uart_receive_callback0) referenced from hal_uart.o(.constdata)
 <LI><a href="#[b]">hal_uart_receive_callback1</a> from hal_uart.o(i.hal_uart_receive_callback1) referenced from hal_uart.o(.constdata)
 <LI><a href="#[16]">isrC_main</a> from hal_nvic.o(.ramTEXT) referenced 96 times from startup_mt7687.o(.isr_vector)
 <LI><a href="#[4]">main</a> from main.o(i.main) referenced from entry9a.o(.ARM.Collect$$$$0000000B)
</UL>
<P>
<H3>
Global Symbols
</H3>
<P><STRONG><a name="[5d]"></a>save_and_set_interrupt_mask</STRONG> (Thumb, 8 bytes, Stack size 0 bytes, nvic.o(.ramTEXT))
<BR><BR>[Called By]<UL><LI><a href="#[30]">&gt;&gt;</a>&nbsp;&nbsp;&nbsp;hal_nvic_register_isr_handler (via Veneer)
<LI><a href="#[46]">&gt;&gt;</a>&nbsp;&nbsp;&nbsp;hal_adc_init (via Veneer)
<LI><a href="#[63]">&gt;&gt;</a>&nbsp;&nbsp;&nbsp;hal_nvic_save_and_set_interrupt_mask (via Veneer)
</UL>

<P><STRONG><a name="[5e]"></a>restore_interrupt_mask</STRONG> (Thumb, 6 bytes, Stack size 0 bytes, nvic.o(.ramTEXT))
<BR><BR>[Called By]<UL><LI><a href="#[30]">&gt;&gt;</a>&nbsp;&nbsp;&nbsp;hal_nvic_register_isr_handler (via Veneer)
<LI><a href="#[46]">&gt;&gt;</a>&nbsp;&nbsp;&nbsp;hal_adc_init (via Veneer)
<LI><a href="#[62]">&gt;&gt;</a>&nbsp;&nbsp;&nbsp;hal_nvic_restore_interrupt_mask (via Veneer)
</UL>

<P><STRONG><a name="[16]"></a>isrC_main</STRONG> (Thumb, 68 bytes, Stack size 8 bytes, hal_nvic.o(.ramTEXT))
<BR><BR>[Stack]<UL><LI>Max Depth = 40<LI>Call Chain = isrC_main &rArr; log_hal_error_internal &rArr; hal_nvic_save_and_set_interrupt_mask
</UL>
<BR>[Calls]<UL><LI><a href="#[19]">&gt;&gt;</a>&nbsp;&nbsp;&nbsp;log_hal_error_internal (via Veneer)
</UL>
<BR>[Address Reference Count : 1]<UL><LI> startup_mt7687.o(.isr_vector)
</UL>
<P><STRONG><a name="[18]"></a>Reset_Handler</STRONG> (Thumb, 28 bytes, Stack size 0 bytes, startup_mt7687.o(.reset_handler))

<P><STRONG><a name="[d]"></a>NMI_Handler</STRONG> (Thumb, 2 bytes, Stack size 0 bytes, startup_mt7687.o(.reset_handler))
<BR><BR>[Calls]<UL><LI><a href="#[d]">&gt;&gt;</a>&nbsp;&nbsp;&nbsp;NMI_Handler
</UL>
<BR>[Called By]<UL><LI><a href="#[d]">&gt;&gt;</a>&nbsp;&nbsp;&nbsp;NMI_Handler
</UL>
<BR>[Address Reference Count : 1]<UL><LI> startup_mt7687.o(.isr_vector)
</UL>
<P><STRONG><a name="[e]"></a>HardFault_Handler</STRONG> (Thumb, 2 bytes, Stack size 0 bytes, startup_mt7687.o(.reset_handler))
<BR><BR>[Calls]<UL><LI><a href="#[e]">&gt;&gt;</a>&nbsp;&nbsp;&nbsp;HardFault_Handler
</UL>
<BR>[Called By]<UL><LI><a href="#[e]">&gt;&gt;</a>&nbsp;&nbsp;&nbsp;HardFault_Handler
</UL>
<BR>[Address Reference Count : 1]<UL><LI> startup_mt7687.o(.isr_vector)
</UL>
<P><STRONG><a name="[f]"></a>MemManage_Handler</STRONG> (Thumb, 2 bytes, Stack size 0 bytes, startup_mt7687.o(.reset_handler))
<BR><BR>[Calls]<UL><LI><a href="#[f]">&gt;&gt;</a>&nbsp;&nbsp;&nbsp;MemManage_Handler
</UL>
<BR>[Called By]<UL><LI><a href="#[f]">&gt;&gt;</a>&nbsp;&nbsp;&nbsp;MemManage_Handler
</UL>
<BR>[Address Reference Count : 1]<UL><LI> startup_mt7687.o(.isr_vector)
</UL>
<P><STRONG><a name="[10]"></a>BusFault_Handler</STRONG> (Thumb, 2 bytes, Stack size 0 bytes, startup_mt7687.o(.reset_handler))
<BR><BR>[Calls]<UL><LI><a href="#[10]">&gt;&gt;</a>&nbsp;&nbsp;&nbsp;BusFault_Handler
</UL>
<BR>[Called By]<UL><LI><a href="#[10]">&gt;&gt;</a>&nbsp;&nbsp;&nbsp;BusFault_Handler
</UL>
<BR>[Address Reference Count : 1]<UL><LI> startup_mt7687.o(.isr_vector)
</UL>
<P><STRONG><a name="[11]"></a>UsageFault_Handler</STRONG> (Thumb, 2 bytes, Stack size 0 bytes, startup_mt7687.o(.reset_handler))
<BR><BR>[Calls]<UL><LI><a href="#[11]">&gt;&gt;</a>&nbsp;&nbsp;&nbsp;UsageFault_Handler
</UL>
<BR>[Called By]<UL><LI><a href="#[11]">&gt;&gt;</a>&nbsp;&nbsp;&nbsp;UsageFault_Handler
</UL>
<BR>[Address Reference Count : 1]<UL><LI> startup_mt7687.o(.isr_vector)
</UL>
<P><STRONG><a name="[12]"></a>SVC_Handler</STRONG> (Thumb, 2 bytes, Stack size 0 bytes, startup_mt7687.o(.reset_handler))
<BR><BR>[Calls]<UL><LI><a href="#[12]">&gt;&gt;</a>&nbsp;&nbsp;&nbsp;SVC_Handler
</UL>
<BR>[Called By]<UL><LI><a href="#[12]">&gt;&gt;</a>&nbsp;&nbsp;&nbsp;SVC_Handler
</UL>
<BR>[Address Reference Count : 1]<UL><LI> startup_mt7687.o(.isr_vector)
</UL>
<P><STRONG><a name="[13]"></a>DebugMon_Handler</STRONG> (Thumb, 2 bytes, Stack size 0 bytes, startup_mt7687.o(.reset_handler))
<BR><BR>[Calls]<UL><LI><a href="#[13]">&gt;&gt;</a>&nbsp;&nbsp;&nbsp;DebugMon_Handler
</UL>
<BR>[Called By]<UL><LI><a href="#[13]">&gt;&gt;</a>&nbsp;&nbsp;&nbsp;DebugMon_Handler
</UL>
<BR>[Address Reference Count : 1]<UL><LI> startup_mt7687.o(.isr_vector)
</UL>
<P><STRONG><a name="[14]"></a>PendSV_Handler</STRONG> (Thumb, 2 bytes, Stack size 0 bytes, startup_mt7687.o(.reset_handler))
<BR><BR>[Calls]<UL><LI><a href="#[14]">&gt;&gt;</a>&nbsp;&nbsp;&nbsp;PendSV_Handler
</UL>
<BR>[Called By]<UL><LI><a href="#[14]">&gt;&gt;</a>&nbsp;&nbsp;&nbsp;PendSV_Handler
</UL>
<BR>[Address Reference Count : 1]<UL><LI> startup_mt7687.o(.isr_vector)
</UL>
<P><STRONG><a name="[15]"></a>SysTick_Handler</STRONG> (Thumb, 2 bytes, Stack size 0 bytes, startup_mt7687.o(.reset_handler))
<BR><BR>[Calls]<UL><LI><a href="#[15]">&gt;&gt;</a>&nbsp;&nbsp;&nbsp;SysTick_Handler
</UL>
<BR>[Called By]<UL><LI><a href="#[15]">&gt;&gt;</a>&nbsp;&nbsp;&nbsp;SysTick_Handler
</UL>
<BR>[Address Reference Count : 1]<UL><LI> startup_mt7687.o(.isr_vector)
</UL>
<P><STRONG><a name="[3]"></a>__main</STRONG> (Thumb, 0 bytes, Stack size unknown bytes, entry.o(.ARM.Collect$$$$00000000))
<BR>[Address Reference Count : 1]<UL><LI> startup_mt7687.o(.reset_handler)
</UL>
<P><STRONG><a name="[74]"></a>_main_stk</STRONG> (Thumb, 0 bytes, Stack size unknown bytes, entry2.o(.ARM.Collect$$$$00000001))

<P><STRONG><a name="[1a]"></a>_main_scatterload</STRONG> (Thumb, 0 bytes, Stack size unknown bytes, entry5.o(.ARM.Collect$$$$00000004))
<BR><BR>[Calls]<UL><LI><a href="#[1b]">&gt;&gt;</a>&nbsp;&nbsp;&nbsp;__scatterload
</UL>

<P><STRONG><a name="[2b]"></a>__main_after_scatterload</STRONG> (Thumb, 0 bytes, Stack size unknown bytes, entry5.o(.ARM.Collect$$$$00000004))
<BR><BR>[Called By]<UL><LI><a href="#[1b]">&gt;&gt;</a>&nbsp;&nbsp;&nbsp;__scatterload
</UL>

<P><STRONG><a name="[75]"></a>_main_clock</STRONG> (Thumb, 0 bytes, Stack size unknown bytes, entry7b.o(.ARM.Collect$$$$00000008))

<P><STRONG><a name="[76]"></a>_main_cpp_init</STRONG> (Thumb, 0 bytes, Stack size unknown bytes, entry8b.o(.ARM.Collect$$$$0000000A))

<P><STRONG><a name="[77]"></a>_main_init</STRONG> (Thumb, 0 bytes, Stack size unknown bytes, entry9a.o(.ARM.Collect$$$$0000000B))

<P><STRONG><a name="[78]"></a>__rt_final_cpp</STRONG> (Thumb, 0 bytes, Stack size unknown bytes, entry10a.o(.ARM.Collect$$$$0000000D))

<P><STRONG><a name="[79]"></a>__rt_final_exit</STRONG> (Thumb, 0 bytes, Stack size unknown bytes, entry11a.o(.ARM.Collect$$$$0000000F))

<P><STRONG><a name="[7a]"></a>__aeabi_memcpy</STRONG> (Thumb, 36 bytes, Stack size 0 bytes, memcpya.o(.text), UNUSED)

<P><STRONG><a name="[57]"></a>__aeabi_memcpy4</STRONG> (Thumb, 0 bytes, Stack size 0 bytes, memcpya.o(.text))
<BR><BR>[Called By]<UL><LI><a href="#[56]">&gt;&gt;</a>&nbsp;&nbsp;&nbsp;halUART_SetFormat
<LI><a href="#[6f]">&gt;&gt;</a>&nbsp;&nbsp;&nbsp;hal_uart_set_format
</UL>

<P><STRONG><a name="[7b]"></a>__aeabi_memcpy8</STRONG> (Thumb, 0 bytes, Stack size 0 bytes, memcpya.o(.text), UNUSED)

<P><STRONG><a name="[1d]"></a>__aeabi_memset</STRONG> (Thumb, 14 bytes, Stack size 0 bytes, memseta.o(.text), UNUSED)
<BR><BR>[Called By]<UL><LI><a href="#[1e]">&gt;&gt;</a>&nbsp;&nbsp;&nbsp;_memset$wrapper
<LI><a href="#[1c]">&gt;&gt;</a>&nbsp;&nbsp;&nbsp;__aeabi_memclr
</UL>

<P><STRONG><a name="[7c]"></a>__aeabi_memset4</STRONG> (Thumb, 0 bytes, Stack size 0 bytes, memseta.o(.text), UNUSED)

<P><STRONG><a name="[7d]"></a>__aeabi_memset8</STRONG> (Thumb, 0 bytes, Stack size 0 bytes, memseta.o(.text), UNUSED)

<P><STRONG><a name="[1c]"></a>__aeabi_memclr</STRONG> (Thumb, 4 bytes, Stack size 0 bytes, memseta.o(.text), UNUSED)
<BR><BR>[Calls]<UL><LI><a href="#[1d]">&gt;&gt;</a>&nbsp;&nbsp;&nbsp;__aeabi_memset
</UL>

<P><STRONG><a name="[5c]"></a>__aeabi_memclr4</STRONG> (Thumb, 0 bytes, Stack size 0 bytes, memseta.o(.text))
<BR><BR>[Called By]<UL><LI><a href="#[6c]">&gt;&gt;</a>&nbsp;&nbsp;&nbsp;hal_uart_init
<LI><a href="#[46]">&gt;&gt;</a>&nbsp;&nbsp;&nbsp;hal_adc_init
</UL>

<P><STRONG><a name="[7e]"></a>__aeabi_memclr8</STRONG> (Thumb, 0 bytes, Stack size 0 bytes, memseta.o(.text), UNUSED)

<P><STRONG><a name="[1e]"></a>_memset$wrapper</STRONG> (Thumb, 18 bytes, Stack size 8 bytes, memseta.o(.text), UNUSED)
<BR><BR>[Calls]<UL><LI><a href="#[1d]">&gt;&gt;</a>&nbsp;&nbsp;&nbsp;__aeabi_memset
</UL>

<P><STRONG><a name="[7f]"></a>__aeabi_uidiv</STRONG> (Thumb, 0 bytes, Stack size 12 bytes, uidiv.o(.text), UNUSED)

<P><STRONG><a name="[44]"></a>__aeabi_uidivmod</STRONG> (Thumb, 44 bytes, Stack size 12 bytes, uidiv.o(.text), UNUSED)
<BR><BR>[Called By]<UL><LI><a href="#[3e]">&gt;&gt;</a>&nbsp;&nbsp;&nbsp;_printf_core
</UL>

<P><STRONG><a name="[1f]"></a>__aeabi_uldivmod</STRONG> (Thumb, 98 bytes, Stack size 40 bytes, uldiv.o(.text), UNUSED)
<BR><BR>[Calls]<UL><LI><a href="#[20]">&gt;&gt;</a>&nbsp;&nbsp;&nbsp;__aeabi_llsr
<LI><a href="#[21]">&gt;&gt;</a>&nbsp;&nbsp;&nbsp;__aeabi_llsl
</UL>
<BR>[Called By]<UL><LI><a href="#[3e]">&gt;&gt;</a>&nbsp;&nbsp;&nbsp;_printf_core
<LI><a href="#[40]">&gt;&gt;</a>&nbsp;&nbsp;&nbsp;_fp_digits
</UL>

<P><STRONG><a name="[80]"></a>__I$use$fp</STRONG> (Thumb, 0 bytes, Stack size 48 bytes, iusefp.o(.text), UNUSED)

<P><STRONG><a name="[22]"></a>__aeabi_dadd</STRONG> (Thumb, 322 bytes, Stack size 48 bytes, dadd.o(.text), UNUSED)
<BR><BR>[Calls]<UL><LI><a href="#[23]">&gt;&gt;</a>&nbsp;&nbsp;&nbsp;__aeabi_lasr
<LI><a href="#[21]">&gt;&gt;</a>&nbsp;&nbsp;&nbsp;__aeabi_llsl
<LI><a href="#[25]">&gt;&gt;</a>&nbsp;&nbsp;&nbsp;_double_round
<LI><a href="#[24]">&gt;&gt;</a>&nbsp;&nbsp;&nbsp;_double_epilogue
</UL>
<BR>[Called By]<UL><LI><a href="#[27]">&gt;&gt;</a>&nbsp;&nbsp;&nbsp;__aeabi_drsub
<LI><a href="#[26]">&gt;&gt;</a>&nbsp;&nbsp;&nbsp;__aeabi_dsub
<LI><a href="#[40]">&gt;&gt;</a>&nbsp;&nbsp;&nbsp;_fp_digits
</UL>

<P><STRONG><a name="[26]"></a>__aeabi_dsub</STRONG> (Thumb, 6 bytes, Stack size 0 bytes, dadd.o(.text), UNUSED)
<BR><BR>[Calls]<UL><LI><a href="#[22]">&gt;&gt;</a>&nbsp;&nbsp;&nbsp;__aeabi_dadd
</UL>

<P><STRONG><a name="[27]"></a>__aeabi_drsub</STRONG> (Thumb, 6 bytes, Stack size 0 bytes, dadd.o(.text), UNUSED)
<BR><BR>[Calls]<UL><LI><a href="#[22]">&gt;&gt;</a>&nbsp;&nbsp;&nbsp;__aeabi_dadd
</UL>

<P><STRONG><a name="[28]"></a>__aeabi_dmul</STRONG> (Thumb, 228 bytes, Stack size 48 bytes, dmul.o(.text), UNUSED)
<BR><BR>[Calls]<UL><LI><a href="#[24]">&gt;&gt;</a>&nbsp;&nbsp;&nbsp;_double_epilogue
</UL>
<BR>[Called By]<UL><LI><a href="#[40]">&gt;&gt;</a>&nbsp;&nbsp;&nbsp;_fp_digits
</UL>

<P><STRONG><a name="[29]"></a>__aeabi_ddiv</STRONG> (Thumb, 222 bytes, Stack size 32 bytes, ddiv.o(.text), UNUSED)
<BR><BR>[Calls]<UL><LI><a href="#[25]">&gt;&gt;</a>&nbsp;&nbsp;&nbsp;_double_round
</UL>
<BR>[Called By]<UL><LI><a href="#[40]">&gt;&gt;</a>&nbsp;&nbsp;&nbsp;_fp_digits
</UL>

<P><STRONG><a name="[2a]"></a>__aeabi_d2ulz</STRONG> (Thumb, 48 bytes, Stack size 0 bytes, dfixul.o(.text), UNUSED)
<BR><BR>[Calls]<UL><LI><a href="#[20]">&gt;&gt;</a>&nbsp;&nbsp;&nbsp;__aeabi_llsr
<LI><a href="#[21]">&gt;&gt;</a>&nbsp;&nbsp;&nbsp;__aeabi_llsl
</UL>
<BR>[Called By]<UL><LI><a href="#[40]">&gt;&gt;</a>&nbsp;&nbsp;&nbsp;_fp_digits
</UL>

<P><STRONG><a name="[41]"></a>__aeabi_cdrcmple</STRONG> (Thumb, 48 bytes, Stack size 0 bytes, cdrcmple.o(.text), UNUSED)
<BR><BR>[Called By]<UL><LI><a href="#[40]">&gt;&gt;</a>&nbsp;&nbsp;&nbsp;_fp_digits
</UL>

<P><STRONG><a name="[1b]"></a>__scatterload</STRONG> (Thumb, 28 bytes, Stack size 0 bytes, init.o(.text))
<BR><BR>[Calls]<UL><LI><a href="#[2b]">&gt;&gt;</a>&nbsp;&nbsp;&nbsp;__main_after_scatterload
</UL>
<BR>[Called By]<UL><LI><a href="#[1a]">&gt;&gt;</a>&nbsp;&nbsp;&nbsp;_main_scatterload
</UL>

<P><STRONG><a name="[81]"></a>__scatterload_rt2</STRONG> (Thumb, 0 bytes, Stack size 0 bytes, init.o(.text), UNUSED)

<P><STRONG><a name="[21]"></a>__aeabi_llsl</STRONG> (Thumb, 30 bytes, Stack size 0 bytes, llshl.o(.text), UNUSED)
<BR><BR>[Called By]<UL><LI><a href="#[24]">&gt;&gt;</a>&nbsp;&nbsp;&nbsp;_double_epilogue
<LI><a href="#[1f]">&gt;&gt;</a>&nbsp;&nbsp;&nbsp;__aeabi_uldivmod
<LI><a href="#[22]">&gt;&gt;</a>&nbsp;&nbsp;&nbsp;__aeabi_dadd
<LI><a href="#[2a]">&gt;&gt;</a>&nbsp;&nbsp;&nbsp;__aeabi_d2ulz
</UL>

<P><STRONG><a name="[82]"></a>_ll_shift_l</STRONG> (Thumb, 0 bytes, Stack size 0 bytes, llshl.o(.text), UNUSED)

<P><STRONG><a name="[20]"></a>__aeabi_llsr</STRONG> (Thumb, 32 bytes, Stack size 0 bytes, llushr.o(.text), UNUSED)
<BR><BR>[Called By]<UL><LI><a href="#[24]">&gt;&gt;</a>&nbsp;&nbsp;&nbsp;_double_epilogue
<LI><a href="#[1f]">&gt;&gt;</a>&nbsp;&nbsp;&nbsp;__aeabi_uldivmod
<LI><a href="#[2a]">&gt;&gt;</a>&nbsp;&nbsp;&nbsp;__aeabi_d2ulz
</UL>

<P><STRONG><a name="[83]"></a>_ll_ushift_r</STRONG> (Thumb, 0 bytes, Stack size 0 bytes, llushr.o(.text), UNUSED)

<P><STRONG><a name="[23]"></a>__aeabi_lasr</STRONG> (Thumb, 36 bytes, Stack size 0 bytes, llsshr.o(.text), UNUSED)
<BR><BR>[Called By]<UL><LI><a href="#[22]">&gt;&gt;</a>&nbsp;&nbsp;&nbsp;__aeabi_dadd
</UL>

<P><STRONG><a name="[84]"></a>_ll_sshift_r</STRONG> (Thumb, 0 bytes, Stack size 0 bytes, llsshr.o(.text), UNUSED)

<P><STRONG><a name="[25]"></a>_double_round</STRONG> (Thumb, 30 bytes, Stack size 8 bytes, depilogue.o(.text), UNUSED)
<BR><BR>[Called By]<UL><LI><a href="#[24]">&gt;&gt;</a>&nbsp;&nbsp;&nbsp;_double_epilogue
<LI><a href="#[29]">&gt;&gt;</a>&nbsp;&nbsp;&nbsp;__aeabi_ddiv
<LI><a href="#[22]">&gt;&gt;</a>&nbsp;&nbsp;&nbsp;__aeabi_dadd
</UL>

<P><STRONG><a name="[24]"></a>_double_epilogue</STRONG> (Thumb, 156 bytes, Stack size 32 bytes, depilogue.o(.text), UNUSED)
<BR><BR>[Calls]<UL><LI><a href="#[20]">&gt;&gt;</a>&nbsp;&nbsp;&nbsp;__aeabi_llsr
<LI><a href="#[21]">&gt;&gt;</a>&nbsp;&nbsp;&nbsp;__aeabi_llsl
<LI><a href="#[25]">&gt;&gt;</a>&nbsp;&nbsp;&nbsp;_double_round
</UL>
<BR>[Called By]<UL><LI><a href="#[28]">&gt;&gt;</a>&nbsp;&nbsp;&nbsp;__aeabi_dmul
<LI><a href="#[22]">&gt;&gt;</a>&nbsp;&nbsp;&nbsp;__aeabi_dadd
</UL>

<P><STRONG><a name="[2c]"></a>CM4_GPT2Init</STRONG> (Thumb, 10 bytes, Stack size 0 bytes, gpt.o(i.CM4_GPT2Init))
<BR><BR>[Stack]<UL><LI>Max Depth = 48<LI>Call Chain = CM4_GPT2Init &rArr; GPT_init &rArr; __2printf
</UL>
<BR>[Calls]<UL><LI><a href="#[2d]">&gt;&gt;</a>&nbsp;&nbsp;&nbsp;GPT_init
</UL>
<BR>[Called By]<UL><LI><a href="#[48]">&gt;&gt;</a>&nbsp;&nbsp;&nbsp;hal_gpt_delay_ms
</UL>

<P><STRONG><a name="[1]"></a>CachePreInit</STRONG> (Thumb, 38 bytes, Stack size 0 bytes, system_mt7687.o(i.CachePreInit))
<BR>[Address Reference Count : 1]<UL><LI> startup_mt7687.o(.reset_handler)
</UL>
<P><STRONG><a name="[35]"></a>DMA_Clock_Disable</STRONG> (Thumb, 14 bytes, Stack size 0 bytes, dma.o(i.DMA_Clock_Disable))
<BR><BR>[Called By]<UL><LI><a href="#[5]">&gt;&gt;</a>&nbsp;&nbsp;&nbsp;DMA_LISR
</UL>

<P><STRONG><a name="[2f]"></a>DMA_Clock_Enable</STRONG> (Thumb, 14 bytes, Stack size 0 bytes, dma.o(i.DMA_Clock_Enable))
<BR><BR>[Called By]<UL><LI><a href="#[37]">&gt;&gt;</a>&nbsp;&nbsp;&nbsp;DMA_Vfifo_init
<LI><a href="#[2e]">&gt;&gt;</a>&nbsp;&nbsp;&nbsp;DMA_Init
</UL>

<P><STRONG><a name="[17]"></a>DMA_ERROR_LISR</STRONG> (Thumb, 2 bytes, Stack size 0 bytes, dma.o(i.DMA_ERROR_LISR))
<BR><BR>[Calls]<UL><LI><a href="#[17]">&gt;&gt;</a>&nbsp;&nbsp;&nbsp;DMA_ERROR_LISR
</UL>
<BR>[Called By]<UL><LI><a href="#[17]">&gt;&gt;</a>&nbsp;&nbsp;&nbsp;DMA_ERROR_LISR
</UL>
<BR>[Address Reference Count : 1]<UL><LI> dma.o(.data)
</UL>
<P><STRONG><a name="[2e]"></a>DMA_Init</STRONG> (Thumb, 76 bytes, Stack size 16 bytes, dma.o(i.DMA_Init))
<BR><BR>[Stack]<UL><LI>Max Depth = 32<LI>Call Chain = DMA_Init &rArr; hal_nvic_register_isr_handler
</UL>
<BR>[Calls]<UL><LI><a href="#[31]">&gt;&gt;</a>&nbsp;&nbsp;&nbsp;hal_nvic_set_priority
<LI><a href="#[30]">&gt;&gt;</a>&nbsp;&nbsp;&nbsp;hal_nvic_register_isr_handler
<LI><a href="#[32]">&gt;&gt;</a>&nbsp;&nbsp;&nbsp;hal_nvic_enable_irq
<LI><a href="#[2f]">&gt;&gt;</a>&nbsp;&nbsp;&nbsp;DMA_Clock_Enable
</UL>
<BR>[Called By]<UL><LI><a href="#[4e]">&gt;&gt;</a>&nbsp;&nbsp;&nbsp;halADC_Fsm_Param_Set
</UL>

<P><STRONG><a name="[5]"></a>DMA_LISR</STRONG> (Thumb, 378 bytes, Stack size 24 bytes, dma.o(i.DMA_LISR))
<BR><BR>[Stack]<UL><LI>Max Depth = 24<LI>Call Chain = DMA_LISR
</UL>
<BR>[Calls]<UL><LI><a href="#[32]">&gt;&gt;</a>&nbsp;&nbsp;&nbsp;hal_nvic_enable_irq
<LI><a href="#[33]">&gt;&gt;</a>&nbsp;&nbsp;&nbsp;hal_nvic_disable_irq
<LI><a href="#[34]">&gt;&gt;</a>&nbsp;&nbsp;&nbsp;DMA_Stop
<LI><a href="#[35]">&gt;&gt;</a>&nbsp;&nbsp;&nbsp;DMA_Clock_Disable
</UL>
<BR>[Address Reference Count : 1]<UL><LI> dma.o(i.DMA_Init)
</UL>
<P><STRONG><a name="[34]"></a>DMA_Stop</STRONG> (Thumb, 18 bytes, Stack size 0 bytes, dma.o(i.DMA_Stop))
<BR><BR>[Called By]<UL><LI><a href="#[36]">&gt;&gt;</a>&nbsp;&nbsp;&nbsp;DMA_Vfifo_Flush
<LI><a href="#[5]">&gt;&gt;</a>&nbsp;&nbsp;&nbsp;DMA_LISR
</UL>

<P><STRONG><a name="[36]"></a>DMA_Vfifo_Flush</STRONG> (Thumb, 22 bytes, Stack size 4 bytes, dma.o(i.DMA_Vfifo_Flush))
<BR><BR>[Stack]<UL><LI>Max Depth = 4<LI>Call Chain = DMA_Vfifo_Flush
</UL>
<BR>[Calls]<UL><LI><a href="#[34]">&gt;&gt;</a>&nbsp;&nbsp;&nbsp;DMA_Stop
</UL>
<BR>[Called By]<UL><LI><a href="#[4e]">&gt;&gt;</a>&nbsp;&nbsp;&nbsp;halADC_Fsm_Param_Set
</UL>

<P><STRONG><a name="[50]"></a>DMA_Vfifo_Register_Callback</STRONG> (Thumb, 12 bytes, Stack size 0 bytes, dma.o(i.DMA_Vfifo_Register_Callback))
<BR><BR>[Called By]<UL><LI><a href="#[4e]">&gt;&gt;</a>&nbsp;&nbsp;&nbsp;halADC_Fsm_Param_Set
</UL>

<P><STRONG><a name="[4f]"></a>DMA_Vfifo_SetAdrs</STRONG> (Thumb, 24 bytes, Stack size 16 bytes, dma.o(i.DMA_Vfifo_SetAdrs))
<BR><BR>[Stack]<UL><LI>Max Depth = 16<LI>Call Chain = DMA_Vfifo_SetAdrs
</UL>
<BR>[Called By]<UL><LI><a href="#[4e]">&gt;&gt;</a>&nbsp;&nbsp;&nbsp;halADC_Fsm_Param_Set
</UL>

<P><STRONG><a name="[69]"></a>DMA_Vfifo_disable_interrupt</STRONG> (Thumb, 16 bytes, Stack size 0 bytes, dma.o(i.DMA_Vfifo_disable_interrupt))
<BR><BR>[Called By]<UL><LI><a href="#[66]">&gt;&gt;</a>&nbsp;&nbsp;&nbsp;hal_uart_check_irq_disable
</UL>

<P><STRONG><a name="[37]"></a>DMA_Vfifo_init</STRONG> (Thumb, 174 bytes, Stack size 4 bytes, dma.o(i.DMA_Vfifo_init))
<BR><BR>[Stack]<UL><LI>Max Depth = 4<LI>Call Chain = DMA_Vfifo_init
</UL>
<BR>[Calls]<UL><LI><a href="#[2f]">&gt;&gt;</a>&nbsp;&nbsp;&nbsp;DMA_Clock_Enable
</UL>
<BR>[Called By]<UL><LI><a href="#[4e]">&gt;&gt;</a>&nbsp;&nbsp;&nbsp;halADC_Fsm_Param_Set
</UL>

<P><STRONG><a name="[6]"></a>GPT_INT_Handler</STRONG> (Thumb, 46 bytes, Stack size 8 bytes, gpt.o(i.GPT_INT_Handler))
<BR><BR>[Stack]<UL><LI>Max Depth = 8<LI>Call Chain = GPT_INT_Handler
</UL>
<BR>[Calls]<UL><LI><a href="#[38]">&gt;&gt;</a>&nbsp;&nbsp;&nbsp;clear_TMR_INT_status_bit
</UL>
<BR>[Address Reference Count : 1]<UL><LI> gpt.o(i.GPT_init)
</UL>
<P><STRONG><a name="[2d]"></a>GPT_init</STRONG> (Thumb, 150 bytes, Stack size 24 bytes, gpt.o(i.GPT_init))
<BR><BR>[Stack]<UL><LI>Max Depth = 48<LI>Call Chain = GPT_init &rArr; __2printf
</UL>
<BR>[Calls]<UL><LI><a href="#[31]">&gt;&gt;</a>&nbsp;&nbsp;&nbsp;hal_nvic_set_priority
<LI><a href="#[30]">&gt;&gt;</a>&nbsp;&nbsp;&nbsp;hal_nvic_register_isr_handler
<LI><a href="#[32]">&gt;&gt;</a>&nbsp;&nbsp;&nbsp;hal_nvic_enable_irq
<LI><a href="#[39]">&gt;&gt;</a>&nbsp;&nbsp;&nbsp;__2printf
</UL>
<BR>[Called By]<UL><LI><a href="#[2c]">&gt;&gt;</a>&nbsp;&nbsp;&nbsp;CM4_GPT2Init
</UL>

<P><STRONG><a name="[3a]"></a>GPT_return_current_count</STRONG> (Thumb, 46 bytes, Stack size 8 bytes, gpt.o(i.GPT_return_current_count))
<BR><BR>[Stack]<UL><LI>Max Depth = 32<LI>Call Chain = GPT_return_current_count &rArr; __2printf
</UL>
<BR>[Calls]<UL><LI><a href="#[39]">&gt;&gt;</a>&nbsp;&nbsp;&nbsp;__2printf
</UL>
<BR>[Called By]<UL><LI><a href="#[4b]">&gt;&gt;</a>&nbsp;&nbsp;&nbsp;get_current_count
</UL>

<P><STRONG><a name="[5f]"></a>SYSefuse_Read16Bytes</STRONG> (Thumb, 70 bytes, Stack size 12 bytes, hal_efuse.o(i.SYSefuse_Read16Bytes))
<BR><BR>[Stack]<UL><LI>Max Depth = 12<LI>Call Chain = SYSefuse_Read16Bytes
</UL>
<BR>[Called By]<UL><LI><a href="#[52]">&gt;&gt;</a>&nbsp;&nbsp;&nbsp;hal_efuse_read
</UL>

<P><STRONG><a name="[73]"></a>SysTick_Set</STRONG> (Thumb, 36 bytes, Stack size 0 bytes, system_mt7687.o(i.SysTick_Set))
<BR><BR>[Called By]<UL><LI><a href="#[72]">&gt;&gt;</a>&nbsp;&nbsp;&nbsp;top_xtal_init
</UL>

<P><STRONG><a name="[3b]"></a>SystemCoreClockUpdate</STRONG> (Thumb, 12 bytes, Stack size 8 bytes, system_mt7687.o(i.SystemCoreClockUpdate))
<BR><BR>[Stack]<UL><LI>Max Depth = 8<LI>Call Chain = SystemCoreClockUpdate
</UL>
<BR>[Calls]<UL><LI><a href="#[3c]">&gt;&gt;</a>&nbsp;&nbsp;&nbsp;top_mcu_freq_get
</UL>
<BR>[Called By]<UL><LI><a href="#[72]">&gt;&gt;</a>&nbsp;&nbsp;&nbsp;top_xtal_init
</UL>

<P><STRONG><a name="[2]"></a>SystemInit</STRONG> (Thumb, 32 bytes, Stack size 0 bytes, system_mt7687.o(i.SystemInit))
<BR>[Address Reference Count : 1]<UL><LI> startup_mt7687.o(.reset_handler)
</UL>
<P><STRONG><a name="[3d]"></a>__0printf</STRONG> (Thumb, 22 bytes, Stack size 24 bytes, printfa.o(i.__0printf), UNUSED)
<BR><BR>[Calls]<UL><LI><a href="#[3e]">&gt;&gt;</a>&nbsp;&nbsp;&nbsp;_printf_core
</UL>

<P><STRONG><a name="[85]"></a>__1printf</STRONG> (Thumb, 0 bytes, Stack size 24 bytes, printfa.o(i.__0printf), UNUSED)

<P><STRONG><a name="[39]"></a>__2printf</STRONG> (Thumb, 0 bytes, Stack size 24 bytes, printfa.o(i.__0printf))
<BR><BR>[Stack]<UL><LI>Max Depth = 24<LI>Call Chain = __2printf
</UL>
<BR>[Called By]<UL><LI><a href="#[4]">&gt;&gt;</a>&nbsp;&nbsp;&nbsp;main
<LI><a href="#[45]">&gt;&gt;</a>&nbsp;&nbsp;&nbsp;adc_get_data_polling_example
<LI><a href="#[3a]">&gt;&gt;</a>&nbsp;&nbsp;&nbsp;GPT_return_current_count
<LI><a href="#[2d]">&gt;&gt;</a>&nbsp;&nbsp;&nbsp;GPT_init
</UL>

<P><STRONG><a name="[86]"></a>__c89printf</STRONG> (Thumb, 0 bytes, Stack size 24 bytes, printfa.o(i.__0printf), UNUSED)

<P><STRONG><a name="[87]"></a>printf</STRONG> (Thumb, 0 bytes, Stack size 24 bytes, printfa.o(i.__0printf), UNUSED)

<P><STRONG><a name="[3f]"></a>__0vprintf</STRONG> (Thumb, 8 bytes, Stack size 0 bytes, printfa.o(i.__0vprintf), UNUSED)
<BR><BR>[Calls]<UL><LI><a href="#[3e]">&gt;&gt;</a>&nbsp;&nbsp;&nbsp;_printf_core
</UL>

<P><STRONG><a name="[88]"></a>__1vprintf</STRONG> (Thumb, 0 bytes, Stack size 0 bytes, printfa.o(i.__0vprintf), UNUSED)

<P><STRONG><a name="[89]"></a>__2vprintf</STRONG> (Thumb, 0 bytes, Stack size 0 bytes, printfa.o(i.__0vprintf), UNUSED)

<P><STRONG><a name="[8a]"></a>__c89vprintf</STRONG> (Thumb, 0 bytes, Stack size 0 bytes, printfa.o(i.__0vprintf), UNUSED)

<P><STRONG><a name="[71]"></a>vprintf</STRONG> (Thumb, 0 bytes, Stack size 0 bytes, printfa.o(i.__0vprintf))
<BR><BR>[Called By]<UL><LI><a href="#[19]">&gt;&gt;</a>&nbsp;&nbsp;&nbsp;log_hal_error_internal
</UL>

<P><STRONG><a name="[8b]"></a>__scatterload_copy</STRONG> (Thumb, 14 bytes, Stack size unknown bytes, handlers.o(i.__scatterload_copy), UNUSED)

<P><STRONG><a name="[8c]"></a>__scatterload_null</STRONG> (Thumb, 2 bytes, Stack size unknown bytes, handlers.o(i.__scatterload_null), UNUSED)

<P><STRONG><a name="[8d]"></a>__scatterload_zeroinit</STRONG> (Thumb, 14 bytes, Stack size unknown bytes, handlers.o(i.__scatterload_zeroinit), UNUSED)

<P><STRONG><a name="[38]"></a>clear_TMR_INT_status_bit</STRONG> (Thumb, 18 bytes, Stack size 0 bytes, timer.o(i.clear_TMR_INT_status_bit))
<BR><BR>[Called By]<UL><LI><a href="#[6]">&gt;&gt;</a>&nbsp;&nbsp;&nbsp;GPT_INT_Handler
</UL>

<P><STRONG><a name="[60]"></a>delay_ms</STRONG> (Thumb, 44 bytes, Stack size 0 bytes, timer.o(i.delay_ms))
<BR><BR>[Called By]<UL><LI><a href="#[48]">&gt;&gt;</a>&nbsp;&nbsp;&nbsp;hal_gpt_delay_ms
</UL>

<P><STRONG><a name="[4a]"></a>delay_time</STRONG> (Thumb, 22 bytes, Stack size 8 bytes, timer.o(i.delay_time))
<BR><BR>[Stack]<UL><LI>Max Depth = 40<LI>Call Chain = delay_time &rArr; get_current_count &rArr; GPT_return_current_count &rArr; __2printf
</UL>
<BR>[Calls]<UL><LI><a href="#[4b]">&gt;&gt;</a>&nbsp;&nbsp;&nbsp;get_current_count
</UL>
<BR>[Called By]<UL><LI><a href="#[46]">&gt;&gt;</a>&nbsp;&nbsp;&nbsp;hal_adc_init
</UL>

<P><STRONG><a name="[7]"></a>fputc</STRONG> (Thumb, 16 bytes, Stack size 8 bytes, main.o(i.fputc))
<BR><BR>[Stack]<UL><LI>Max Depth = 8<LI>Call Chain = fputc
</UL>
<BR>[Calls]<UL><LI><a href="#[4c]">&gt;&gt;</a>&nbsp;&nbsp;&nbsp;hal_uart_put_char
</UL>
<BR>[Address Reference Count : 2]<UL><LI> printfa.o(i.__0printf)
<LI> printfa.o(i.__0vprintf)
</UL>
<P><STRONG><a name="[4b]"></a>get_current_count</STRONG> (Thumb, 6 bytes, Stack size 0 bytes, timer.o(i.get_current_count))
<BR><BR>[Stack]<UL><LI>Max Depth = 32<LI>Call Chain = get_current_count &rArr; GPT_return_current_count &rArr; __2printf
</UL>
<BR>[Calls]<UL><LI><a href="#[3a]">&gt;&gt;</a>&nbsp;&nbsp;&nbsp;GPT_return_current_count
</UL>
<BR>[Called By]<UL><LI><a href="#[4a]">&gt;&gt;</a>&nbsp;&nbsp;&nbsp;delay_time
</UL>

<P><STRONG><a name="[59]"></a>halADC_Fifo_Get_Length</STRONG> (Thumb, 60 bytes, Stack size 0 bytes, hal_adc.o(i.halADC_Fifo_Get_Length))
<BR><BR>[Called By]<UL><LI><a href="#[47]">&gt;&gt;</a>&nbsp;&nbsp;&nbsp;hal_adc_get_data_polling
</UL>

<P><STRONG><a name="[5a]"></a>halADC_Fifo_Read_Data</STRONG> (Thumb, 52 bytes, Stack size 8 bytes, hal_adc.o(i.halADC_Fifo_Read_Data))
<BR><BR>[Stack]<UL><LI>Max Depth = 8<LI>Call Chain = halADC_Fifo_Read_Data
</UL>
<BR>[Called By]<UL><LI><a href="#[47]">&gt;&gt;</a>&nbsp;&nbsp;&nbsp;hal_adc_get_data_polling
</UL>

<P><STRONG><a name="[4d]"></a>halADC_Fsm_Disable</STRONG> (Thumb, 48 bytes, Stack size 8 bytes, hal_adc.o(i.halADC_Fsm_Disable))
<BR><BR>[Stack]<UL><LI>Max Depth = 8<LI>Call Chain = halADC_Fsm_Disable
</UL>
<BR>[Calls]<UL><LI><a href="#[33]">&gt;&gt;</a>&nbsp;&nbsp;&nbsp;hal_nvic_disable_irq
</UL>
<BR>[Called By]<UL><LI><a href="#[49]">&gt;&gt;</a>&nbsp;&nbsp;&nbsp;hal_adc_deinit
</UL>

<P><STRONG><a name="[4e]"></a>halADC_Fsm_Param_Set</STRONG> (Thumb, 266 bytes, Stack size 32 bytes, hal_adc.o(i.halADC_Fsm_Param_Set))
<BR><BR>[Stack]<UL><LI>Max Depth = 64<LI>Call Chain = halADC_Fsm_Param_Set &rArr; DMA_Init &rArr; hal_nvic_register_isr_handler
</UL>
<BR>[Calls]<UL><LI><a href="#[31]">&gt;&gt;</a>&nbsp;&nbsp;&nbsp;hal_nvic_set_priority
<LI><a href="#[30]">&gt;&gt;</a>&nbsp;&nbsp;&nbsp;hal_nvic_register_isr_handler
<LI><a href="#[37]">&gt;&gt;</a>&nbsp;&nbsp;&nbsp;DMA_Vfifo_init
<LI><a href="#[4f]">&gt;&gt;</a>&nbsp;&nbsp;&nbsp;DMA_Vfifo_SetAdrs
<LI><a href="#[50]">&gt;&gt;</a>&nbsp;&nbsp;&nbsp;DMA_Vfifo_Register_Callback
<LI><a href="#[36]">&gt;&gt;</a>&nbsp;&nbsp;&nbsp;DMA_Vfifo_Flush
<LI><a href="#[2e]">&gt;&gt;</a>&nbsp;&nbsp;&nbsp;DMA_Init
</UL>
<BR>[Called By]<UL><LI><a href="#[46]">&gt;&gt;</a>&nbsp;&nbsp;&nbsp;hal_adc_init
</UL>

<P><STRONG><a name="[51]"></a>halADC_Get_ADC_Efuse</STRONG> (Thumb, 54 bytes, Stack size 24 bytes, hal_adc.o(i.halADC_Get_ADC_Efuse))
<BR><BR>[Stack]<UL><LI>Max Depth = 84<LI>Call Chain = halADC_Get_ADC_Efuse &rArr; hal_efuse_read &rArr; SYSefuse_Read16Bytes
</UL>
<BR>[Calls]<UL><LI><a href="#[52]">&gt;&gt;</a>&nbsp;&nbsp;&nbsp;hal_efuse_read
</UL>
<BR>[Called By]<UL><LI><a href="#[46]">&gt;&gt;</a>&nbsp;&nbsp;&nbsp;hal_adc_init
</UL>

<P><STRONG><a name="[9]"></a>halADC_LISR</STRONG> (Thumb, 2 bytes, Stack size 0 bytes, hal_adc.o(i.halADC_LISR))
<BR>[Address Reference Count : 1]<UL><LI> hal_adc.o(i.halADC_Fsm_Param_Set)
</UL>
<P><STRONG><a name="[5b]"></a>halADC_Remove_Data_Offset</STRONG> (Thumb, 140 bytes, Stack size 48 bytes, hal_adc.o(i.halADC_Remove_Data_Offset))
<BR><BR>[Stack]<UL><LI>Max Depth = 48<LI>Call Chain = halADC_Remove_Data_Offset
</UL>
<BR>[Called By]<UL><LI><a href="#[47]">&gt;&gt;</a>&nbsp;&nbsp;&nbsp;hal_adc_get_data_polling
</UL>

<P><STRONG><a name="[8]"></a>halADC_VDMA_Callback</STRONG> (Thumb, 2 bytes, Stack size 0 bytes, hal_adc.o(i.halADC_VDMA_Callback))
<BR>[Address Reference Count : 1]<UL><LI> hal_adc.o(i.halADC_Fsm_Param_Set)
</UL>
<P><STRONG><a name="[54]"></a>halGPIO_ConfDirection</STRONG> (Thumb, 324 bytes, Stack size 20 bytes, hal_gpio_7687.o(i.halGPIO_ConfDirection))
<BR><BR>[Stack]<UL><LI>Max Depth = 20<LI>Call Chain = halGPIO_ConfDirection
</UL>
<BR>[Called By]<UL><LI><a href="#[53]">&gt;&gt;</a>&nbsp;&nbsp;&nbsp;halPinmuxTopOnPadFunc
</UL>

<P><STRONG><a name="[53]"></a>halPinmuxTopOnPadFunc</STRONG> (Thumb, 500 bytes, Stack size 8 bytes, hal_pinmux.o(i.halPinmuxTopOnPadFunc))
<BR><BR>[Stack]<UL><LI>Max Depth = 28<LI>Call Chain = halPinmuxTopOnPadFunc &rArr; halGPIO_ConfDirection
</UL>
<BR>[Calls]<UL><LI><a href="#[54]">&gt;&gt;</a>&nbsp;&nbsp;&nbsp;halGPIO_ConfDirection
</UL>
<BR>[Called By]<UL><LI><a href="#[65]">&gt;&gt;</a>&nbsp;&nbsp;&nbsp;pinmux_config
</UL>

<P><STRONG><a name="[67]"></a>halUART_Get_VFIFO_Length</STRONG> (Thumb, 52 bytes, Stack size 0 bytes, uart.o(i.halUART_Get_VFIFO_Length))
<BR><BR>[Called By]<UL><LI><a href="#[6a]">&gt;&gt;</a>&nbsp;&nbsp;&nbsp;hal_uart_get_available_receive_bytes
<LI><a href="#[66]">&gt;&gt;</a>&nbsp;&nbsp;&nbsp;hal_uart_check_irq_disable
</UL>

<P><STRONG><a name="[55]"></a>halUART_HWInit</STRONG> (Thumb, 44 bytes, Stack size 16 bytes, uart.o(i.halUART_HWInit))
<BR><BR>[Stack]<UL><LI>Max Depth = 104<LI>Call Chain = halUART_HWInit &rArr; halUART_SetFormat
</UL>
<BR>[Calls]<UL><LI><a href="#[56]">&gt;&gt;</a>&nbsp;&nbsp;&nbsp;halUART_SetFormat
</UL>
<BR>[Called By]<UL><LI><a href="#[6c]">&gt;&gt;</a>&nbsp;&nbsp;&nbsp;hal_uart_init
</UL>

<P><STRONG><a name="[56]"></a>halUART_SetFormat</STRONG> (Thumb, 214 bytes, Stack size 88 bytes, uart.o(i.halUART_SetFormat))
<BR><BR>[Stack]<UL><LI>Max Depth = 88<LI>Call Chain = halUART_SetFormat
</UL>
<BR>[Calls]<UL><LI><a href="#[58]">&gt;&gt;</a>&nbsp;&nbsp;&nbsp;top_xtal_freq_get
<LI><a href="#[57]">&gt;&gt;</a>&nbsp;&nbsp;&nbsp;__aeabi_memcpy4
</UL>
<BR>[Called By]<UL><LI><a href="#[55]">&gt;&gt;</a>&nbsp;&nbsp;&nbsp;halUART_HWInit
<LI><a href="#[6f]">&gt;&gt;</a>&nbsp;&nbsp;&nbsp;hal_uart_set_format
</UL>

<P><STRONG><a name="[49]"></a>hal_adc_deinit</STRONG> (Thumb, 24 bytes, Stack size 8 bytes, hal_adc.o(i.hal_adc_deinit))
<BR><BR>[Stack]<UL><LI>Max Depth = 16<LI>Call Chain = hal_adc_deinit &rArr; halADC_Fsm_Disable
</UL>
<BR>[Calls]<UL><LI><a href="#[4d]">&gt;&gt;</a>&nbsp;&nbsp;&nbsp;halADC_Fsm_Disable
</UL>
<BR>[Called By]<UL><LI><a href="#[45]">&gt;&gt;</a>&nbsp;&nbsp;&nbsp;adc_get_data_polling_example
</UL>

<P><STRONG><a name="[47]"></a>hal_adc_get_data_polling</STRONG> (Thumb, 224 bytes, Stack size 32 bytes, hal_adc.o(i.hal_adc_get_data_polling))
<BR><BR>[Stack]<UL><LI>Max Depth = 80<LI>Call Chain = hal_adc_get_data_polling &rArr; halADC_Remove_Data_Offset
</UL>
<BR>[Calls]<UL><LI><a href="#[5b]">&gt;&gt;</a>&nbsp;&nbsp;&nbsp;halADC_Remove_Data_Offset
<LI><a href="#[5a]">&gt;&gt;</a>&nbsp;&nbsp;&nbsp;halADC_Fifo_Read_Data
<LI><a href="#[59]">&gt;&gt;</a>&nbsp;&nbsp;&nbsp;halADC_Fifo_Get_Length
</UL>
<BR>[Called By]<UL><LI><a href="#[45]">&gt;&gt;</a>&nbsp;&nbsp;&nbsp;adc_get_data_polling_example
</UL>

<P><STRONG><a name="[46]"></a>hal_adc_init</STRONG> (Thumb, 206 bytes, Stack size 32 bytes, hal_adc.o(i.hal_adc_init))
<BR><BR>[Stack]<UL><LI>Max Depth = 116<LI>Call Chain = hal_adc_init &rArr; halADC_Get_ADC_Efuse &rArr; hal_efuse_read &rArr; SYSefuse_Read16Bytes
</UL>
<BR>[Calls]<UL><LI><a href="#[4a]">&gt;&gt;</a>&nbsp;&nbsp;&nbsp;delay_time
<LI><a href="#[51]">&gt;&gt;</a>&nbsp;&nbsp;&nbsp;halADC_Get_ADC_Efuse
<LI><a href="#[4e]">&gt;&gt;</a>&nbsp;&nbsp;&nbsp;halADC_Fsm_Param_Set
<LI><a href="#[5e]">&gt;&gt;</a>&nbsp;&nbsp;&nbsp;restore_interrupt_mask (via Veneer)
<LI><a href="#[5d]">&gt;&gt;</a>&nbsp;&nbsp;&nbsp;save_and_set_interrupt_mask (via Veneer)
<LI><a href="#[5c]">&gt;&gt;</a>&nbsp;&nbsp;&nbsp;__aeabi_memclr4
</UL>
<BR>[Called By]<UL><LI><a href="#[45]">&gt;&gt;</a>&nbsp;&nbsp;&nbsp;adc_get_data_polling_example
</UL>

<P><STRONG><a name="[52]"></a>hal_efuse_read</STRONG> (Thumb, 112 bytes, Stack size 48 bytes, hal_efuse.o(i.hal_efuse_read))
<BR><BR>[Stack]<UL><LI>Max Depth = 60<LI>Call Chain = hal_efuse_read &rArr; SYSefuse_Read16Bytes
</UL>
<BR>[Calls]<UL><LI><a href="#[5f]">&gt;&gt;</a>&nbsp;&nbsp;&nbsp;SYSefuse_Read16Bytes
</UL>
<BR>[Called By]<UL><LI><a href="#[51]">&gt;&gt;</a>&nbsp;&nbsp;&nbsp;halADC_Get_ADC_Efuse
</UL>

<P><STRONG><a name="[48]"></a>hal_gpt_delay_ms</STRONG> (Thumb, 34 bytes, Stack size 16 bytes, hal_gpt.o(i.hal_gpt_delay_ms))
<BR><BR>[Stack]<UL><LI>Max Depth = 64<LI>Call Chain = hal_gpt_delay_ms &rArr; CM4_GPT2Init &rArr; GPT_init &rArr; __2printf
</UL>
<BR>[Calls]<UL><LI><a href="#[60]">&gt;&gt;</a>&nbsp;&nbsp;&nbsp;delay_ms
<LI><a href="#[2c]">&gt;&gt;</a>&nbsp;&nbsp;&nbsp;CM4_GPT2Init
</UL>
<BR>[Called By]<UL><LI><a href="#[45]">&gt;&gt;</a>&nbsp;&nbsp;&nbsp;adc_get_data_polling_example
</UL>

<P><STRONG><a name="[33]"></a>hal_nvic_disable_irq</STRONG> (Thumb, 34 bytes, Stack size 0 bytes, hal_nvic.o(i.hal_nvic_disable_irq))
<BR><BR>[Called By]<UL><LI><a href="#[5]">&gt;&gt;</a>&nbsp;&nbsp;&nbsp;DMA_LISR
<LI><a href="#[4d]">&gt;&gt;</a>&nbsp;&nbsp;&nbsp;halADC_Fsm_Disable
</UL>

<P><STRONG><a name="[32]"></a>hal_nvic_enable_irq</STRONG> (Thumb, 34 bytes, Stack size 0 bytes, hal_nvic.o(i.hal_nvic_enable_irq))
<BR><BR>[Called By]<UL><LI><a href="#[5]">&gt;&gt;</a>&nbsp;&nbsp;&nbsp;DMA_LISR
<LI><a href="#[2e]">&gt;&gt;</a>&nbsp;&nbsp;&nbsp;DMA_Init
<LI><a href="#[2d]">&gt;&gt;</a>&nbsp;&nbsp;&nbsp;GPT_init
</UL>

<P><STRONG><a name="[30]"></a>hal_nvic_register_isr_handler</STRONG> (Thumb, 54 bytes, Stack size 16 bytes, hal_nvic.o(i.hal_nvic_register_isr_handler))
<BR><BR>[Stack]<UL><LI>Max Depth = 16<LI>Call Chain = hal_nvic_register_isr_handler
</UL>
<BR>[Calls]<UL><LI><a href="#[5e]">&gt;&gt;</a>&nbsp;&nbsp;&nbsp;restore_interrupt_mask (via Veneer)
<LI><a href="#[5d]">&gt;&gt;</a>&nbsp;&nbsp;&nbsp;save_and_set_interrupt_mask (via Veneer)
<LI><a href="#[61]">&gt;&gt;</a>&nbsp;&nbsp;&nbsp;NVIC_ClearPendingIRQ
</UL>
<BR>[Called By]<UL><LI><a href="#[2e]">&gt;&gt;</a>&nbsp;&nbsp;&nbsp;DMA_Init
<LI><a href="#[2d]">&gt;&gt;</a>&nbsp;&nbsp;&nbsp;GPT_init
<LI><a href="#[4e]">&gt;&gt;</a>&nbsp;&nbsp;&nbsp;halADC_Fsm_Param_Set
</UL>

<P><STRONG><a name="[62]"></a>hal_nvic_restore_interrupt_mask</STRONG> (Thumb, 10 bytes, Stack size 8 bytes, hal_nvic.o(i.hal_nvic_restore_interrupt_mask))
<BR><BR>[Stack]<UL><LI>Max Depth = 8<LI>Call Chain = hal_nvic_restore_interrupt_mask
</UL>
<BR>[Calls]<UL><LI><a href="#[5e]">&gt;&gt;</a>&nbsp;&nbsp;&nbsp;restore_interrupt_mask (via Veneer)
</UL>
<BR>[Called By]<UL><LI><a href="#[19]">&gt;&gt;</a>&nbsp;&nbsp;&nbsp;log_hal_error_internal
</UL>

<P><STRONG><a name="[63]"></a>hal_nvic_save_and_set_interrupt_mask</STRONG> (Thumb, 14 bytes, Stack size 8 bytes, hal_nvic.o(i.hal_nvic_save_and_set_interrupt_mask))
<BR><BR>[Stack]<UL><LI>Max Depth = 8<LI>Call Chain = hal_nvic_save_and_set_interrupt_mask
</UL>
<BR>[Calls]<UL><LI><a href="#[5d]">&gt;&gt;</a>&nbsp;&nbsp;&nbsp;save_and_set_interrupt_mask (via Veneer)
</UL>
<BR>[Called By]<UL><LI><a href="#[19]">&gt;&gt;</a>&nbsp;&nbsp;&nbsp;log_hal_error_internal
</UL>

<P><STRONG><a name="[31]"></a>hal_nvic_set_priority</STRONG> (Thumb, 44 bytes, Stack size 0 bytes, hal_nvic.o(i.hal_nvic_set_priority))
<BR><BR>[Called By]<UL><LI><a href="#[2e]">&gt;&gt;</a>&nbsp;&nbsp;&nbsp;DMA_Init
<LI><a href="#[2d]">&gt;&gt;</a>&nbsp;&nbsp;&nbsp;GPT_init
<LI><a href="#[4e]">&gt;&gt;</a>&nbsp;&nbsp;&nbsp;halADC_Fsm_Param_Set
</UL>

<P><STRONG><a name="[64]"></a>hal_pinmux_set_function</STRONG> (Thumb, 40 bytes, Stack size 8 bytes, hal_gpio.o(i.hal_pinmux_set_function))
<BR><BR>[Stack]<UL><LI>Max Depth = 44<LI>Call Chain = hal_pinmux_set_function &rArr; pinmux_config &rArr; halPinmuxTopOnPadFunc &rArr; halGPIO_ConfDirection
</UL>
<BR>[Calls]<UL><LI><a href="#[65]">&gt;&gt;</a>&nbsp;&nbsp;&nbsp;pinmux_config
</UL>
<BR>[Called By]<UL><LI><a href="#[4]">&gt;&gt;</a>&nbsp;&nbsp;&nbsp;main
</UL>

<P><STRONG><a name="[6a]"></a>hal_uart_get_available_receive_bytes</STRONG> (Thumb, 30 bytes, Stack size 8 bytes, hal_uart.o(i.hal_uart_get_available_receive_bytes))
<BR><BR>[Stack]<UL><LI>Max Depth = 8<LI>Call Chain = hal_uart_get_available_receive_bytes
</UL>
<BR>[Calls]<UL><LI><a href="#[67]">&gt;&gt;</a>&nbsp;&nbsp;&nbsp;halUART_Get_VFIFO_Length
<LI><a href="#[6b]">&gt;&gt;</a>&nbsp;&nbsp;&nbsp;hal_uart_translate_port
</UL>
<BR>[Called By]<UL><LI><a href="#[b]">&gt;&gt;</a>&nbsp;&nbsp;&nbsp;hal_uart_receive_callback1
<LI><a href="#[a]">&gt;&gt;</a>&nbsp;&nbsp;&nbsp;hal_uart_receive_callback0
</UL>

<P><STRONG><a name="[6c]"></a>hal_uart_init</STRONG> (Thumb, 96 bytes, Stack size 24 bytes, hal_uart.o(i.hal_uart_init))
<BR><BR>[Stack]<UL><LI>Max Depth = 192<LI>Call Chain = hal_uart_init &rArr; hal_uart_set_format &rArr; halUART_SetFormat
</UL>
<BR>[Calls]<UL><LI><a href="#[6e]">&gt;&gt;</a>&nbsp;&nbsp;&nbsp;uart_reset_default_value
<LI><a href="#[55]">&gt;&gt;</a>&nbsp;&nbsp;&nbsp;halUART_HWInit
<LI><a href="#[6f]">&gt;&gt;</a>&nbsp;&nbsp;&nbsp;hal_uart_set_format
<LI><a href="#[6b]">&gt;&gt;</a>&nbsp;&nbsp;&nbsp;hal_uart_translate_port
<LI><a href="#[6d]">&gt;&gt;</a>&nbsp;&nbsp;&nbsp;hal_uart_is_config_valid
<LI><a href="#[5c]">&gt;&gt;</a>&nbsp;&nbsp;&nbsp;__aeabi_memclr4
</UL>
<BR>[Called By]<UL><LI><a href="#[4]">&gt;&gt;</a>&nbsp;&nbsp;&nbsp;main
</UL>

<P><STRONG><a name="[4c]"></a>hal_uart_put_char</STRONG> (Thumb, 12 bytes, Stack size 0 bytes, hal_uart.o(i.hal_uart_put_char))
<BR><BR>[Calls]<UL><LI><a href="#[70]">&gt;&gt;</a>&nbsp;&nbsp;&nbsp;uart_output_char
</UL>
<BR>[Called By]<UL><LI><a href="#[7]">&gt;&gt;</a>&nbsp;&nbsp;&nbsp;fputc
</UL>

<P><STRONG><a name="[6f]"></a>hal_uart_set_format</STRONG> (Thumb, 126 bytes, Stack size 80 bytes, hal_uart.o(i.hal_uart_set_format))
<BR><BR>[Stack]<UL><LI>Max Depth = 168<LI>Call Chain = hal_uart_set_format &rArr; halUART_SetFormat
</UL>
<BR>[Calls]<UL><LI><a href="#[56]">&gt;&gt;</a>&nbsp;&nbsp;&nbsp;halUART_SetFormat
<LI><a href="#[6b]">&gt;&gt;</a>&nbsp;&nbsp;&nbsp;hal_uart_translate_port
<LI><a href="#[6d]">&gt;&gt;</a>&nbsp;&nbsp;&nbsp;hal_uart_is_config_valid
<LI><a href="#[57]">&gt;&gt;</a>&nbsp;&nbsp;&nbsp;__aeabi_memcpy4
</UL>
<BR>[Called By]<UL><LI><a href="#[6c]">&gt;&gt;</a>&nbsp;&nbsp;&nbsp;hal_uart_init
</UL>

<P><STRONG><a name="[19]"></a>log_hal_error_internal</STRONG> (Thumb, 30 bytes, Stack size 24 bytes, hal_log.o(i.log_hal_error_internal))
<BR><BR>[Stack]<UL><LI>Max Depth = 32<LI>Call Chain = log_hal_error_internal &rArr; hal_nvic_save_and_set_interrupt_mask
</UL>
<BR>[Calls]<UL><LI><a href="#[63]">&gt;&gt;</a>&nbsp;&nbsp;&nbsp;hal_nvic_save_and_set_interrupt_mask
<LI><a href="#[62]">&gt;&gt;</a>&nbsp;&nbsp;&nbsp;hal_nvic_restore_interrupt_mask
<LI><a href="#[71]">&gt;&gt;</a>&nbsp;&nbsp;&nbsp;vprintf
</UL>
<BR>[Called By]<UL><LI><a href="#[16]">&gt;&gt;</a>&nbsp;&nbsp;&nbsp;isrC_main (via Veneer)
</UL>

<P><STRONG><a name="[4]"></a>main</STRONG> (Thumb, 92 bytes, Stack size 8 bytes, main.o(i.main))
<BR><BR>[Stack]<UL><LI>Max Depth = 200<LI>Call Chain = main &rArr; hal_uart_init &rArr; hal_uart_set_format &rArr; halUART_SetFormat
</UL>
<BR>[Calls]<UL><LI><a href="#[72]">&gt;&gt;</a>&nbsp;&nbsp;&nbsp;top_xtal_init
<LI><a href="#[6c]">&gt;&gt;</a>&nbsp;&nbsp;&nbsp;hal_uart_init
<LI><a href="#[64]">&gt;&gt;</a>&nbsp;&nbsp;&nbsp;hal_pinmux_set_function
<LI><a href="#[45]">&gt;&gt;</a>&nbsp;&nbsp;&nbsp;adc_get_data_polling_example
<LI><a href="#[39]">&gt;&gt;</a>&nbsp;&nbsp;&nbsp;__2printf
</UL>
<BR>[Address Reference Count : 1]<UL><LI> entry9a.o(.ARM.Collect$$$$0000000B)
</UL>
<P><STRONG><a name="[65]"></a>pinmux_config</STRONG> (Thumb, 188 bytes, Stack size 8 bytes, pinmux.o(i.pinmux_config))
<BR><BR>[Stack]<UL><LI>Max Depth = 36<LI>Call Chain = pinmux_config &rArr; halPinmuxTopOnPadFunc &rArr; halGPIO_ConfDirection
</UL>
<BR>[Calls]<UL><LI><a href="#[53]">&gt;&gt;</a>&nbsp;&nbsp;&nbsp;halPinmuxTopOnPadFunc
</UL>
<BR>[Called By]<UL><LI><a href="#[64]">&gt;&gt;</a>&nbsp;&nbsp;&nbsp;hal_pinmux_set_function
</UL>

<P><STRONG><a name="[3c]"></a>top_mcu_freq_get</STRONG> (Thumb, 6 bytes, Stack size 0 bytes, top.o(i.top_mcu_freq_get))
<BR><BR>[Called By]<UL><LI><a href="#[3b]">&gt;&gt;</a>&nbsp;&nbsp;&nbsp;SystemCoreClockUpdate
</UL>

<P><STRONG><a name="[58]"></a>top_xtal_freq_get</STRONG> (Thumb, 6 bytes, Stack size 0 bytes, top.o(i.top_xtal_freq_get))
<BR><BR>[Called By]<UL><LI><a href="#[56]">&gt;&gt;</a>&nbsp;&nbsp;&nbsp;halUART_SetFormat
</UL>

<P><STRONG><a name="[72]"></a>top_xtal_init</STRONG> (Thumb, 108 bytes, Stack size 16 bytes, top.o(i.top_xtal_init))
<BR><BR>[Stack]<UL><LI>Max Depth = 24<LI>Call Chain = top_xtal_init &rArr; SystemCoreClockUpdate
</UL>
<BR>[Calls]<UL><LI><a href="#[3b]">&gt;&gt;</a>&nbsp;&nbsp;&nbsp;SystemCoreClockUpdate
<LI><a href="#[73]">&gt;&gt;</a>&nbsp;&nbsp;&nbsp;SysTick_Set
</UL>
<BR>[Called By]<UL><LI><a href="#[4]">&gt;&gt;</a>&nbsp;&nbsp;&nbsp;main
</UL>

<P><STRONG><a name="[70]"></a>uart_output_char</STRONG> (Thumb, 18 bytes, Stack size 0 bytes, uart.o(i.uart_output_char))
<BR><BR>[Called By]<UL><LI><a href="#[4c]">&gt;&gt;</a>&nbsp;&nbsp;&nbsp;hal_uart_put_char
</UL>

<P><STRONG><a name="[6e]"></a>uart_reset_default_value</STRONG> (Thumb, 74 bytes, Stack size 0 bytes, uart.o(i.uart_reset_default_value))
<BR><BR>[Called By]<UL><LI><a href="#[6c]">&gt;&gt;</a>&nbsp;&nbsp;&nbsp;hal_uart_init
</UL>
<P>
<H3>
Local Symbols
</H3>
<P><STRONG><a name="[45]"></a>adc_get_data_polling_example</STRONG> (Thumb, 92 bytes, Stack size 24 bytes, main.o(i.adc_get_data_polling_example))
<BR><BR>[Stack]<UL><LI>Max Depth = 140<LI>Call Chain = adc_get_data_polling_example &rArr; hal_adc_init &rArr; halADC_Get_ADC_Efuse &rArr; hal_efuse_read &rArr; SYSefuse_Read16Bytes
</UL>
<BR>[Calls]<UL><LI><a href="#[48]">&gt;&gt;</a>&nbsp;&nbsp;&nbsp;hal_gpt_delay_ms
<LI><a href="#[46]">&gt;&gt;</a>&nbsp;&nbsp;&nbsp;hal_adc_init
<LI><a href="#[47]">&gt;&gt;</a>&nbsp;&nbsp;&nbsp;hal_adc_get_data_polling
<LI><a href="#[49]">&gt;&gt;</a>&nbsp;&nbsp;&nbsp;hal_adc_deinit
<LI><a href="#[39]">&gt;&gt;</a>&nbsp;&nbsp;&nbsp;__2printf
</UL>
<BR>[Called By]<UL><LI><a href="#[4]">&gt;&gt;</a>&nbsp;&nbsp;&nbsp;main
</UL>

<P><STRONG><a name="[66]"></a>hal_uart_check_irq_disable</STRONG> (Thumb, 76 bytes, Stack size 24 bytes, hal_uart.o(i.hal_uart_check_irq_disable))
<BR><BR>[Stack]<UL><LI>Max Depth = 24<LI>Call Chain = hal_uart_check_irq_disable
</UL>
<BR>[Calls]<UL><LI><a href="#[69]">&gt;&gt;</a>&nbsp;&nbsp;&nbsp;DMA_Vfifo_disable_interrupt
<LI><a href="#[67]">&gt;&gt;</a>&nbsp;&nbsp;&nbsp;halUART_Get_VFIFO_Length
<LI><a href="#[68]">&gt;&gt;</a>&nbsp;&nbsp;&nbsp;uart_channel_to_dma_channel
</UL>
<BR>[Called By]<UL><LI><a href="#[b]">&gt;&gt;</a>&nbsp;&nbsp;&nbsp;hal_uart_receive_callback1
<LI><a href="#[a]">&gt;&gt;</a>&nbsp;&nbsp;&nbsp;hal_uart_receive_callback0
</UL>

<P><STRONG><a name="[6d]"></a>hal_uart_is_config_valid</STRONG> (Thumb, 38 bytes, Stack size 0 bytes, hal_uart.o(i.hal_uart_is_config_valid))
<BR><BR>[Called By]<UL><LI><a href="#[6c]">&gt;&gt;</a>&nbsp;&nbsp;&nbsp;hal_uart_init
<LI><a href="#[6f]">&gt;&gt;</a>&nbsp;&nbsp;&nbsp;hal_uart_set_format
</UL>

<P><STRONG><a name="[a]"></a>hal_uart_receive_callback0</STRONG> (Thumb, 46 bytes, Stack size 8 bytes, hal_uart.o(i.hal_uart_receive_callback0))
<BR><BR>[Stack]<UL><LI>Max Depth = 32<LI>Call Chain = hal_uart_receive_callback0 &rArr; hal_uart_check_irq_disable
</UL>
<BR>[Calls]<UL><LI><a href="#[6a]">&gt;&gt;</a>&nbsp;&nbsp;&nbsp;hal_uart_get_available_receive_bytes
<LI><a href="#[6b]">&gt;&gt;</a>&nbsp;&nbsp;&nbsp;hal_uart_translate_port
<LI><a href="#[66]">&gt;&gt;</a>&nbsp;&nbsp;&nbsp;hal_uart_check_irq_disable
</UL>
<BR>[Address Reference Count : 1]<UL><LI> hal_uart.o(.constdata)
</UL>
<P><STRONG><a name="[b]"></a>hal_uart_receive_callback1</STRONG> (Thumb, 48 bytes, Stack size 8 bytes, hal_uart.o(i.hal_uart_receive_callback1))
<BR><BR>[Stack]<UL><LI>Max Depth = 32<LI>Call Chain = hal_uart_receive_callback1 &rArr; hal_uart_check_irq_disable
</UL>
<BR>[Calls]<UL><LI><a href="#[6a]">&gt;&gt;</a>&nbsp;&nbsp;&nbsp;hal_uart_get_available_receive_bytes
<LI><a href="#[6b]">&gt;&gt;</a>&nbsp;&nbsp;&nbsp;hal_uart_translate_port
<LI><a href="#[66]">&gt;&gt;</a>&nbsp;&nbsp;&nbsp;hal_uart_check_irq_disable
</UL>
<BR>[Address Reference Count : 1]<UL><LI> hal_uart.o(.constdata)
</UL>
<P><STRONG><a name="[6b]"></a>hal_uart_translate_port</STRONG> (Thumb, 8 bytes, Stack size 0 bytes, hal_uart.o(i.hal_uart_translate_port))
<BR><BR>[Called By]<UL><LI><a href="#[6c]">&gt;&gt;</a>&nbsp;&nbsp;&nbsp;hal_uart_init
<LI><a href="#[6f]">&gt;&gt;</a>&nbsp;&nbsp;&nbsp;hal_uart_set_format
<LI><a href="#[6a]">&gt;&gt;</a>&nbsp;&nbsp;&nbsp;hal_uart_get_available_receive_bytes
<LI><a href="#[b]">&gt;&gt;</a>&nbsp;&nbsp;&nbsp;hal_uart_receive_callback1
<LI><a href="#[a]">&gt;&gt;</a>&nbsp;&nbsp;&nbsp;hal_uart_receive_callback0
</UL>

<P><STRONG><a name="[68]"></a>uart_channel_to_dma_channel</STRONG> (Thumb, 22 bytes, Stack size 0 bytes, hal_uart.o(i.uart_channel_to_dma_channel))
<BR><BR>[Called By]<UL><LI><a href="#[66]">&gt;&gt;</a>&nbsp;&nbsp;&nbsp;hal_uart_check_irq_disable
</UL>

<P><STRONG><a name="[61]"></a>NVIC_ClearPendingIRQ</STRONG> (Thumb, 22 bytes, Stack size 0 bytes, hal_nvic.o(i.NVIC_ClearPendingIRQ))
<BR><BR>[Called By]<UL><LI><a href="#[30]">&gt;&gt;</a>&nbsp;&nbsp;&nbsp;hal_nvic_register_isr_handler
</UL>

<P><STRONG><a name="[40]"></a>_fp_digits</STRONG> (Thumb, 366 bytes, Stack size 64 bytes, printfa.o(i._fp_digits), UNUSED)
<BR><BR>[Calls]<UL><LI><a href="#[1f]">&gt;&gt;</a>&nbsp;&nbsp;&nbsp;__aeabi_uldivmod
<LI><a href="#[28]">&gt;&gt;</a>&nbsp;&nbsp;&nbsp;__aeabi_dmul
<LI><a href="#[29]">&gt;&gt;</a>&nbsp;&nbsp;&nbsp;__aeabi_ddiv
<LI><a href="#[22]">&gt;&gt;</a>&nbsp;&nbsp;&nbsp;__aeabi_dadd
<LI><a href="#[2a]">&gt;&gt;</a>&nbsp;&nbsp;&nbsp;__aeabi_d2ulz
<LI><a href="#[41]">&gt;&gt;</a>&nbsp;&nbsp;&nbsp;__aeabi_cdrcmple
</UL>
<BR>[Called By]<UL><LI><a href="#[3e]">&gt;&gt;</a>&nbsp;&nbsp;&nbsp;_printf_core
</UL>

<P><STRONG><a name="[3e]"></a>_printf_core</STRONG> (Thumb, 1744 bytes, Stack size 136 bytes, printfa.o(i._printf_core), UNUSED)
<BR><BR>[Calls]<UL><LI><a href="#[1f]">&gt;&gt;</a>&nbsp;&nbsp;&nbsp;__aeabi_uldivmod
<LI><a href="#[44]">&gt;&gt;</a>&nbsp;&nbsp;&nbsp;__aeabi_uidivmod
<LI><a href="#[42]">&gt;&gt;</a>&nbsp;&nbsp;&nbsp;_printf_pre_padding
<LI><a href="#[43]">&gt;&gt;</a>&nbsp;&nbsp;&nbsp;_printf_post_padding
<LI><a href="#[40]">&gt;&gt;</a>&nbsp;&nbsp;&nbsp;_fp_digits
</UL>
<BR>[Called By]<UL><LI><a href="#[3f]">&gt;&gt;</a>&nbsp;&nbsp;&nbsp;__0vprintf
<LI><a href="#[3d]">&gt;&gt;</a>&nbsp;&nbsp;&nbsp;__0printf
</UL>

<P><STRONG><a name="[43]"></a>_printf_post_padding</STRONG> (Thumb, 36 bytes, Stack size 24 bytes, printfa.o(i._printf_post_padding), UNUSED)
<BR><BR>[Called By]<UL><LI><a href="#[3e]">&gt;&gt;</a>&nbsp;&nbsp;&nbsp;_printf_core
</UL>

<P><STRONG><a name="[42]"></a>_printf_pre_padding</STRONG> (Thumb, 46 bytes, Stack size 24 bytes, printfa.o(i._printf_pre_padding), UNUSED)
<BR><BR>[Called By]<UL><LI><a href="#[3e]">&gt;&gt;</a>&nbsp;&nbsp;&nbsp;_printf_core
</UL>
<P>
<H3>
Undefined Global Symbols
</H3><HR></body></html>
